06-17 20:14:50.306 29357 29357 D PhotopickerFeatureManager: Beginning feature initialization with config: PhotopickerConfiguration(runtimeEnv=ACTIVITY, action=android.intent.action.GET_CONTENT, callingPackage=null, callingPackageUid=null, callingPackageLabel=null, callingPackageMediaCapabilities=null, accentColor=null, mimeTypes=[image/*, video/*], pickImagesInOrder=false, selectionLimit=100, startDestination=DEFAULT, preSelectedUris=null, highlightQueryResultsParams=HighlightQueryResultsParams(queryResultsHighlightType=UNSET_HIGHLIGHT_TYPE, queryResultsHighlightQuery=Search(searchQuery=)), embeddedPickerLaunchedInExpandedState=false, locationMetadataAccessRequested=false, selectionParams=null, uiCustomizationParams=null, deviceIsDebuggable=false, flags=PhotopickerFlags(CLOUD_ALLOWED_PROVIDERS=[com.google.android.apps.photos], CLOUD_ENFORCE_PROVIDER_ALLOWLIST=true, CLOUD_MEDIA_ENABLED=true, PRIVATE_SPACE_ENABLED=true, MANAGED_SELECTION_ENABLED=true, PICKER_SEARCH_ENABLED=true, PICKER_DATESCRUBBER_ENABLED=true, PICKER_LOCATION_METADATA_ENABLED=false, PICKER_TRANSCODING_ENABLED=true, PICKER_HIGHLIGHT_MEDIA_FEATURE_ENABLED=true, OWNED_PHOTOS_ENABLED=true, PICKER_THUMBNAIL_PRELOAD_ENABLED=false, POLAROID_ENABLED=false, MODERN_CLOUD_SETTINGS_ENABLED=false, PICKER_DELETE_HISTORY_SUGGESTION=true, PHOTOPICKER_DESKTOP_ENABLED=false, PICKER_OFFLINE_BANNERS_ENABLED=false, PICKER_BANNER_REDESIGN_ENABLED=false, CMP_IMPROVEMENTS_ENABLED=true, PICKER_UI_CUSTOMIZATION_ENABLED=true, PICKER_SELECTION_PARAMS_ENABLED=true), sessionId=932394, intent=Intent { act=android.intent.action.GET_CONTENT cat=[android.intent.category.OPENABLE] typ=*/* flg=0x3800000 cmp=com.google.android.documentsui/com.android.documentsui.picker.PickActivity (has extras) })
06-17 20:14:50.307 29357 29357 D PhotopickerFeatureManager: Feature initialization complete. Features: [PHOTO_GRID, SELECTION_BAR, NAVIGATION_BAR, PREVIEW, PROFILE_SELECTOR, SNACK_BAR, CLOUD_MEDIA, OVERFLOW_MENU, PRIVACY_EXPLAINER, BROWSE, SEARCH, MEDIA_PREPARE, CATEGORY_GRID, HIGHLIGHT_MEDIA_RESULTS, DATE_SCRUBBER]
06-17 20:14:50.307 29357 29357 D PhotopickerEvents: Events requested but not yet initialized. Initializing Events.
06-17 20:14:50.310 29357 29357 E FileUtils: err write to mi_exception_log
06-17 20:14:50.312  3519  3519 D RecentsImpl: mActivityStateObserver com.android.photopicker.MainActivity
06-17 20:14:50.312  3519  3519 W RecentsImpl: onResumed className=com.android.photopicker.MainActivity   forceUpdate=false   mIsInAnotherPro=false   isKeyguardLocked=false   mIsStatusBarExpansion=false
06-17 20:14:50.312  2516  3887 D PerfStubImpl: perfWarmLaunchBoost: com.google.android.documentsui, -1, 1
06-17 20:14:50.313  2516  3887 D WindowManager: Collecting in transition 581: ActivityRecord{514142f u0 com.google.android.photopicker/com.android.photopicker.PhotopickerGetContentActivity t1189 f}} init visibleRequested:true
06-17 20:14:50.313  2516  3887 I ActivityTaskManager: The Process com.google.android.documentsui Already Exists in BG. So sending its PID: 29397
06-17 20:14:50.314  2516  3887 D WindowManager: Collecting in transition 581: ActivityRecord{cb08ed u0 com.google.android.documentsui/com.android.documentsui.picker.PickActivity t1189} init visibleRequested:false
06-17 20:14:50.315  2516  3887 E WindowManager: setClientVisible ActivityRecord{cb08ed u0 com.google.android.documentsui/com.android.documentsui.picker.PickActivity t1189} true
06-17 20:14:50.315  2516  3887 D WindowManager: Collecting in transition 581: ActivityRecord{c1afd88 u0 com.rj.telegramdrive/.MainActivity t1189} init visibleRequested:true
06-17 20:14:50.315 29397 29421 I ActivityThread: Miui Feature Init done
06-17 20:14:50.316  2516  3887 D WindowManager: Collecting in transition 581: ActivityRecord{cb08ed u0 com.google.android.documentsui/com.android.documentsui.picker.PickActivity t1189} init visibleRequested:true
06-17 20:14:50.316  2516  3887 E WindowManager: setClientVisible ActivityRecord{cb08ed u0 com.google.android.documentsui/com.android.documentsui.picker.PickActivity t1189} true
06-17 20:14:50.317 29397 29397 D FlagUtils: override flag com.android.documentsui.flags.use_material3 to false
06-17 20:14:50.317  2516  3887 I ATMSImpl: cacheTasksForDefaultDisplay size=5 topId=1189
06-17 20:14:50.318  2516  2731 W AutofillManagerServiceImpl: getFillEventHistory() called by UID 10131, but service UID is 10146
06-17 20:14:50.318  3499  3622 D MiuiFreeformModeCornerTipHandler: task#1189 onTaskVanished
06-17 20:14:50.318  3499  3622 I MiuiBubbleController: removeBubble: 1189 reason=2
06-17 20:14:50.318  3499  3622 I MultiTaskingTaskRepository: onTaskInfoChanged multi list = [6, 5], full = [1189, 1175, 1176]
06-17 20:14:50.318  2516  3887 D WindowManagerService: checkFlipFullScreenChange is same, nowIsFullScreen = false
06-17 20:14:50.319  2516  3887 D WindowManager: Set transition=TransitionRecord{faa3c5 id=581 type=OPEN flags=0x0}, ready=true, SyncId=581 
06-17 20:14:50.321  2516  3887 I SmartPower: com.google.android.documentsui/10087(29397): invisible->visible(107ms) R(become visible) adj=0.
06-17 20:14:50.322  2516  3887 E WindowManager: setClientVisible ActivityRecord{cb08ed u0 com.google.android.documentsui/com.android.documentsui.picker.PickActivity t1189} true
06-17 20:14:50.322  2516  3887 I WindowManager: wms.showSurfaceRobustly mWin:Window{13bee46 u0 Splash Screen com.google.android.documentsui}
06-17 20:14:50.322  2516  3887 D WindowManager: Final targets: [ActivityRecord{cb08ed u0 com.google.android.documentsui/com.android.documentsui.picker.PickActivity t1189}, ActivityRecord{c1afd88 u0 com.rj.telegramdrive/.MainActivity t1189}]
06-17 20:14:50.325  2516  3887 D WindowManager: Calling onTransitionReady info={id=581 t=OPEN f=0x0 trk=0 r=[0@Point(0, 0)] c=[{null m=OPEN f=FILLS_TASK|IS_BEHIND_STARTING_WINDOW leash=Surface(name=ActivityRecord{cb08ed u0 com.google.android.documentsui/com.android.documentsui.picker.PickActivity t1189}#6158)/@0x49b5f6e sb=Rect(0, 0 - 0, 0) eb=Rect(0, 0 - 1080, 2460) d=-1->0 r=-1->0:-1 windowMode=0->1 bc=ff1a1b20 component=com.google.android.documentsui/com.android.documentsui.picker.PickActivity v=true},{null m=TO_BACK f=FILLS_TASK|IS_BEHIND_STARTING_WINDOW leash=Surface(name=ActivityRecord{c1afd88 u0 com.rj.telegramdrive/.MainActivity t1189}#6143)/@0xd68edd2 sb=Rect(0, 0 - 1080, 2460) eb=Rect(0, 0 - 1080, 2460) d=0 bc=ff1a1b20 component=com.rj.telegramdrive/.MainActivity v=false}] mk=[false] noAni=[false] df=[false] rsa=[false] oa=[true] nc=[0] sa=[false] ho=[false] iSync=[-1]}, mToken=Token{49007a6 TransitionRecord{faa3c5 id=581 type=OPEN flags=0x0}}
06-17 20:14:50.328 29397 29397 W UserManagerState: Package com.google.android.documentsui not found for user UserHandle{999}
06-17 20:14:50.328 29397 29397 W UserManagerState: Package com.google.android.documentsui is not installed for user UserHandle{999}
06-17 20:14:50.330 12894 12905 I GST     : forePkg: com.google.android.documentsui, preForePkg: com.google.android.photopicker
06-17 20:14:50.331  2516  3887 W UserManagerService: Requested status bar icon for non-badged user 0
06-17 20:14:50.331  3499  3622 I ShellTransitions: Is abandon offsetY: false
06-17 20:14:50.331  3499  3622 I ShellTransitions: Is abandon offsetY: false
06-17 20:14:50.332  2516  2980 D MiuiMultiWindowUtils: supportMultiWindow: isSupportDevice = -1
06-17 20:14:50.332  2516  2980 D MiuiMultiWindowUtils: supportMultiWindow: isSupportDevice = -1
06-17 20:14:50.332  2516  2980 I NetworkBoostStatusManager: onForegroundInfoChanged uid:10087, isColdStart:false
06-17 20:14:50.332  3499  3622 E KeyguardTransitionHandlerImpl: activityCount = 2
06-17 20:14:50.332  2516  2980 I SLM-SRV-SLAToast: foreground uid:10087, isColdStart:false, isLinkTurboEnable:false
06-17 20:14:50.332  2516  2980 D NetworkSDKService: handleMultiAppsDualWifi isSet = false isEverOpened = false
06-17 20:14:50.332  3499  3622 E KeyguardTransitionHandlerImpl: activityCount = 2
06-17 20:14:50.332 12894 12905 D VENUS_GAMEAI_START_GameAiStartManager: 高能时刻未安装
06-17 20:14:50.332  3499  3622 D MiuiFreeformModeAnimation: startAnimation change: {null m=OPEN f=FILLS_TASK|IS_BEHIND_STARTING_WINDOW leash=Surface(name=ActivityRecord{cb08ed u0 com.google.android.documentsui/com.android.documentsui.picker.PickActivity t1189}#6158)/@0xdcd00f9 sb=Rect(0, 0 - 0, 0) eb=Rect(0, 0 - 1080, 2460) d=-1->0 r=-1->0:-1 windowMode=0->1 bc=ff1a1b20 component=com.google.android.documentsui/com.android.documentsui.picker.PickActivity v=true} info.getType(): 1
06-17 20:14:50.332  2516  2980 D CameraBlackCoveredManager: mForegroundPackage = com.google.android.documentsui mOccupiedPackage = com.android.camera
06-17 20:14:50.332  3499  3622 D MiuiFreeformModeAnimation: startAnimation change: {null m=TO_BACK f=FILLS_TASK|IS_BEHIND_STARTING_WINDOW leash=Surface(name=ActivityRecord{c1afd88 u0 com.rj.telegramdrive/.MainActivity t1189}#6143)/@0x2b783e sb=Rect(0, 0 - 1080, 2460) eb=Rect(0, 0 - 1080, 2460) d=0 bc=ff1a1b20 component=com.rj.telegramdrive/.MainActivity v=false} info.getType(): 1
06-17 20:14:50.333  3499  3622 D SoScStageCoordinator: inCloseTransition:false pairsStartedWithCloseTransition:false isRequestCloseTriggerTask:false inSingleSoScState:false inSoScUnactivie:true closeStage:null mDeferUpdateSoScStateCount:0
06-17 20:14:50.333  6985 11648 I ProcessMonitor: onForegroundInfoChanged: ForegroundInfo{mForegroundPackageName='com.google.android.documentsui', mForegroundUid=10087, mForegroundPid=29397, mLastForegroundPackageName='com.google.android.photopicker', mLastForegroundUid=10017, mLastForegroundPid=29357, mMultiWindowForegroundPackageName='com.google.android.documentsui', mMultiWindowForegroundUid=10087, mFlags=0}
06-17 20:14:50.333  6985 11648 I VideoBoxUtils: isSupportVideoBox: true
06-17 20:14:50.333  6985 11648 I VideoToolBoxService: vtb is closed!!!
06-17 20:14:50.333  3499  3622 D TransitionAnimationHelper:  load default animation  type = 1 enter = false animAttr = 5 isTask = false translucent = false
06-17 20:14:50.333  7850  7870 D PerfEngineController: ForegroundInfo{mForegroundPackageName='com.google.android.documentsui', mForegroundUid=10087, mForegroundPid=29397, mLastForegroundPackageName='com.google.android.photopicker', mLastForegroundUid=10017, mLastForegroundPid=29357, mMultiWindowForegroundPackageName='com.google.android.documentsui', mMultiWindowForegroundUid=10087, mFlags=0}
06-17 20:14:50.333  6985 11648 D x1      : myUserId = 0	currentUserId0
06-17 20:14:50.334  7850  9483 D DFS-AppUsageTracker: Fg changed, new=com.google.android.documentsui, but charging.
06-17 20:14:50.334  1459 15537 D AudioFlingerImpl: setGameParameters keyvalue: bluetoothlowlatencystatus=false;foregroundUid=10087
06-17 20:14:50.335  1274  7782 D AHAL: AudioDeviceCustom: SetParameters bluetoothlowlatencystatus=false;foregroundUid=10087
06-17 20:14:50.335  1274  7782 D AHAL: AudioDevice: SetParameters: 1374: enter: bluetoothlowlatencystatus=false;foregroundUid=10087
06-17 20:14:50.335  1274  7782 D AHAL: AudioVoice: VoiceSetParameters: 86: Enter params: bluetoothlowlatencystatus=false;foregroundUid=10087
06-17 20:14:50.335  1274  7782 D AHAL: AudioVoice: VoiceSetParameters: 307: Exit ret: 0
06-17 20:14:50.335  1274  7782 D AHAL: FM: fm_set_parameters: 262: Enter
06-17 20:14:50.335  1274  7782 D AHAL: FM: fm_set_parameters: 320: exit
06-17 20:14:50.335  1274  7782 D AHAL: Loopback_karaoke: karaoke_set_parameters: Enter
06-17 20:14:50.335  1274  7782 D AHAL: Loopback_karaoke: karaoke_set_parameters: Exit
06-17 20:14:50.335  1274  7782 D AHAL: AudioDevice: SetParameters: 1975: exit: bluetoothlowlatencystatus=false;foregroundUid=10087
06-17 20:14:50.335  3499  3622 D TransitionAnimationHelper:  load default animation  type = 1 enter = true animAttr = 4 isTask = false translucent = false
06-17 20:14:50.338  3499  3664 D ShellTransitions: speed ui!!!!!!!!!!!
06-17 20:14:50.349  2516  2858 I MiuiNetworkPolicy: updateUidState uid = 10017, uidState = 19
06-17 20:14:50.357 29397 29430 W ThemeOverlayManager: Skip enabled overlay package:com.google.android.overlay.modules.documentsui, user:UserHandle{0}
06-17 20:14:50.360  2516  2588 I ATMSImpl: cacheTasksForDefaultDisplay size=5 topId=1189
06-17 20:14:50.372  2516  3887 W MiuiBoosterUtils: enable_miuibooster_launch : false
06-17 20:14:50.374 29397 29397 E FileUtils: err open mi_exception_log errno=2
06-17 20:14:50.374 29397 29397 E FileUtils: err write to mi_exception_log
06-17 20:14:50.379 29397 29421 I ActivityThread: HardwareRenderer preload  done
06-17 20:14:50.382 29397 29397 D AppCompatDelegate: Checking for metadata for AppLocalesMetadataHolderService : Service not found
06-17 20:14:50.383  1366  1735 W SDM     : DisplayBase::SetHWDetailedEnhancerConfig: SetDetailEnhancerConfig failed. err = 10
06-17 20:14:50.390  3519  9152 D TaskStackChangeListeners: onTaskDescriptionChanged =  taskId = 1189
06-17 20:14:50.393 29397 29445 W libc    : Access denied finding property "vendor.migl.debug"
06-17 20:14:50.393 29397 29445 D libMiGL : SuperResolution SR initSR mBaseSRWidthSize: 0, mBaseSRHeightSize: 0, mTargetSRWidthSize: 0, mTargetSRHeightSize: 0
06-17 20:14:50.393 29397 29445 I libMiGL : EnableDR: 0
06-17 20:14:50.393 29397 29445 D libMiGL : mDFIInterval: -1
06-17 20:14:50.393  1366  1735 W SDM     : DisplayBase::SetHWDetailedEnhancerConfig: SetDetailEnhancerConfig failed. err = 10
06-17 20:14:50.395 29397 29445 I AdrenoGLES-0: QUALCOMM build                   : a63fb93269, I16b8254a37
06-17 20:14:50.395 29397 29445 I AdrenoGLES-0: Build Date                       : 08/27/24
06-17 20:14:50.395 29397 29445 I AdrenoGLES-0: OpenGL ES Shader Compiler Version: EV031.36.08.30
06-17 20:14:50.395 29397 29445 I AdrenoGLES-0: Local Branch                     : 
06-17 20:14:50.395 29397 29445 I AdrenoGLES-0: Remote Branch                    : refs/tags/AU_LINUX_ANDROID_LA.VENDOR.1.0.11.00.00.770.073
06-17 20:14:50.395 29397 29445 I AdrenoGLES-0: Remote Branch                    : NONE
06-17 20:14:50.395 29397 29445 I AdrenoGLES-0: Reconstruct Branch               : NOTHING
06-17 20:14:50.395 29397 29445 I AdrenoGLES-0: Build Config                     : S P 12.1.1 AArch64
06-17 20:14:50.395 29397 29445 I AdrenoGLES-0: Driver Path                      : /vendor/lib64/egl/libGLESv2_adreno.so
06-17 20:14:50.395 29397 29445 I AdrenoGLES-0: Driver Version                   : 0615.91
06-17 20:14:50.401  1366  1735 W SDM     : DisplayBase::SetHWDetailedEnhancerConfig: SetDetailEnhancerConfig failed. err = 10
06-17 20:14:50.406 29397 29445 I AdrenoGLES-0: PFP: 0x016ee206, ME: 0x00000000
06-17 20:14:50.408 29397 29397 W libc    : Access denied finding property "ro.vendor.df.effect.conflict"
06-17 20:14:50.405 29397 29397 W oid.documentsui: type=1400 audit(0.0:37853): avc:  denied  { read } for  name="u:object_r:vendor_displayfeature_prop:s0" dev="tmpfs" ino=452 scontext=u:r:priv_app:s0:c512,c768 tcontext=u:object_r:vendor_displayfeature_prop:s0 tclass=file permissive=0 app=com.google.android.documentsui
06-17 20:14:50.413  1366  1735 W SDM     : DisplayBase::SetHWDetailedEnhancerConfig: SetDetailEnhancerConfig failed. err = 10
06-17 20:14:50.414 29397 29397 D ScrollerOptimizationManager: registerConfigChangedListener
06-17 20:14:50.415 29397 29397 W libc    : Access denied finding property "ro.vendor.mi_sf.new_dynamic_refresh_rate"
06-17 20:14:50.415 29397 29397 D SplineOverScroller: dynamic params is false
06-17 20:14:50.415 29397 29397 D ScrollerOptimizationManager: registerConfigChangedListener
06-17 20:14:50.421 29397 29397 D ScrollerOptimizationManager: registerConfigChangedListener
06-17 20:14:50.422  3519  9152 D EventBus: No subscribers registered for event class com.miui.home.recents.messages.RecentTasksChangedEvent
06-17 20:14:50.422  3519  9152 D EventBus: No subscribers registered for event class org.greenrobot.eventbus.NoSubscriberEvent
06-17 20:14:50.417  1749  1749 W binder:1749_2: type=1400 audit(0.0:37854): avc:  denied  { getsched } for  scontext=u:r:miuibooster:s0 tcontext=u:r:kernel:s0 tclass=process permissive=0
06-17 20:14:50.422 29397 29397 D ScrollerOptimizationManager: registerConfigChangedListener
06-17 20:14:50.422  1749  1854 E MiuiBooster: "Unkwnow sched policy:-1073741825!!!"
06-17 20:14:50.424 29397 29397 D ScrollerOptimizationManager: registerConfigChangedListener
06-17 20:14:50.424  1366  1735 W SDM     : DisplayBase::SetHWDetailedEnhancerConfig: SetDetailEnhancerConfig failed. err = 10
06-17 20:14:50.425 29397 29397 D ScrollerOptimizationManager: registerConfigChangedListener
06-17 20:14:50.425  3519  5345 I MiBridge: requestThreadLevelPro ret: 450639
06-17 20:14:50.425  3519  5345 D Launcher.Boost: setDynamicVIPTaskIfNeeded::tid = 82 duration = 500
06-17 20:14:50.425  3519  5345 D ReflectUtils: callObjectMethod
06-17 20:14:50.425  3519  5345 D ReflectUtils: java.lang.NullPointerException: Attempt to invoke virtual method 'java.lang.Class java.lang.Object.getClass()' on a null object reference
06-17 20:14:50.425  3519  5345 D ReflectUtils: 	at com.miui.launcher.utils.ReflectUtils.callObjectMethod(ReflectUtils.java:34)
06-17 20:14:50.425  3519  5345 D ReflectUtils: 	at com.miui.launcher.utils.BoostHelper.setDynamicVIPTaskIfNeeded(BoostHelper.java:175)
06-17 20:14:50.425  3519  5345 D ReflectUtils: 	at com.android.systemui.shared.recents.model.manager.RecentTasksList.boostTaskStackChangedThread(RecentTasksList.kt:479)
06-17 20:14:50.425  3519  5345 D ReflectUtils: 	at com.android.systemui.shared.recents.model.manager.RecentTasksList.reloadTaskList(RecentTasksList.kt:125)
06-17 20:14:50.425  3519  5345 D ReflectUtils: 	at com.android.systemui.shared.recents.model.manager.RecentTasksList.access$reloadTaskList(RecentTasksList.kt:24)
06-17 20:14:50.425  3519  5345 D ReflectUtils: 	at com.android.systemui.shared.recents.model.manager.RecentTasksList$mWorkHandler$2.invoke$lambda-1(RecentTasksList.kt:41)
06-17 20:14:50.425  3519  5345 D ReflectUtils: 	at com.android.systemui.shared.recents.model.manager.RecentTasksList$mWorkHandler$2.$r8$lambda$cvhU6AgW7LnS2era6jcnIRV6dIk(RecentTasksList.kt:0)
06-17 20:14:50.425  3519  5345 D ReflectUtils: 	at com.android.systemui.shared.recents.model.manager.RecentTasksList$mWorkHandler$2$$ExternalSyntheticLambda0.handleMessage(R8$$SyntheticClass:2)
06-17 20:14:50.425  3519  5345 D ReflectUtils: 	at android.os.Handler.dispatchMessage(Handler.java:103)
06-17 20:14:50.425  3519  5345 D ReflectUtils: 	at android.os.Looper.loopOnce(Looper.java:249)
06-17 20:14:50.425  3519  5345 D ReflectUtils: 	at android.os.Looper.loop(Looper.java:337)
06-17 20:14:50.425  3519  5345 D ReflectUtils: 	at android.os.HandlerThread.run(HandlerThread.java:85)
06-17 20:14:50.426  6985 11648 I SCTaskStackListener: onTaskStackChanged! inSplit = false
06-17 20:14:50.427  3519  5345 E ActivityManagerWrapper: get all recent tasks force including 1184
06-17 20:14:50.429  1264  1334 E minksocket: MinkIPC_QRTR_Service: client with node 1 port 4f6d went down
06-17 20:14:50.431  1264  1334 E minksocket: MinkIPC_QRTR_Service: client with node 1 port 4f6e went down
06-17 20:14:50.432  2516  6562 I ATMSImpl: cacheTasksForDefaultDisplay size=5 topId=1189
06-17 20:14:50.432 29397 29397 D ScrollerOptimizationManager: registerConfigChangedListener
06-17 20:14:50.433  1264  1334 E minksocket: MinkIPC_QRTR_Service: client with node 1 port 4f6f went down
06-17 20:14:50.434  3499  3499 D KeyguardEditorHelper: onTopActivityMayChanged, topActivity=ComponentInfo{com.google.android.documentsui/com.android.documentsui.picker.PickActivity}; mState=IDEL
06-17 20:14:50.434  3519  5345 E ActivityManagerWrapper: getRecentTasksForceIncludingTaskIdIfValid: getRecentTasks: size=3
06-17 20:14:50.434  3519  5345 E ActivityManagerWrapper:  mainTaskId=1189   userId=0   windowMode=1   baseIntent=Intent { act=android.intent.action.MAIN flag=270532608 cmp=ComponentInfo{com.rj.telegramdrive/com.rj.telegramdrive.MainActivity} }
06-17 20:14:50.434  3519  5345 E ActivityManagerWrapper:  mainTaskId=1175   userId=0   windowMode=1   baseIntent=Intent { act=android.intent.action.MAIN flag=270532608 cmp=ComponentInfo{com.whatsapp/com.whatsapp.Main} }
06-17 20:14:50.434  3519  5345 E ActivityManagerWrapper:  mainTaskId=1176   userId=0   windowMode=1   baseIntent=Intent { act=android.intent.action.MAIN flag=270532608 cmp=ComponentInfo{com.windscribe.vpn/com.windscribe.mobile.ui.AppStartActivity} }
06-17 20:14:50.436  1264  1334 E minksocket: MinkIPC_QRTR_Service: client with node 1 port 4f70 went down
06-17 20:14:50.437  1366  1735 W SDM     : DisplayBase::SetHWDetailedEnhancerConfig: SetDetailEnhancerConfig failed. err = 10
06-17 20:14:50.438  1459 15537 D AudioFlingerImpl: setGameParameters keyvalue: gamebooster=false
06-17 20:14:50.438  3519  5345 D RecentsTaskLoader: reloadTasksData [TaskKey{id=1189, stackId=0, baseIntent=Intent { act=android.intent.action.MAIN cat=[android.intent.category.LAUNCHER] flg=0x10200000 cmp=com.rj.telegramdrive/.MainActivity }, userId=0, lastActiveTime=88927747, windowingMode=1, isThumbnailBlur=false, isAccessLocked=false, isScreening=false, topActivity=ComponentInfo{com.google.android.documentsui/com.android.documentsui.picker.PickActivity}, mHashCode=36345051}, title=Telegram Drive, titleDescription=Telegram Drive, bounds=null, isLaunchTarget=false, isStackTask=true, isSystemApp=false, isDockable=true, baseActivity=ComponentInfo{com.rj.telegramdrive/com.rj.telegramdrive.MainActivity}, isLocked=false, mNeedHide=false, hasMultipleTasks=false, cti1Key=, cti2Key=] 
06-17 20:14:50.439  3519  5345 W IconCustomizer: Density abnormal: context density=442 systemDensity=440
06-17 20:14:50.439  3519  5345 W IconCustomizer: Density abnormal: context density=442 systemDensity=440
06-17 20:14:50.441  1274  7782 D AHAL: AudioDeviceCustom: SetParameters gamebooster=false
06-17 20:14:50.441  1274  7782 D AHAL: AudioDevice: SetParameters: 1374: enter: gamebooster=false
06-17 20:14:50.441  1274  7782 D AHAL: AudioVoice: VoiceSetParameters: 86: Enter params: gamebooster=false
06-17 20:14:50.441  1274  7782 D AHAL: AudioVoice: VoiceSetParameters: 307: Exit ret: 0
06-17 20:14:50.441  1274  7782 D AHAL: FM: fm_set_parameters: 262: Enter
06-17 20:14:50.441  1274  7782 D AHAL: FM: fm_set_parameters: 320: exit
06-17 20:14:50.441  1274  7782 D AHAL: Loopback_karaoke: karaoke_set_parameters: Enter
06-17 20:14:50.441  1274  7782 D AHAL: Loopback_karaoke: karaoke_set_parameters: Exit
06-17 20:14:50.441  1274  7782 D AHAL: AudioDevice: SetParameters: 1975: exit: gamebooster=false
06-17 20:14:50.442  3519  5345 D TaskSnapshotCompatVV: getIsInvalidateFromTaskSnapshot, return, mTaskSnapshot=null, mTaskSnapshotClazz=null
06-17 20:14:50.442  3519  5345 D RecentsTaskLoader: reloadTasksData [TaskKey{id=1175, stackId=0, baseIntent=Intent { act=android.intent.action.MAIN cat=[android.intent.category.LAUNCHER] flg=0x10200000 cmp=com.whatsapp/.Main }, userId=0, lastActiveTime=87887138, windowingMode=1, isThumbnailBlur=false, isAccessLocked=false, isScreening=false, topActivity=ComponentInfo{com.whatsapp/com.whatsapp.Conversation}, mHashCode=35927977}, title=WhatsApp, titleDescription=WhatsApp, bounds=null, isLaunchTarget=false, isStackTask=true, isSystemApp=false, isDockable=true, baseActivity=ComponentInfo{com.whatsapp/com.whatsapp.home.ui.HomeActivity}, isLocked=false, mNeedHide=false, hasMultipleTasks=false, cti1Key=, cti2Key=] 
06-17 20:14:50.442  3519  5345 D RecentsTaskLoader: reloadTasksData [TaskKey{id=1176, stackId=0, baseIntent=Intent { act=android.intent.action.MAIN cat=[android.intent.category.LAUNCHER] flg=0x10200000 cmp=com.windscribe.vpn/com.windscribe.mobile.ui.AppStartActivity }, userId=0, lastActiveTime=87882863, windowingMode=1, isThumbnailBlur=false, isAccessLocked=false, isScreening=false, topActivity=ComponentInfo{com.windscribe.vpn/com.windscribe.mobile.ui.AppStartActivity}, mHashCode=35957768}, title=Windscribe, titleDescription=Windscribe, bounds=null, isLaunchTarget=false, isStackTask=true, isSystemApp=false, isDockable=true, baseActivity=ComponentInfo{com.windscribe.vpn/com.windscribe.mobile.ui.AppStartActivity}, isLocked=false, mNeedHide=false, hasMultipleTasks=false, cti1Key=, cti2Key=] 
06-17 20:14:50.448  1366  1735 W SDM     : DisplayBase::SetHWDetailedEnhancerConfig: SetDetailEnhancerConfig failed. err = 10
06-17 20:14:50.459  1366  1735 W SDM     : DisplayBase::SetHWDetailedEnhancerConfig: SetDetailEnhancerConfig failed. err = 10
06-17 20:14:50.469  1366  1735 W SDM     : DisplayBase::SetHWDetailedEnhancerConfig: SetDetailEnhancerConfig failed. err = 10
06-17 20:14:50.481  1366  1735 W SDM     : DisplayBase::SetHWDetailedEnhancerConfig: SetDetailEnhancerConfig failed. err = 10
06-17 20:14:50.490  1366  1735 W SDM     : DisplayBase::SetHWDetailedEnhancerConfig: SetDetailEnhancerConfig failed. err = 10
06-17 20:14:50.492 29397 29397 W FlagUtils: SDK version is too low for the sync state feature
06-17 20:14:50.503  1366  1735 W SDM     : DisplayBase::SetHWDetailedEnhancerConfig: SetDetailEnhancerConfig failed. err = 10
06-17 20:14:50.514  1366  1735 W SDM     : DisplayBase::SetHWDetailedEnhancerConfig: SetDetailEnhancerConfig failed. err = 10
06-17 20:14:50.517 29397 29397 W LastAccessedStorage: Failed to resume: 
06-17 20:14:50.517 29397 29397 W LastAccessedStorage: java.io.FileNotFoundException: name
06-17 20:14:50.517 29397 29397 W LastAccessedStorage: 	at com.android.documentsui.base.DocumentInfo.asFileNotFoundException(DocumentInfo.java:588)
06-17 20:14:50.517 29397 29397 W LastAccessedStorage: 	at com.android.documentsui.base.DocumentInfo.updateFromUri(DocumentInfo.java:254)
06-17 20:14:50.517 29397 29397 W LastAccessedStorage: 	at com.android.documentsui.base.DocumentInfo.updateSelf(DocumentInfo.java:238)
06-17 20:14:50.517 29397 29397 W LastAccessedStorage: 	at com.android.documentsui.base.DocumentStack.updateDocuments(DocumentStack.java:323)
06-17 20:14:50.517 29397 29397 W LastAccessedStorage: 	at com.android.documentsui.base.DocumentStack.fromLastAccessedCursor(DocumentStack.java:338)
06-17 20:14:50.517 29397 29397 W LastAccessedStorage: 	at com.android.documentsui.picker.LastAccessedStorage$RuntimeLastAccessedStorage.getLastAccessed(LastAccessedStorage.java:66)
06-17 20:14:50.517 29397 29397 W LastAccessedStorage: 	at com.android.documentsui.picker.ActionHandler.initLoadLastAccessedStack(ActionHandler.java:294)
06-17 20:14:50.517 29397 29397 W LastAccessedStorage: 	at com.android.documentsui.picker.ActionHandler.initLocation(ActionHandler.java:172)
06-17 20:14:50.517 29397 29397 W LastAccessedStorage: 	at com.android.documentsui.picker.PickActivity.onCreate(PickActivity.java:300)
06-17 20:14:50.517 29397 29397 W LastAccessedStorage: 	at android.app.Activity.performCreate(Activity.java:9224)
06-17 20:14:50.517 29397 29397 W LastAccessedStorage: 	at android.app.Activity.performCreate(Activity.java:9173)
06-17 20:14:50.517 29397 29397 W LastAccessedStorage: 	at android.app.Instrumentation.callActivityOnCreate(Instrumentation.java:1538)
06-17 20:14:50.517 29397 29397 W LastAccessedStorage: 	at android.app.ActivityThread.performLaunchActivity(ActivityThread.java:4400)
06-17 20:14:50.517 29397 29397 W LastAccessedStorage: 	at android.app.ActivityThread.handleLaunchActivity(ActivityThread.java:4639)
06-17 20:14:50.517 29397 29397 W LastAccessedStorage: 	at android.app.servertransaction.LaunchActivityItem.execute(LaunchActivityItem.java:112)
06-17 20:14:50.517 29397 29397 W LastAccessedStorage: 	at android.app.servertransaction.TransactionExecutor.executeNonLifecycleItem(TransactionExecutor.java:186)
06-17 20:14:50.517 29397 29397 W LastAccessedStorage: 	at android.app.servertransaction.TransactionExecutor.executeTransactionItems(TransactionExecutor.java:112)
06-17 20:14:50.517 29397 29397 W LastAccessedStorage: 	at android.app.servertransaction.TransactionExecutor.execute(TransactionExecutor.java:84)
06-17 20:14:50.517 29397 29397 W LastAccessedStorage: 	at android.app.ActivityThread$H.handleMessage(ActivityThread.java:2875)
06-17 20:14:50.517 29397 29397 W LastAccessedStorage: 	at android.os.Handler.dispatchMessage(Handler.java:107)
06-17 20:14:50.517 29397 29397 W LastAccessedStorage: 	at android.os.Looper.loopOnce(Looper.java:249)
06-17 20:14:50.517 29397 29397 W LastAccessedStorage: 	at android.os.Looper.loop(Looper.java:337)
06-17 20:14:50.517 29397 29397 W LastAccessedStorage: 	at android.app.ActivityThread.main(ActivityThread.java:9608)
06-17 20:14:50.517 29397 29397 W LastAccessedStorage: 	at java.lang.reflect.Method.invoke(Native Method)
06-17 20:14:50.517 29397 29397 W LastAccessedStorage: 	at com.android.internal.os.RuntimeInit$MethodAndArgsCaller.run(RuntimeInit.java:615)
06-17 20:14:50.517 29397 29397 W LastAccessedStorage: 	at com.android.internal.os.ZygoteInit.main(ZygoteInit.java:936)
06-17 20:14:50.517 29397 29397 W LastAccessedStorage: Caused by: java.lang.NullPointerException: name
06-17 20:14:50.517 29397 29397 W LastAccessedStorage: 	at java.util.Objects.throwNullPointerException(Objects.java:508)
06-17 20:14:50.517 29397 29397 W LastAccessedStorage: 	at java.util.Objects.requireNonNull(Objects.java:250)
06-17 20:14:50.517 29397 29397 W LastAccessedStorage: 	at android.content.ContentResolver.acquireUnstableContentProviderClient(ContentResolver.java:2648)
06-17 20:14:50.517 29397 29397 W LastAccessedStorage: 	at com.android.documentsui.DocumentsApplication.acquireUnstableProviderOrThrow(DocumentsApplication.java:103)
06-17 20:14:50.517 29397 29397 W LastAccessedStorage: 	at com.android.documentsui.base.DocumentInfo.updateFromUri(DocumentInfo.java:246)
06-17 20:14:50.517 29397 29397 W LastAccessedStorage: 	... 24 more
06-17 20:14:50.518 29397 29397 E oid.documentsui: No package ID ff found for resource ID 0xffffffff.
06-17 20:14:50.525  1366  1735 W SDM     : DisplayBase::SetHWDetailedEnhancerConfig: SetDetailEnhancerConfig failed. err = 10
06-17 20:14:50.526 29397 29397 I AbsListViewStubImpl: com.google.android.documentsui, version: 17, Enable Prefetch: false
06-17 20:14:50.531 12894 12934 I HeavyPackageIdentify: splitMode: false, splitPackages: null, foregroundPkg: com.google.android.documentsui
06-17 20:14:50.536  1366  1735 W SDM     : DisplayBase::SetHWDetailedEnhancerConfig: SetDetailEnhancerConfig failed. err = 10
06-17 20:14:50.542 29397 29397 D ScrollerOptimizationManager: registerConfigChangedListener
06-17 20:14:50.547 29397 29397 W FlagUtils: SDK version is too low for the sync state feature
06-17 20:14:50.548 29397 29397 W SelectionTracker: Setting gestureTooltypes is likely to result in unexpected behavior.
06-17 20:14:50.548  1366  1735 W SDM     : DisplayBase::SetHWDetailedEnhancerConfig: SetDetailEnhancerConfig failed. err = 10
06-17 20:14:50.553 29397 29397 E oid.documentsui: No package ID ff found for resource ID 0xffffffff.
06-17 20:14:50.556  2516  6562 D AppLock_AccessControlImpl: activityResume packageName: com.google.android.documentsui userId: 0 enabled: true
06-17 20:14:50.556 29397 29450 W RefreshTask: Failed to refresh
06-17 20:14:50.556 29397 29450 W RefreshTask: java.lang.NullPointerException: name
06-17 20:14:50.556 29397 29450 W RefreshTask: 	at java.util.Objects.throwNullPointerException(Objects.java:508)
06-17 20:14:50.556 29397 29450 W RefreshTask: 	at java.util.Objects.requireNonNull(Objects.java:250)
06-17 20:14:50.556 29397 29450 W RefreshTask: 	at android.content.ContentResolver.acquireUnstableContentProviderClient(ContentResolver.java:2648)
06-17 20:14:50.556 29397 29450 W RefreshTask: 	at com.android.documentsui.DocumentsApplication.acquireUnstableProviderOrThrow(DocumentsApplication.java:103)
06-17 20:14:50.556 29397 29450 W RefreshTask: 	at com.android.documentsui.RefreshTask.run(RefreshTask.java:108)
06-17 20:14:50.556 29397 29450 W RefreshTask: 	at com.android.documentsui.RefreshTask.run(RefreshTask.java:43)
06-17 20:14:50.556 29397 29450 W RefreshTask: 	at com.android.documentsui.base.CheckedTask.doInBackground(CheckedTask.java:65)
06-17 20:14:50.556 29397 29450 W RefreshTask: 	at android.os.AsyncTask$3.call(AsyncTask.java:394)
06-17 20:14:50.556 29397 29450 W RefreshTask: 	at java.util.concurrent.FutureTask.run(FutureTask.java:328)
06-17 20:14:50.556 29397 29450 W RefreshTask: 	at com.android.documentsui.ProviderExecutor.run(ProviderExecutor.java:104)
06-17 20:14:50.556  2516  6562 D AppLock_AccessControlImpl: activityResume lockMode: 2
06-17 20:14:50.556 29397 29397 D SecurityManager: checkAccessControl flag1
06-17 20:14:50.558  2516  4243 I ClipboardServiceI: checkProviderWakePathForClipboard: com.google.android.documentsuiis not a activePermissionOwner
06-17 20:14:50.559  1366  1735 W SDM     : DisplayBase::SetHWDetailedEnhancerConfig: SetDetailEnhancerConfig failed. err = 10
06-17 20:14:50.569  2516  3617 I ClipboardServiceI: checkProviderWakePathForClipboard: com.google.android.documentsuiis not a activePermissionOwner
06-17 20:14:50.570  1366  1735 W SDM     : DisplayBase::SetHWDetailedEnhancerConfig: SetDetailEnhancerConfig failed. err = 10
06-17 20:14:50.574  2516  2957 D isUidValid: uid = 10085
06-17 20:14:50.575  2516  2858 I MiuiNetworkPolicy: updateUidState uid = 10085, uidState = 3
06-17 20:14:50.577 29397 29397 D MiuiCameraCoveredManager: java.lang.NullPointerException: Attempt to invoke virtual method 'java.lang.String android.provider.MiuiSettings$SettingsCloudData$CloudData.getString(java.lang.String, java.lang.String)' on a null object reference
06-17 20:14:50.577 29397 29397 D FramePredict: FramePredict init: true
06-17 20:14:50.580  2516  5815 I ClipboardServiceI: checkProviderWakePathForClipboard: com.google.android.documentsuiis not a activePermissionOwner
06-17 20:14:50.580  2516  5815 D CompatChangeReporter: Compat change id reported: 151861875; UID 10086; state: ENABLED
06-17 20:14:50.580  2516  5815 V GrammaticalInflectionUtils: AttributionSource: android.content.AttributionSource@7bea6c4f does not have READ_SYSTEM_GRAMMATICAL_GENDER permission.
06-17 20:14:50.581  1366  1735 W SDM     : DisplayBase::SetHWDetailedEnhancerConfig: SetDetailEnhancerConfig failed. err = 10
06-17 20:14:50.583 29397 29397 D FramePredict: init success
06-17 20:14:50.584 29397 29397 W libc    : Access denied finding property "vendor.boostfwk.frameprefetcher"
06-17 20:14:50.586 29397 29397 W HWUI    : Unknown dataspace 0
06-17 20:14:50.590  1366  1735 W SDM     : DisplayBase::SetHWDetailedEnhancerConfig: SetDetailEnhancerConfig failed. err = 10
06-17 20:14:50.602 29397 29397 E FileUtils: err write to mi_exception_log
06-17 20:14:50.604  3519  3519 D RecentsImpl: mActivityStateObserver com.android.documentsui.picker.PickActivity
06-17 20:14:50.604 29397 29397 D DocumentsApplication: OverlayManager.setEnabled() result: false
06-17 20:14:50.604  3519  3519 W RecentsImpl: onResumed className=com.android.documentsui.picker.PickActivity   forceUpdate=false   mIsInAnotherPro=false   isKeyguardLocked=false   mIsStatusBarExpansion=false
06-17 20:14:50.605  3499  3622 D MiuiFreeformModeCornerTipHandler: task#1189 onTaskVanished
06-17 20:14:50.605  1366  1735 W SDM     : DisplayBase::SetHWDetailedEnhancerConfig: SetDetailEnhancerConfig failed. err = 10
06-17 20:14:50.605  3499  3622 I MiuiBubbleController: removeBubble: 1189 reason=2
06-17 20:14:50.605  3499  3622 I MultiTaskingTaskRepository: onTaskInfoChanged multi list = [6, 5], full = [1189, 1175, 1176]
06-17 20:14:50.608 29397 29397 D DecorViewImmersiveImpl: onAttachedToWindow:com.google.android.documentsui/com.android.documentsui.picker.PickActivity
06-17 20:14:50.608  1201  1201 D Zygote  : Forked child process 29458
06-17 20:14:50.610  2516  2627 I ActivityManager: Start proc 29458:com.android.externalstorage/u0a86 for content provider {com.android.externalstorage/com.android.externalstorage.ExternalStorageProvider} caller=com.google.android.documentsui
06-17 20:14:50.614  2516  5815 D CoreBackPreview: Window{4e8ca66 u0 com.google.android.documentsui/com.android.documentsui.picker.PickActivity}: Setting back callback OnBackInvokedCallbackInfo{mCallback=android.window.IOnBackInvokedCallback$Stub$Proxy@b7cc03e, mPriority=0, mIsAnimationCallback=false}
06-17 20:14:50.616  1366  1735 W SDM     : DisplayBase::SetHWDetailedEnhancerConfig: SetDetailEnhancerConfig failed. err = 10
06-17 20:14:50.624  2516  5815 I whetstone.activity: Power Event callback listener is empty for resId=32
06-17 20:14:50.624  2516  5815 D BatteryStatsManagerStub: notifyEvent for resId=32 used 0ms
06-17 20:14:50.624  1366  1735 W SDM     : DisplayBase::SetHWDetailedEnhancerConfig: SetDetailEnhancerConfig failed. err = 10
06-17 20:14:50.627  2516  5815 D WindowManager: wms.Input focus has changed to Window{4e8ca66 u0 com.google.android.documentsui/com.android.documentsui.picker.PickActivity} display=0 updateInputWindows = true
06-17 20:14:50.627  2516  5815 I MultiSenceManagerInternalStub: getInstance
06-17 20:14:50.627 29458 29458 E Zygote  : process_name_ptr:29458 com.android.externalstorage
06-17 20:14:50.628 29458 29458 E Zygote  : SetMemoryProtected process_name_ptr:29458 com.android.externalstorage
06-17 20:14:50.629  2516  3047 I MultiSenceManagerInternalStubImpl: packageName = com.google.android.documentsui
06-17 20:14:50.629  2516  3047 W ContextImpl: Calling a method in the system process without a qualified user: android.app.ContextImpl.sendBroadcast:1260 com.android.server.wm.MultiSenceManagerInternalStubImpl.sendFocusWindowsBroadcast:148 com.android.server.wm.MultiSenceManagerInternalStubImpl$UpdateScreenStatus.run:98 android.os.Handler.handleCallback:959 android.os.Handler.dispatchMessage:100 
06-17 20:14:50.631  2516  3047 W ActivityManagerServiceImpl: Sending non-protected broadcast com.xiaomi.multisence.action.FOCUSED_CHANGE from system 2516:system/1000 pkg android. Callers=com.android.server.am.ActivityManagerService.checkBroadcastFromSystem:16409 com.android.server.am.ActivityManagerService.broadcastIntentLockedTraced:17280 com.android.server.am.ActivityManagerService.broadcastIntentLocked:16469 com.android.server.am.ActivityManagerService.broadcastIntentWithFeature:17491 android.app.ContextImpl.sendBroadcast:1264 
06-17 20:14:50.636 29397 29452 W FlagUtils: SDK version is too low for the sync state feature
06-17 20:14:50.638  1366  1735 W SDM     : DisplayBase::SetHWDetailedEnhancerConfig: SetDetailEnhancerConfig failed. err = 10
06-17 20:14:50.638 29397 29397 W libc    : Access denied finding property "vendor.display.enable_optimal_refresh_rate"
06-17 20:14:50.638 29397 29397 W libc    : Access denied finding property "vendor.gpp.create_frc_extension"
06-17 20:14:50.638 29397 29397 I oid.documentsui: 【MiuiBoosterUtils】checkUtil disable.
06-17 20:14:50.638 29397 29397 I oid.documentsui: 【MiuiBoosterUtils】package permission check disable.
06-17 20:14:50.638 29397 29397 I oid.documentsui: 【MiuiBoosterUtils】get Service disable.
06-17 20:14:50.633 29397 29397 W oid.documentsui: type=1400 audit(0.0:37855): avc:  denied  { read } for  name="u:object_r:vendor_display_prop:s0" dev="tmpfs" ino=451 scontext=u:r:priv_app:s0:c512,c768 tcontext=u:object_r:vendor_display_prop:s0 tclass=file permissive=0 app=com.google.android.documentsui
06-17 20:14:50.642  1480 22454 D MI-SF   : debug.config.media.video.dolby_vision_suports == false
06-17 20:14:50.642  1480 22454 D MI-SF   : debug.config.media.video.dolby_vision_suports == false
06-17 20:14:50.642  1480 22454 D MI-SF   : debug.config.media.video.dolby_vision_suports == false
06-17 20:14:50.642  1480 22454 D MI-SF   : debug.config.media.video.dolby_vision_suports == false
06-17 20:14:50.642  1480 22454 D MI-SF   : debug.config.media.video.dolby_vision_suports == false
06-17 20:14:50.644 29397 29459 I oid.documentsui: 【MiuiBoosterUtils】improve disable.
06-17 20:14:50.644 29397 29397 D VRI[PickActivity]: vri.reportNextDraw android.view.ViewRootImpl.performTraversals:4972 android.view.ViewRootImpl.doTraversal:3560 android.view.ViewRootImpl$TraversalRunnable.run:11601 android.view.Choreographer$CallbackRecord.run:1747 android.view.Choreographer$CallbackRecord.run:1756 
06-17 20:14:50.650 29397 29397 D VRI[PickActivity]: vri.reportNextDraw android.view.ViewRootImpl.performTraversals:4972 android.view.ViewRootImpl.doTraversal:3560 android.view.ViewRootImpl$TraversalRunnable.run:11601 android.view.Choreographer$CallbackRecord.run:1747 android.view.Choreographer$CallbackRecord.run:1756 
06-17 20:14:50.650  1366  1735 W SDM     : DisplayBase::SetHWDetailedEnhancerConfig: SetDetailEnhancerConfig failed. err = 10
06-17 20:14:50.651 29397 29397 D VRI[PickActivity]: vri.Setup new sync=wmsSync-VRI[PickActivity]#0
06-17 20:14:50.657 29397 29397 D UserSceneDetector: invoke error.
06-17 20:14:50.658  1366  1735 W SDM     : DisplayBase::SetHWDetailedEnhancerConfig: SetDetailEnhancerConfig failed. err = 10
06-17 20:14:50.660 29397 29452 W FlagUtils: SDK version is too low for the sync state feature
06-17 20:14:50.660 29458 29458 I externalstorage: Using generational CollectorTypeCMC GC.
06-17 20:14:50.672  1366  1735 W SDM     : DisplayBase::SetHWDetailedEnhancerConfig: SetDetailEnhancerConfig failed. err = 10
06-17 20:14:50.674  2516  2858 I MiuiNetworkPolicy: updateUidState uid = 10153, uidState = 15
06-17 20:14:50.677 29397 29445 D oid.documentsui: MiuiProcessManagerServiceStub setSchedFifo
06-17 20:14:50.677 29397 29445 I MiuiProcessManagerImpl: setSchedFifo pid:29397, mode:3
06-17 20:14:50.678  2516  5815 D ProcessManager: beginSchedThreads is not Enabled
06-17 20:14:50.680  1366  1735 W SDM     : DisplayBase::SetHWDetailedEnhancerConfig: SetDetailEnhancerConfig failed. err = 10
06-17 20:14:50.691 29458 29458 D nativeloader: Load libframework-connectivity-tiramisu-jni.so using APEX ns com_android_tethering for caller /apex/com.android.tethering/javalib/framework-connectivity-t.jar: ok
06-17 20:14:50.693 29397 29451 W FlagUtils: SDK version is too low for the sync state feature
06-17 20:14:50.693  1366  1735 W SDM     : DisplayBase::SetHWDetailedEnhancerConfig: SetDetailEnhancerConfig failed. err = 10
06-17 20:14:50.694  1749 12147 W BpBinder: Large or Failed outgoing transaction of 108 bytes, interface descriptor , code 1
06-17 20:14:50.689  1749  1749 W binder:1749_4: type=1400 audit(0.0:37856): avc:  denied  { call } for  scontext=u:r:miuibooster:s0 tcontext=u:r:untrusted_app:s0:c0,c259,c512,c768 tclass=binder permissive=0
06-17 20:14:50.700 29397 29445 E LB      : fail to open file: Permission denied
06-17 20:14:50.701 29397 29445 E LB      : fail to open node: No such file or directory
06-17 20:14:50.697 29397 29397 W RenderThread: type=1400 audit(0.0:37857): avc:  denied  { search } for  name="migt" dev="dm-55" ino=542 scontext=u:r:priv_app:s0:c512,c768 tcontext=u:object_r:migt_file:s0 tclass=dir permissive=0 app=com.google.android.documentsui
06-17 20:14:50.702 29397 29397 D VRI[PickActivity]: vri.reportDrawFinished
06-17 20:14:50.703 29397 29397 E FileUtils: err write to mi_exception_log
06-17 20:14:50.703  2516  5815 D WindowManager: wms.finishDrawingLocked: mDrawState=COMMIT_DRAW_PENDING Window{4e8ca66 u0 com.google.android.documentsui/com.android.documentsui.picker.PickActivity} in Surface(name=com.google.android.documentsui/com.android.documentsui.picker.PickActivity#6166)/@0x4a4ee9f
06-17 20:14:50.704  1366  1735 W SDM     : DisplayBase::SetHWDetailedEnhancerConfig: SetDetailEnhancerConfig failed. err = 10
06-17 20:14:50.705  2516  2611 I WindowManager: onFirstWindowDrawn, try to remove startingWindow. this = ActivityRecord{cb08ed u0 com.google.android.documentsui/com.android.documentsui.picker.PickActivity t1189} associatedTask = null isMainWindow = true mStartingWindow = Window{13bee46 u0 Splash Screen com.google.android.documentsui} mStartingData = SplashScreenStartingData{a4f560f waitForSyncTransactionCommit=false removeAfterTransaction= 0}
06-17 20:14:50.705  2516  2611 D PreStartingManager: Not init when use PreStartingManager!
06-17 20:14:50.707  2516  2611 I ATMSImpl: No snapshot since not start by launcher, activity=com.google.android.documentsui/com.android.documentsui.picker.PickActivity
06-17 20:14:50.708  2516  2611 I SmartPower: Miui monitor launch : com.google.android.documentsui/com.android.documentsui.picker.PickActivity  transitionTime:589  launchTime:971  launchFrom:com.google.android.photopicker  launchType:1
06-17 20:14:50.709  5537  5551 I MiuiPerfServiceClient: begin bootRecord
06-17 20:14:50.713  2516  2611 I WindowManager: wms.showSurfaceRobustly mWin:Window{4e8ca66 u0 com.google.android.documentsui/com.android.documentsui.picker.PickActivity}
06-17 20:14:50.715  1303 10901 E sensors-hal: handle_sns_std_sensor_event:69, ambient_light_event: ts=88928143173352, lux = 9, raw_data1=5, raw_data2=1
06-17 20:14:50.718  1366  1735 W SDM     : DisplayBase::SetHWDetailedEnhancerConfig: SetDetailEnhancerConfig failed. err = 10
06-17 20:14:50.722  2516  2587 I ActivityTaskManager: Displayed com.google.android.documentsui/com.android.documentsui.picker.PickActivity for user 0: +971ms
06-17 20:14:50.725  1366  1735 W SDM     : DisplayBase::SetHWDetailedEnhancerConfig: SetDetailEnhancerConfig failed. err = 10
06-17 20:14:50.726  3499  3737 W WindowOnBackDispatcher: sendCancelIfRunning: isInProgress=false callback=android.view.ViewRootImpl$$ExternalSyntheticLambda12@926ee54
06-17 20:14:50.727 29397 29397 E oid.documentsui: No package ID ff found for resource ID 0xffffffff.
06-17 20:14:50.728  2516  5815 D CoreBackPreview: Window{13bee46 u0 Splash Screen com.google.android.documentsui}: Setting back callback null
06-17 20:14:50.729  1480 22454 I BpBinder: onLastStrongRef automatically unlinking death recipients: 
06-17 20:14:50.733  2516  5815 D WindowManager: Starting window removed Window{13bee46 u0 Splash Screen com.google.android.documentsui}
06-17 20:14:50.734  1867  1928 D IPACM   : vendor/qcom/opensource/data-ipa-cfg-mgr/ipacm/src/IPACM_Routing.cpp:343 DeleteRoutingHdl() Deleting Route hdl:(0x14) with ip type: 1
06-17 20:14:50.735  1264  1334 E minksocket: MinkIPC_QRTR_Service: client with node 1 port 4f58 went down
06-17 20:14:50.736  1366  1735 W SDM     : DisplayBase::SetHWDetailedEnhancerConfig: SetDetailEnhancerConfig failed. err = 10
06-17 20:14:50.736  1264  1334 E minksocket: MinkIPC_QRTR_Service: client with node 1 port 4f5c went down
06-17 20:14:50.738  2516  5815 W InputManager-JNI: Input channel object '13bee46 Splash Screen com.google.android.documentsui (client)' was disposed without first being removed with the input manager!
06-17 20:14:50.739  1867  1928 D IPACM   : vendor/qcom/opensource/data-ipa-cfg-mgr/ipacm/src/IPACM_Routing.cpp:343 DeleteRoutingHdl() Deleting Route hdl:(0x15) with ip type: 1
06-17 20:14:50.741  1867  1928 D IPACM   : vendor/qcom/opensource/data-ipa-cfg-mgr/ipacm/src/IPACM_Routing.cpp:343 DeleteRoutingHdl() Deleting Route hdl:(0x13) with ip type: 1
06-17 20:14:50.746  1867  1928 D IPACM   : vendor/qcom/opensource/data-ipa-cfg-mgr/ipacm/src/IPACM_Routing.cpp:343 DeleteRoutingHdl() Deleting Route hdl:(0x17) with ip type: 1
06-17 20:14:50.747  1867  1928 D IPACM   : vendor/qcom/opensource/data-ipa-cfg-mgr/ipacm/src/IPACM_Routing.cpp:111 AddRoutingRule() Added routing rule 0xb40000757b89a6d0
06-17 20:14:50.750  1366  1735 W SDM     : DisplayBase::SetHWDetailedEnhancerConfig: SetDetailEnhancerConfig failed. err = 10
06-17 20:14:50.751 29458 29458 I MessageMonitor: Load libmiui_runtime
06-17 20:14:50.751 29397 29397 I HandWritingStubImpl: refreshLastKeyboardType: 1
06-17 20:14:50.751 29397 29397 I HandWritingStubImpl: getCurrentKeyboardType: 1
06-17 20:14:50.752  1867  1928 D IPACM   : vendor/qcom/opensource/data-ipa-cfg-mgr/ipacm/src/IPACM_Routing.cpp:111 AddRoutingRule() Added routing rule 0xb40000757b89a6d0
06-17 20:14:50.753  1867  1928 D IPACM   : vendor/qcom/opensource/data-ipa-cfg-mgr/ipacm/src/IPACM_Routing.cpp:111 AddRoutingRule() Added routing rule 0xb40000757b89a6d0
06-17 20:14:50.755  1867  1928 D IPACM   : vendor/qcom/opensource/data-ipa-cfg-mgr/ipacm/src/IPACM_Routing.cpp:111 AddRoutingRule() Added routing rule 0xb40000757b89a6d0
06-17 20:14:50.755  1867  1928 D IPACM   : vendor/qcom/opensource/data-ipa-cfg-mgr/ipacm/src/IPACM_Routing.cpp:343 DeleteRoutingHdl() Deleting Route hdl:(0x22) with ip type: 0
06-17 20:14:50.758  1366  1735 W SDM     : DisplayBase::SetHWDetailedEnhancerConfig: SetDetailEnhancerConfig failed. err = 10
06-17 20:14:50.759  1867  1928 D IPACM   : vendor/qcom/opensource/data-ipa-cfg-mgr/ipacm/src/IPACM_Routing.cpp:343 DeleteRoutingHdl() Deleting Route hdl:(0x21) with ip type: 0
06-17 20:14:50.760  1867  1928 D IPACM   : vendor/qcom/opensource/data-ipa-cfg-mgr/ipacm/src/IPACM_Routing.cpp:343 DeleteRoutingHdl() Deleting Route hdl:(0x23) with ip type: 0
06-17 20:14:50.763  1867  1928 D IPACM   : vendor/qcom/opensource/data-ipa-cfg-mgr/ipacm/src/IPACM_Routing.cpp:111 AddRoutingRule() Added routing rule 0xb40000757b89a6d0
06-17 20:14:50.763  1867  1928 D IPACM   : vendor/qcom/opensource/data-ipa-cfg-mgr/ipacm/src/IPACM_Routing.cpp:111 AddRoutingRule() Added routing rule 0xb40000757b89a6d0
06-17 20:14:50.764  1867  1928 D IPACM   : vendor/qcom/opensource/data-ipa-cfg-mgr/ipacm/src/IPACM_Routing.cpp:111 AddRoutingRule() Added routing rule 0xb40000757b89a6d0
06-17 20:14:50.764  1867  1928 D IPACM   : vendor/qcom/opensource/data-ipa-cfg-mgr/ipacm/src/IPACM_Routing.cpp:343 DeleteRoutingHdl() Deleting Route hdl:(0x19) with ip type: 1
06-17 20:14:50.766  1867  1928 D IPACM   : vendor/qcom/opensource/data-ipa-cfg-mgr/ipacm/src/IPACM_Routing.cpp:343 DeleteRoutingHdl() Deleting Route hdl:(0x1a) with ip type: 1
06-17 20:14:50.767  1867  1928 D IPACM   : vendor/qcom/opensource/data-ipa-cfg-mgr/ipacm/src/IPACM_Routing.cpp:343 DeleteRoutingHdl() Deleting Route hdl:(0x18) with ip type: 1
06-17 20:14:50.769  1867  1928 D IPACM   : vendor/qcom/opensource/data-ipa-cfg-mgr/ipacm/src/IPACM_Routing.cpp:343 DeleteRoutingHdl() Deleting Route hdl:(0x1b) with ip type: 1
06-17 20:14:50.769  1366  1735 W SDM     : DisplayBase::SetHWDetailedEnhancerConfig: SetDetailEnhancerConfig failed. err = 10
