06-17 20:14:52.140  1366  1735 W SDM     : DisplayBase::SetHWDetailedEnhancerConfig: SetDetailEnhancerConfig failed. err = 10
06-17 20:14:52.173  1366  1735 W SDM     : DisplayBase::SetHWDetailedEnhancerConfig: SetDetailEnhancerConfig failed. err = 10
06-17 20:14:52.556  2516  3353 I NetworkBoostStatusManager: handle: 107
06-17 20:14:52.562  3482  4170 E PhoneAdapter: get ntnphones failed, exception: java.lang.IllegalStateException: Default phones haven't been made yet!
06-17 20:14:52.570  2516  3353 D SLM-SRV-SLAService: isModemSingnalStrengthStatus = 0
06-17 20:14:52.644  1264  1334 E minksocket: MinkIPC_QRTR_Service: client with node 1 port 4f7d went down
06-17 20:14:52.646  1264  1334 E minksocket: MinkIPC_QRTR_Service: client with node 1 port 4f7e went down
06-17 20:14:52.651  1264  1334 E minksocket: MinkIPC_QRTR_Service: client with node 1 port 4f7f went down
06-17 20:14:52.655  1264  1334 E minksocket: MinkIPC_QRTR_Service: client with node 1 port 4f80 went down
06-17 20:14:52.771  1303 10901 E sensors-hal: handle_sns_std_sensor_event:69, ambient_light_event: ts=88930199476372, lux = 9, raw_data1=5, raw_data2=1
06-17 20:14:52.821  2516  3026 I SmartPower: com.teslacoilsw.launcher/10733(5902): background->idle(3002ms) R(become invisible) adj=600.
06-17 20:14:52.967  2516  2806 I MIUIInput: [MotionEvent] notifyMotion - eventTime=45851251947000, deviceId=3, source=0x1002, policyFlags=0x0, action=0x0, flags=0x0, downTime=45851251947000
06-17 20:14:52.969  2516  2805 I MIUIInput: [MotionEvent] publisher action=0x0, deviceId=3, 45851251, channel '4e8ca66 com.google.android.documentsui/com.android.documentsui.picker.PickActivity (server)'
06-17 20:14:52.969  2516  2805 I MIUIInput: [MotionEvent] publisher action=0x0, deviceId=3, 45851251, channel '[Gesture Monitor] miui-gesture (server)'
06-17 20:14:52.971  2516  2991 E RTMode  : pkgName: com.google.android.documentsui has no permission
06-17 20:14:52.971 29397 29397 I MIUIInput: [MotionEvent] ViewRootImpl windowName 'com.google.android.documentsui/com.android.documentsui.picker.PickActivity', { action=ACTION_DOWN, id[0]=0, pointerCount=1, eventTime=45851251, downTime=45851251, phoneEventTime=20:14:52.966 } moveCount:0
06-17 20:14:52.996  2516  3887 D PerfShielderService: com.google.android.documentsui|com.google.android.documentsui/com.android.documentsui.picker.PickActivity|146|45849807128393|146|4|1
06-17 20:14:52.997  5537 21922 W MiuiPerfServiceClient: interceptAndQueuing:29397|com.google.android.documentsui|146|146|45849807128393|Slow bitmap uploads|1
06-17 20:14:52.999  1366  4097 W SDM     : DisplayBase::SetHWDetailedEnhancerConfig: SetDetailEnhancerConfig failed. err = 10
06-17 20:14:53.015  2516  2806 I MIUIInput: [MotionEvent] notifyMotion - eventTime=45851300321000, deviceId=3, source=0x1002, policyFlags=0x0, action=0x1, flags=0x0, downTime=45851251947000
06-17 20:14:53.016  2516  2805 I MIUIInput: [MotionEvent] publisher action=0x1, deviceId=3, 45851300, channel '4e8ca66 com.google.android.documentsui/com.android.documentsui.picker.PickActivity (server)'
06-17 20:14:53.017  2516  2805 I MIUIInput: [MotionEvent] publisher action=0x1, deviceId=3, 45851300, channel '[Gesture Monitor] miui-gesture (server)'
06-17 20:14:53.018 29397 29397 I MIUIInput: [MotionEvent] ViewRootImpl windowName 'com.google.android.documentsui/com.android.documentsui.picker.PickActivity', { action=ACTION_UP, id[0]=0, pointerCount=1, eventTime=45851300, downTime=45851251, phoneEventTime=20:14:53.015 } moveCount:0
06-17 20:14:53.020 29397 29397 W FlagUtils: SDK version is too low for the sync state feature
06-17 20:14:53.020 29397 29397 W FlagUtils: SDK version is too low for the sync state feature
06-17 20:14:53.023 29397 29455 W FlagUtils: SDK version is too low for the sync state feature
06-17 20:14:53.029  2516  3887 I ClipboardServiceI: checkProviderWakePathForClipboard: com.google.android.documentsuiis not a activePermissionOwner
06-17 20:14:53.051  2516  4243 D MiuiSoScManager: supportSoScMinimizedMode:true
06-17 20:14:53.051  2516  4243 D MiuiSoScManager: taskInSoScFullMode:false
06-17 20:14:53.051  2516  4243 D MiuiFreeFormGestureController: deliverResultForFinishActivity resultTo: ActivityRecord{c1afd88 u0 com.rj.telegramdrive/.MainActivity t1189} resultFrom: ActivityRecord{cb08ed u0 com.google.android.documentsui/com.android.documentsui.picker.PickActivity t1189 f}} isInVideoOrGameScene: false intent: Intent { act=android.intent.action.GET_CONTENT cat=[android.intent.category.OPENABLE] typ=*/* flg=0x3800000 cmp=com.google.android.documentsui/com.android.documentsui.picker.PickActivity (has extras) }
06-17 20:14:53.054  2516  4243 I TransitionController: requestStartTransition, transition: TransitionRecord{db9d25f id=582 type=CLOSE flags=0x0}, call stack: com.android.server.wm.TransitionController.requestCloseTransitionIfNeeded:1016 com.android.server.wm.ActivityRecord.finishIfPossible:4701 com.android.server.wm.ActivityClientController.finishActivity:643 android.app.IActivityClientController$Stub.onTransact:823 com.android.server.wm.ActivityClientController.onTransact:187 android.os.Binder.execTransactInternal:1507 android.os.Binder.execTransact:1451 <bottom of call stack> <bottom of call stack> <bottom of call stack> 
06-17 20:14:53.055  2516  4243 D WindowManager: Collecting in transition 582: ActivityRecord{cb08ed u0 com.google.android.documentsui/com.android.documentsui.picker.PickActivity t1189 f}} init visibleRequested:true
06-17 20:14:53.055  2516  4243 D WindowManager: Collecting in transition 582: ActivityRecord{cb08ed u0 com.google.android.documentsui/com.android.documentsui.picker.PickActivity t1189 f}} init visibleRequested:true
06-17 20:14:53.056  2516  4243 D ActivityTrigger: ActivityTrigger activityPauseTrigger 
06-17 20:14:53.057  3499  3622 I SoScStageCoordinator: Transition requested:TransitionRequestInfo { type = CLOSE, triggerTask = null, pipTask = null, remoteTransition = null, displayChange = null, flags = 0, debugId = 582 } isSoScActive:false triggerTask:null
06-17 20:14:53.060  2516  5815 D WindowManager: Set transition=TransitionRecord{db9d25f id=582 type=CLOSE flags=0x0}, ready=false, SyncId=582 used=true, override=false, defer=0, states=Display{#0 state=ON size=1080x2460 ROTATION_0}:false
06-17 20:14:53.060 29397 29397 E BinderMonitor: err open binder_delay errno=2
06-17 20:14:53.061 29397 29397 E FileUtils: err write to mi_exception_log
06-17 20:14:53.062  2516  2611 D WindowManager: wms.Focus not requested for window=Window{4e8ca66 u0 com.google.android.documentsui/com.android.documentsui.picker.PickActivity} because it has no surface or is not focusable.
06-17 20:14:53.064  1480  1480 I BpBinder: onLastStrongRef automatically unlinking death recipients: 
06-17 20:14:53.066  1366  4097 W SDM     : DisplayBase::SetHWDetailedEnhancerConfig: SetDetailEnhancerConfig failed. err = 10
06-17 20:14:53.067  2516  4243 D PerfStubImpl: perfWarmLaunchBoost: com.rj.telegramdrive, -1, 1
06-17 20:14:53.069  2516  4243 D WindowManager: Collecting in transition 582: ActivityRecord{c1afd88 u0 com.rj.telegramdrive/.MainActivity t1189} init visibleRequested:false
06-17 20:14:53.069  2516  4243 E WindowManager: setClientVisible ActivityRecord{c1afd88 u0 com.rj.telegramdrive/.MainActivity t1189} true
06-17 20:14:53.071  2516  4243 D WindowManagerService: checkFlipFullScreenChange is same, nowIsFullScreen = false
06-17 20:14:53.071 29189 29189 I ForceDarkHelperStubImpl: setViewRootImplForceDark: false for com.rj.telegramdrive.MainActivity@ab7f1bc, reason: AppDarkModeEnable
06-17 20:14:53.072  2516  4243 D WindowManager: wms.Input focus has changed to null display=0 updateInputWindows = true
06-17 20:14:53.073  2516  4243 I MultiSenceManagerInternalStub: getInstance
06-17 20:14:53.076  3499  3622 D MiuiFreeformModeCornerTipHandler: task#1189 onTaskVanished
06-17 20:14:53.076  3499  3622 I MiuiBubbleController: removeBubble: 1189 reason=2
06-17 20:14:53.077  3499  3622 I MultiTaskingTaskRepository: onTaskInfoChanged multi list = [6, 5], full = [1189, 1175, 1176]
06-17 20:14:53.077  2516  4243 I SmartPower: com.rj.telegramdrive/10768(29189): background->invisible(2139ms) R(become foreground) adj=0.
06-17 20:14:53.080  2516  4243 I ATMSImpl: cacheTasksForDefaultDisplay size=5 topId=1189
06-17 20:14:53.081  2516  4243 D WindowManager: Set transition=TransitionRecord{db9d25f id=582 type=CLOSE flags=0x0}, ready=true, SyncId=582 
06-17 20:14:53.084  3400  3514 I DynamicDDSService: handleMessage(ACTIVITY_INVOKE{appInfo=com.rj.telegramdrive isFullScreen=}true)
06-17 20:14:53.084  2516  5815 W AutofillManagerServiceImpl: getFillEventHistory() called by UID 10131, but service UID is 10146
06-17 20:14:53.085  2516  4243 I BLASTSyncEngine: SyncGroup 582:  Unfinished container:ActivityRecord{c1afd88 u0 com.rj.telegramdrive/.MainActivity t1189}
06-17 20:14:53.085  2516  4243 I BLASTSyncEngine: isActivitySyncFinished isSyncFinished false ActivityRecord{c1afd88 u0 com.rj.telegramdrive/.MainActivity t1189}
06-17 20:14:53.087 29397 29397 E FileUtils: err write to mi_exception_log
06-17 20:14:53.088 29189 29352 D AppScoutStateMachine: 29189-ScoutStateMachinecreated
06-17 20:14:53.088  2516  2980 D MiuiMultiWindowUtils: supportMultiWindow: isSupportDevice = -1
06-17 20:14:53.088  2516  2980 D MiuiMultiWindowUtils: supportMultiWindow: isSupportDevice = -1
06-17 20:14:53.089  2516  2980 I NetworkBoostStatusManager: onForegroundInfoChanged uid:10768, isColdStart:false
06-17 20:14:53.089  2516  2980 I SLM-SRV-SLAToast: foreground uid:10768, isColdStart:false, isLinkTurboEnable:false
06-17 20:14:53.089  2516  2980 D NetworkSDKService: handleMultiAppsDualWifi isSet = false isEverOpened = false
06-17 20:14:53.089  2516  2980 D CameraBlackCoveredManager: mForegroundPackage = com.rj.telegramdrive mOccupiedPackage = com.android.camera
06-17 20:14:53.089  6985 11648 I ProcessMonitor: onForegroundInfoChanged: ForegroundInfo{mForegroundPackageName='com.rj.telegramdrive', mForegroundUid=10768, mForegroundPid=29189, mLastForegroundPackageName='com.google.android.documentsui', mLastForegroundUid=10087, mLastForegroundPid=29397, mMultiWindowForegroundPackageName='com.rj.telegramdrive', mMultiWindowForegroundUid=10768, mFlags=0}
06-17 20:14:53.089 12894 12905 I GST     : forePkg: com.rj.telegramdrive, preForePkg: com.google.android.documentsui
06-17 20:14:53.089  1459  2730 D AudioFlingerImpl: setGameParameters keyvalue: bluetoothlowlatencystatus=false;foregroundUid=10768
06-17 20:14:53.090  6985 11648 I VideoBoxUtils: isSupportVideoBox: true
06-17 20:14:53.090  6985 11648 I VideoToolBoxService: vtb is closed!!!
06-17 20:14:53.090  1274  7782 D AHAL: AudioDeviceCustom: SetParameters bluetoothlowlatencystatus=false;foregroundUid=10768
06-17 20:14:53.090  1274  7782 D AHAL: AudioDevice: SetParameters: 1374: enter: bluetoothlowlatencystatus=false;foregroundUid=10768
06-17 20:14:53.090  1274  7782 D AHAL: AudioVoice: VoiceSetParameters: 86: Enter params: bluetoothlowlatencystatus=false;foregroundUid=10768
06-17 20:14:53.090  1274  7782 D AHAL: AudioVoice: VoiceSetParameters: 307: Exit ret: 0
06-17 20:14:53.090  1274  7782 D AHAL: FM: fm_set_parameters: 262: Enter
06-17 20:14:53.090  1274  7782 D AHAL: FM: fm_set_parameters: 320: exit
06-17 20:14:53.090  1274  7782 D AHAL: Loopback_karaoke: karaoke_set_parameters: Enter
06-17 20:14:53.090  1274  7782 D AHAL: Loopback_karaoke: karaoke_set_parameters: Exit
06-17 20:14:53.090  1274  7782 D AHAL: AudioDevice: SetParameters: 1975: exit: bluetoothlowlatencystatus=false;foregroundUid=10768
06-17 20:14:53.092  6985  7630 D x1      : myUserId = 0	currentUserId0
06-17 20:14:53.093  7850 10807 D PerfEngineController: ForegroundInfo{mForegroundPackageName='com.rj.telegramdrive', mForegroundUid=10768, mForegroundPid=29189, mLastForegroundPackageName='com.google.android.documentsui', mLastForegroundUid=10087, mLastForegroundPid=29397, mMultiWindowForegroundPackageName='com.rj.telegramdrive', mMultiWindowForegroundUid=10768, mFlags=0}
06-17 20:14:53.094  7850  9483 D DFS-AppUsageTracker: Fg changed, new=com.rj.telegramdrive, but charging.
06-17 20:14:53.099 12894 12905 D VENUS_GAMEAI_START_GameAiStartManager: 高能时刻未安装
06-17 20:14:53.100  2516  2731 I BLASTSyncEngine: SyncGroup 582:  Unfinished container:ActivityRecord{c1afd88 u0 com.rj.telegramdrive/.MainActivity t1189}
06-17 20:14:53.100  2516  2731 I BLASTSyncEngine: isActivitySyncFinished isSyncFinished false ActivityRecord{c1afd88 u0 com.rj.telegramdrive/.MainActivity t1189}
06-17 20:14:53.106 29189 29189 W WindowOnBackDispatcher: OnBackInvokedCallback is not enabled for the application.
06-17 20:14:53.106 29189 29189 W WindowOnBackDispatcher: Set 'android:enableOnBackInvokedCallback="true"' in the application manifest.
06-17 20:14:53.107 29189 29189 E ActivityThread:  fail in deliverResultsIfNeeded java.lang.NullPointerException: Attempt to invoke virtual method 'java.lang.String android.os.Bundle.getString(java.lang.String)' on a null object reference
06-17 20:14:53.114  2516  3617 D AppLock_AccessControlImpl: activityResume packageName: com.rj.telegramdrive userId: 0 enabled: true
06-17 20:14:53.114  2516  3617 D AppLock_AccessControlImpl: activityResume lockMode: 2
06-17 20:14:53.115 29189 29189 D SecurityManager: checkAccessControl flag1
06-17 20:14:53.119  2516  2588 I ATMSImpl: cacheTasksForDefaultDisplay size=5 topId=1189
06-17 20:14:53.130  2516  2608 D Aurogon :  uid = 10768 switch to FG
06-17 20:14:53.130  6143 13554 D ProcessObserverV15: onForegroundActivitiesChanged:pid = 29189,activity-uid=10768,foregroundActivities=true
06-17 20:14:53.132  1366  4097 W SDM     : DisplayBase::SetHWDetailedEnhancerConfig: SetDetailEnhancerConfig failed. err = 10
06-17 20:14:53.138  2516  5815 W ActivityTaskManager: Permission Denial: getFocusedRootTaskInfo() from pid=6143, uid=10206 requires android.permission.MANAGE_ACTIVITY_TASKS
06-17 20:14:53.140  6143 13554 D PkgUtil : getTopFromFocusedTask error: java.lang.reflect.InvocationTargetException
06-17 20:14:53.146  1867  1928 D IPACM   : vendor/qcom/opensource/data-ipa-cfg-mgr/ipacm/src/IPACM_Routing.cpp:343 DeleteRoutingHdl() Deleting Route hdl:(0x14) with ip type: 1
06-17 20:14:53.148  1867  1928 D IPACM   : vendor/qcom/opensource/data-ipa-cfg-mgr/ipacm/src/IPACM_Routing.cpp:343 DeleteRoutingHdl() Deleting Route hdl:(0x15) with ip type: 1
06-17 20:14:53.148  1264  1334 E minksocket: MinkIPC_QRTR_Service: client with node 1 port 4f74 went down
06-17 20:14:53.148  3519  3519 D RecentsImpl: mActivityStateObserver com.rj.telegramdrive.MainActivity
06-17 20:14:53.148  3519  3519 W RecentsImpl: onResumed className=com.rj.telegramdrive.MainActivity   forceUpdate=false   mIsInAnotherPro=false   isKeyguardLocked=false   mIsStatusBarExpansion=false
06-17 20:14:53.149  1867  1928 D IPACM   : vendor/qcom/opensource/data-ipa-cfg-mgr/ipacm/src/IPACM_Routing.cpp:343 DeleteRoutingHdl() Deleting Route hdl:(0x13) with ip type: 1
06-17 20:14:53.149  1264  1334 E minksocket: MinkIPC_QRTR_Service: client with node 1 port 4f78 went down
06-17 20:14:53.149  1867  1928 D IPACM   : vendor/qcom/opensource/data-ipa-cfg-mgr/ipacm/src/IPACM_Routing.cpp:343 DeleteRoutingHdl() Deleting Route hdl:(0x17) with ip type: 1
06-17 20:14:53.150  1867  1928 D IPACM   : vendor/qcom/opensource/data-ipa-cfg-mgr/ipacm/src/IPACM_Routing.cpp:111 AddRoutingRule() Added routing rule 0xb40000757b89a6d0
06-17 20:14:53.151  1867  1928 D IPACM   : vendor/qcom/opensource/data-ipa-cfg-mgr/ipacm/src/IPACM_Routing.cpp:111 AddRoutingRule() Added routing rule 0xb40000757b89a6d0
06-17 20:14:53.153  1867  1928 D IPACM   : vendor/qcom/opensource/data-ipa-cfg-mgr/ipacm/src/IPACM_Routing.cpp:111 AddRoutingRule() Added routing rule 0xb40000757b89a6d0
06-17 20:14:53.155  1867  1928 D IPACM   : vendor/qcom/opensource/data-ipa-cfg-mgr/ipacm/src/IPACM_Routing.cpp:111 AddRoutingRule() Added routing rule 0xb40000757b89a6d0
06-17 20:14:53.155  1867  1928 D IPACM   : vendor/qcom/opensource/data-ipa-cfg-mgr/ipacm/src/IPACM_Routing.cpp:343 DeleteRoutingHdl() Deleting Route hdl:(0x22) with ip type: 0
06-17 20:14:53.158  1867  1928 D IPACM   : vendor/qcom/opensource/data-ipa-cfg-mgr/ipacm/src/IPACM_Routing.cpp:343 DeleteRoutingHdl() Deleting Route hdl:(0x21) with ip type: 0
06-17 20:14:53.158  2516  4243 I BLASTSyncEngine: SyncGroup 582:  Unfinished container:ActivityRecord{c1afd88 u0 com.rj.telegramdrive/.MainActivity t1189}
06-17 20:14:53.158  2516  4243 I BLASTSyncEngine: isActivitySyncFinished isSyncFinished false ActivityRecord{c1afd88 u0 com.rj.telegramdrive/.MainActivity t1189}
06-17 20:14:53.159  2516  4243 I whetstone.activity: Power Event callback listener is empty for resId=32
06-17 20:14:53.160  2516  4243 D BatteryStatsManagerStub: notifyEvent for resId=32 used 0ms
06-17 20:14:53.160  1867  1928 D IPACM   : vendor/qcom/opensource/data-ipa-cfg-mgr/ipacm/src/IPACM_Routing.cpp:343 DeleteRoutingHdl() Deleting Route hdl:(0x23) with ip type: 0
06-17 20:14:53.162  1867  1928 D IPACM   : vendor/qcom/opensource/data-ipa-cfg-mgr/ipacm/src/IPACM_Routing.cpp:111 AddRoutingRule() Added routing rule 0xb40000757b89a6d0
06-17 20:14:53.163  1867  1928 D IPACM   : vendor/qcom/opensource/data-ipa-cfg-mgr/ipacm/src/IPACM_Routing.cpp:111 AddRoutingRule() Added routing rule 0xb40000757b89a6d0
06-17 20:14:53.163  2516  4243 D WindowManager: wms.Input focus has changed to Window{21b3cb6 u0 com.rj.telegramdrive/com.rj.telegramdrive.MainActivity} display=0 updateInputWindows = true
06-17 20:14:53.163  2516  4243 I MultiSenceManagerInternalStub: getInstance
06-17 20:14:53.164  2516  3047 I MultiSenceManagerInternalStubImpl: packageName = com.rj.telegramdrive
06-17 20:14:53.164  2516  3047 W ContextImpl: Calling a method in the system process without a qualified user: android.app.ContextImpl.sendBroadcast:1260 com.android.server.wm.MultiSenceManagerInternalStubImpl.sendFocusWindowsBroadcast:148 com.android.server.wm.MultiSenceManagerInternalStubImpl$UpdateScreenStatus.run:98 android.os.Handler.handleCallback:959 android.os.Handler.dispatchMessage:100 
06-17 20:14:53.169 29189 29189 W libc    : Access denied finding property "vendor.display.enable_optimal_refresh_rate"
06-17 20:14:53.165 29189 29189 W j.telegramdrive: type=1400 audit(0.0:37859): avc:  denied  { read } for  name="u:object_r:vendor_display_prop:s0" dev="tmpfs" ino=451 scontext=u:r:untrusted_app:s0:c0,c259,c512,c768 tcontext=u:object_r:vendor_display_prop:s0 tclass=file permissive=0 app=com.rj.telegramdrive
06-17 20:14:53.169 29189 29189 W libc    : Access denied finding property "vendor.gpp.create_frc_extension"
06-17 20:14:53.169 29189 29189 I j.telegramdrive: 【MiuiBoosterUtils】checkUtil disable.
06-17 20:14:53.169 29189 29189 I j.telegramdrive: 【MiuiBoosterUtils】package permission check disable.
06-17 20:14:53.169 29189 29189 I j.telegramdrive: 【MiuiBoosterUtils】get Service disable.
06-17 20:14:53.170  1867  1928 D IPACM   : vendor/qcom/opensource/data-ipa-cfg-mgr/ipacm/src/IPACM_Routing.cpp:111 AddRoutingRule() Added routing rule 0xb40000757b89a6d0
06-17 20:14:53.170  1867  1928 D IPACM   : vendor/qcom/opensource/data-ipa-cfg-mgr/ipacm/src/IPACM_Routing.cpp:343 DeleteRoutingHdl() Deleting Route hdl:(0x19) with ip type: 1
06-17 20:14:53.171  1867  1928 D IPACM   : vendor/qcom/opensource/data-ipa-cfg-mgr/ipacm/src/IPACM_Routing.cpp:343 DeleteRoutingHdl() Deleting Route hdl:(0x1a) with ip type: 1
06-17 20:14:53.172  1867  1928 D IPACM   : vendor/qcom/opensource/data-ipa-cfg-mgr/ipacm/src/IPACM_Routing.cpp:343 DeleteRoutingHdl() Deleting Route hdl:(0x18) with ip type: 1
06-17 20:14:53.173  1867  1928 D IPACM   : vendor/qcom/opensource/data-ipa-cfg-mgr/ipacm/src/IPACM_Routing.cpp:343 DeleteRoutingHdl() Deleting Route hdl:(0x1b) with ip type: 1
06-17 20:14:53.176  2516  2610 E FileUtils: err open mi_exception_log errno=2
06-17 20:14:53.176  2516  2610 E FileUtils: err write to mi_exception_log
06-17 20:14:53.177  1366  4097 W SDM     : DisplayBase::SetHWDetailedEnhancerConfig: SetDetailEnhancerConfig failed. err = 10
06-17 20:14:53.178 29189 29189 D VRI[MainActivity]: vri.reportNextDraw android.view.ViewRootImpl.performTraversals:4972 android.view.ViewRootImpl.doTraversal:3560 android.view.ViewRootImpl$TraversalRunnable.run:11601 android.view.Choreographer$CallbackRecord.run:1747 android.view.Choreographer$CallbackRecord.run:1756 
06-17 20:14:53.178 29189 29189 D VRI[MainActivity]: vri.Setup new sync=wmsSync-VRI[MainActivity]#2
06-17 20:14:53.181  1867  1928 D IPACM   : vendor/qcom/opensource/data-ipa-cfg-mgr/ipacm/src/IPACM_Routing.cpp:343 DeleteRoutingHdl() Deleting Route hdl:(0x1d) with ip type: 1
06-17 20:14:53.182  1867  1928 D IPACM   : vendor/qcom/opensource/data-ipa-cfg-mgr/ipacm/src/IPACM_Routing.cpp:343 DeleteRoutingHdl() Deleting Route hdl:(0x1e) with ip type: 1
06-17 20:14:53.182  2516  3047 W ActivityManagerServiceImpl: Sending non-protected broadcast com.xiaomi.multisence.action.FOCUSED_CHANGE from system 2516:system/1000 pkg android. Callers=com.android.server.am.ActivityManagerService.checkBroadcastFromSystem:16409 com.android.server.am.ActivityManagerService.broadcastIntentLockedTraced:17280 com.android.server.am.ActivityManagerService.broadcastIntentLocked:16469 com.android.server.am.ActivityManagerService.broadcastIntentWithFeature:17491 android.app.ContextImpl.sendBroadcast:1264 
06-17 20:14:53.183  1867  1928 D IPACM   : vendor/qcom/opensource/data-ipa-cfg-mgr/ipacm/src/IPACM_Routing.cpp:343 DeleteRoutingHdl() Deleting Route hdl:(0x1c) with ip type: 1
06-17 20:14:53.185  2516  3026 I SmartPower: com.google.android.apps.photos/10204(26957): background->idle(3015ms) R(content provider start ContentProviderRecord{221ebb8 u0 com.google.android.apps.photos/.cloudpicker.CloudMediaProviderWrapper}) adj=0.
06-17 20:14:53.188 29189 29514 I j.telegramdrive: 【MiuiBoosterUtils】improve disable.
06-17 20:14:53.190  2516  2858 I MiuiNetworkPolicy: updateUidState uid = 99139, uidState = 3
06-17 20:14:53.192  1867  1928 D IPACM   : vendor/qcom/opensource/data-ipa-cfg-mgr/ipacm/src/IPACM_Routing.cpp:343 DeleteRoutingHdl() Deleting Route hdl:(0x1f) with ip type: 1
06-17 20:14:53.194  6985  7630 I SCTaskStackListener: onTaskStackChanged! inSplit = false
06-17 20:14:53.195  1867  1928 D IPACM   : vendor/qcom/opensource/data-ipa-cfg-mgr/ipacm/src/IPACM_Routing.cpp:111 AddRoutingRule() Added routing rule 0xb40000757b89a6d0
06-17 20:14:53.197  3519  9152 D EventBus: No subscribers registered for event class com.miui.home.recents.messages.RecentTasksChangedEvent
06-17 20:14:53.197  3519  9152 D EventBus: No subscribers registered for event class org.greenrobot.eventbus.NoSubscriberEvent
06-17 20:14:53.198  3519  5345 I MiBridge: requestThreadLevelPro ret: 810837
06-17 20:14:53.198  3519  5345 D Launcher.Boost: setDynamicVIPTaskIfNeeded::tid = 82 duration = 500
06-17 20:14:53.198  3519  5345 D ReflectUtils: callObjectMethod
06-17 20:14:53.198  3519  5345 D ReflectUtils: java.lang.NullPointerException: Attempt to invoke virtual method 'java.lang.Class java.lang.Object.getClass()' on a null object reference
06-17 20:14:53.198  3519  5345 D ReflectUtils: 	at com.miui.launcher.utils.ReflectUtils.callObjectMethod(ReflectUtils.java:34)
06-17 20:14:53.198  3519  5345 D ReflectUtils: 	at com.miui.launcher.utils.BoostHelper.setDynamicVIPTaskIfNeeded(BoostHelper.java:175)
06-17 20:14:53.198  3519  5345 D ReflectUtils: 	at com.android.systemui.shared.recents.model.manager.RecentTasksList.boostTaskStackChangedThread(RecentTasksList.kt:479)
06-17 20:14:53.198  3519  5345 D ReflectUtils: 	at com.android.systemui.shared.recents.model.manager.RecentTasksList.reloadTaskList(RecentTasksList.kt:125)
06-17 20:14:53.198  3519  5345 D ReflectUtils: 	at com.android.systemui.shared.recents.model.manager.RecentTasksList.access$reloadTaskList(RecentTasksList.kt:24)
06-17 20:14:53.198  3519  5345 D ReflectUtils: 	at com.android.systemui.shared.recents.model.manager.RecentTasksList$mWorkHandler$2.invoke$lambda-1(RecentTasksList.kt:41)
06-17 20:14:53.198  3519  5345 D ReflectUtils: 	at com.android.systemui.shared.recents.model.manager.RecentTasksList$mWorkHandler$2.$r8$lambda$cvhU6AgW7LnS2era6jcnIRV6dIk(RecentTasksList.kt:0)
06-17 20:14:53.198  3519  5345 D ReflectUtils: 	at com.android.systemui.shared.recents.model.manager.RecentTasksList$mWorkHandler$2$$ExternalSyntheticLambda0.handleMessage(R8$$SyntheticClass:2)
06-17 20:14:53.198  3519  5345 D ReflectUtils: 	at android.os.Handler.dispatchMessage(Handler.java:103)
06-17 20:14:53.198  3519  5345 D ReflectUtils: 	at android.os.Looper.loopOnce(Looper.java:249)
06-17 20:14:53.198  3519  5345 D ReflectUtils: 	at android.os.Looper.loop(Looper.java:337)
06-17 20:14:53.198  3519  5345 D ReflectUtils: 	at android.os.HandlerThread.run(HandlerThread.java:85)
06-17 20:14:53.200  3519  5345 E ActivityManagerWrapper: get all recent tasks force including 1184
06-17 20:14:53.201  1366  4097 W SDM     : DisplayBase::SetHWDetailedEnhancerConfig: SetDetailEnhancerConfig failed. err = 10
06-17 20:14:53.204  3519  5345 E ActivityManagerWrapper: getRecentTasksForceIncludingTaskIdIfValid: getRecentTasks: size=3
06-17 20:14:53.204  3519  5345 E ActivityManagerWrapper:  mainTaskId=1189   userId=0   windowMode=1   baseIntent=Intent { act=android.intent.action.MAIN flag=270532608 cmp=ComponentInfo{com.rj.telegramdrive/com.rj.telegramdrive.MainActivity} }
06-17 20:14:53.204  3519  5345 E ActivityManagerWrapper:  mainTaskId=1175   userId=0   windowMode=1   baseIntent=Intent { act=android.intent.action.MAIN flag=270532608 cmp=ComponentInfo{com.whatsapp/com.whatsapp.Main} }
06-17 20:14:53.204  3519  5345 E ActivityManagerWrapper:  mainTaskId=1176   userId=0   windowMode=1   baseIntent=Intent { act=android.intent.action.MAIN flag=270532608 cmp=ComponentInfo{com.windscribe.vpn/com.windscribe.mobile.ui.AppStartActivity} }
06-17 20:14:53.205  1459 15537 D AudioFlingerImpl: setGameParameters keyvalue: gamebooster=false
06-17 20:14:53.205  1274  7782 D AHAL: AudioDeviceCustom: SetParameters gamebooster=false
06-17 20:14:53.205  1274  7782 D AHAL: AudioDevice: SetParameters: 1374: enter: gamebooster=false
06-17 20:14:53.205  1867  1928 D IPACM   : vendor/qcom/opensource/data-ipa-cfg-mgr/ipacm/src/IPACM_Routing.cpp:111 AddRoutingRule() Added routing rule 0xb40000757b89a6d0
06-17 20:14:53.205  1274  7782 D AHAL: AudioVoice: VoiceSetParameters: 86: Enter params: gamebooster=false
06-17 20:14:53.205  1274  7782 D AHAL: AudioVoice: VoiceSetParameters: 307: Exit ret: 0
06-17 20:14:53.205  1274  7782 D AHAL: FM: fm_set_parameters: 262: Enter
06-17 20:14:53.205  1274  7782 D AHAL: FM: fm_set_parameters: 320: exit
06-17 20:14:53.205  1274  7782 D AHAL: Loopback_karaoke: karaoke_set_parameters: Enter
06-17 20:14:53.205  1274  7782 D AHAL: Loopback_karaoke: karaoke_set_parameters: Exit
06-17 20:14:53.205  1274  7782 D AHAL: AudioDevice: SetParameters: 1975: exit: gamebooster=false
06-17 20:14:53.206  2516  2858 I MiuiNetworkPolicy: updateUidState uid = 10768, uidState = 2
06-17 20:14:53.206  2516  2858 I MiuiNetworkPolicy: updateUidState uid = 10146, uidState = 3
06-17 20:14:53.207  1867  1928 D IPACM   : vendor/qcom/opensource/data-ipa-cfg-mgr/ipacm/src/IPACM_Routing.cpp:111 AddRoutingRule() Added routing rule 0xb40000757b89a6d0
06-17 20:14:53.211 29189 29189 D VRI[MainActivity]: vri.reportDrawFinished
06-17 20:14:53.211 29189 29189 E FileUtils: err write to mi_exception_log
06-17 20:14:53.211  1366  4097 W SDM     : DisplayBase::SetHWDetailedEnhancerConfig: SetDetailEnhancerConfig failed. err = 10
06-17 20:14:53.212  2516  5815 D WindowManager: wms.finishDrawingLocked: mDrawState=COMMIT_DRAW_PENDING Window{21b3cb6 u0 com.rj.telegramdrive/com.rj.telegramdrive.MainActivity} in Surface(name=com.rj.telegramdrive/com.rj.telegramdrive.MainActivity#6174)/@0xbbe8575
06-17 20:14:53.215  1867  1928 D IPACM   : vendor/qcom/opensource/data-ipa-cfg-mgr/ipacm/src/IPACM_Routing.cpp:111 AddRoutingRule() Added routing rule 0xb40000757b89a6d0
06-17 20:14:53.216  2516  6562 I ATMSImpl: cacheTasksForDefaultDisplay size=5 topId=1189
06-17 20:14:53.217  1867  1928 D IPACM   : vendor/qcom/opensource/data-ipa-cfg-mgr/ipacm/src/IPACM_Routing.cpp:111 AddRoutingRule() Added routing rule 0xb40000757b89a6d0
06-17 20:14:53.221  1366  4097 W SDM     : DisplayBase::SetHWDetailedEnhancerConfig: SetDetailEnhancerConfig failed. err = 10
06-17 20:14:53.223  2516  2611 I SmartPower: com.rj.telegramdrive/10768(29189): invisible->visible(146ms) R(become visible) adj=0.
06-17 20:14:53.224  3519  5345 D RecentsTaskLoader: reloadTasksData [TaskKey{id=1189, stackId=0, baseIntent=Intent { act=android.intent.action.MAIN cat=[android.intent.category.LAUNCHER] flg=0x10200000 cmp=com.rj.telegramdrive/.MainActivity }, userId=0, lastActiveTime=88930500, windowingMode=1, isThumbnailBlur=false, isAccessLocked=false, isScreening=false, topActivity=ComponentInfo{com.rj.telegramdrive/com.rj.telegramdrive.MainActivity}, mHashCode=36345051}, title=Telegram Drive, titleDescription=Telegram Drive, bounds=null, isLaunchTarget=false, isStackTask=true, isSystemApp=false, isDockable=true, baseActivity=ComponentInfo{com.rj.telegramdrive/com.rj.telegramdrive.MainActivity}, isLocked=false, mNeedHide=false, hasMultipleTasks=false, cti1Key=, cti2Key=] 
06-17 20:14:53.224  2516  2611 E WindowManager: setClientVisible ActivityRecord{c1afd88 u0 com.rj.telegramdrive/.MainActivity t1189} true
06-17 20:14:53.225  3482  3482 D DynamicService_WifiBt: PhoneStateListener.onDataActivity: direction=0
06-17 20:14:53.225  3482  3482 D DynamicService_WifiBt: modem or radio power state change,messageType: 128 state: 0
06-17 20:14:53.225  3482  3482 D DynamicService_WifiBt: listeners is null or md controller is disable!!!
06-17 20:14:53.218  1867  1928 D IPACM   : vendor/qcom/opensource/data-ipa-cfg-mgr/ipacm/src/IPACM_Routing.cpp:111 AddRoutingRule() Added routing rule 0xb40000757b89a6d0
06-17 20:14:53.226  3519  5345 W IconCustomizer: Density abnormal: context density=442 systemDensity=440
06-17 20:14:53.226  2516  2611 I WindowManager: wms.showSurfaceRobustly mWin:Window{21b3cb6 u0 com.rj.telegramdrive/com.rj.telegramdrive.MainActivity}
06-17 20:14:53.226  3519  5345 W IconCustomizer: Density abnormal: context density=442 systemDensity=440
06-17 20:14:53.226  1867  1928 D IPACM   : vendor/qcom/opensource/data-ipa-cfg-mgr/ipacm/src/IPACM_Routing.cpp:111 AddRoutingRule() Added routing rule 0xb40000757b89a6d0
06-17 20:14:53.227  1867  1928 D IPACM   : vendor/qcom/opensource/data-ipa-cfg-mgr/ipacm/src/IPACM_Routing.cpp:111 AddRoutingRule() Added routing rule 0xb40000757b89a6d0
06-17 20:14:53.227  1867  1928 D IPACM   : vendor/qcom/opensource/data-ipa-cfg-mgr/ipacm/src/IPACM_Routing.cpp:343 DeleteRoutingHdl() Deleting Route hdl:(0x25) with ip type: 1
06-17 20:14:53.227  2516  2611 D WindowManager: Final targets: [ActivityRecord{cb08ed u0 com.google.android.documentsui/com.android.documentsui.picker.PickActivity t1189 f}}, ActivityRecord{c1afd88 u0 com.rj.telegramdrive/.MainActivity t1189}]
06-17 20:14:53.231  2516  2611 D WindowManager: Calling onTransitionReady info={id=582 t=CLOSE f=0x0 trk=0 opt={t=FROM_STYLE} r=[0@Point(0, 0)] c=[{null m=CLOSE f=FILLS_TASK leash=Surface(name=ActivityRecord{cb08ed u0 com.google.android.documentsui/com.android.documentsui.picker.PickActivity t1189}#6158)/@0x49b5f6e sb=Rect(0, 0 - 1080, 2460) eb=Rect(0, 0 - 1080, 2460) d=0 bc=ff202124 component=com.google.android.documentsui/com.android.documentsui.picker.PickActivity v=false},{null m=TO_FRONT f=FILLS_TASK leash=Surface(name=ActivityRecord{c1afd88 u0 com.rj.telegramdrive/.MainActivity t1189}#6143)/@0xd68edd2 sb=Rect(0, 0 - 1080, 2460) eb=Rect(0, 0 - 1080, 2460) d=0 bc=ff202124 component=com.rj.telegramdrive/.MainActivity v=true}] mk=[false] noAni=[false] df=[false] rsa=[false] oa=[true] nc=[0] sa=[false] ho=[false] iSync=[-1]}, mToken=Token{222114f TransitionRecord{db9d25f id=582 type=CLOSE flags=0x0}}
06-17 20:14:53.233  1366  4097 W SDM     : DisplayBase::SetHWDetailedEnhancerConfig: SetDetailEnhancerConfig failed. err = 10
06-17 20:14:53.235  3499  3499 D KeyguardEditorHelper: onTopActivityMayChanged, topActivity=ComponentInfo{com.rj.telegramdrive/com.rj.telegramdrive.MainActivity}; mState=IDEL
06-17 20:14:53.236  3499  3622 I ShellTransitions: Is abandon offsetY: false
06-17 20:14:53.236  3499  3622 I ShellTransitions: Is abandon offsetY: false
06-17 20:14:53.236  3499  3622 E KeyguardTransitionHandlerImpl: activityCount = 2
06-17 20:14:53.236  3499  3622 E KeyguardTransitionHandlerImpl: activityCount = 2
06-17 20:14:53.236  3499  3622 D MiuiFreeformModeAnimation: startAnimation change: {null m=CLOSE f=FILLS_TASK leash=Surface(name=ActivityRecord{cb08ed u0 com.google.android.documentsui/com.android.documentsui.picker.PickActivity t1189}#6158)/@0x46e1933 sb=Rect(0, 0 - 1080, 2460) eb=Rect(0, 0 - 1080, 2460) d=0 bc=ff202124 component=com.google.android.documentsui/com.android.documentsui.picker.PickActivity v=false} info.getType(): 2
06-17 20:14:53.236  3499  3622 D MiuiFreeformModeAnimation: startAnimation change: {null m=TO_FRONT f=FILLS_TASK leash=Surface(name=ActivityRecord{c1afd88 u0 com.rj.telegramdrive/.MainActivity t1189}#6143)/@0xf0074f0 sb=Rect(0, 0 - 1080, 2460) eb=Rect(0, 0 - 1080, 2460) d=0 bc=ff202124 component=com.rj.telegramdrive/.MainActivity v=true} info.getType(): 2
06-17 20:14:53.236  1867  1928 D IPACM   : vendor/qcom/opensource/data-ipa-cfg-mgr/ipacm/src/IPACM_Routing.cpp:343 DeleteRoutingHdl() Deleting Route hdl:(0x26) with ip type: 1
06-17 20:14:53.236  3499  3622 D SoScStageCoordinator: inCloseTransition:false pairsStartedWithCloseTransition:false isRequestCloseTriggerTask:false inSingleSoScState:false inSoScUnactivie:true closeStage:null mDeferUpdateSoScStateCount:0
06-17 20:14:53.237  3499  3622 D TransitionAnimationHelper:  overrideType == ANIM_FROM_STYLE 
06-17 20:14:53.237  3499  3622 D TransitionAnimationHelper:  load animation:  type = 2 enter = true animAttr = 6 isTask = false translucent = false
06-17 20:14:53.237  3499  3622 D TransitionAnimationHelper:  overrideType == ANIM_FROM_STYLE 
06-17 20:14:53.238  3499  3622 D TransitionAnimationHelper:  load animation:  type = 2 enter = false animAttr = 7 isTask = false translucent = false
06-17 20:14:53.238  3519  5345 D TaskSnapshotCompatVV: getIsInvalidateFromTaskSnapshot, return, mTaskSnapshot=null, mTaskSnapshotClazz=null
06-17 20:14:53.238  3519  5345 D RecentsTaskLoader: reloadTasksData [TaskKey{id=1175, stackId=0, baseIntent=Intent { act=android.intent.action.MAIN cat=[android.intent.category.LAUNCHER] flg=0x10200000 cmp=com.whatsapp/.Main }, userId=0, lastActiveTime=87887138, windowingMode=1, isThumbnailBlur=false, isAccessLocked=false, isScreening=false, topActivity=ComponentInfo{com.whatsapp/com.whatsapp.Conversation}, mHashCode=35927977}, title=WhatsApp, titleDescription=WhatsApp, bounds=null, isLaunchTarget=false, isStackTask=true, isSystemApp=false, isDockable=true, baseActivity=ComponentInfo{com.whatsapp/com.whatsapp.home.ui.HomeActivity}, isLocked=false, mNeedHide=false, hasMultipleTasks=false, cti1Key=, cti2Key=] 
06-17 20:14:53.238  1867  1928 D IPACM   : vendor/qcom/opensource/data-ipa-cfg-mgr/ipacm/src/IPACM_Routing.cpp:343 DeleteRoutingHdl() Deleting Route hdl:(0x24) with ip type: 1
06-17 20:14:53.238  3519  5345 D RecentsTaskLoader: reloadTasksData [TaskKey{id=1176, stackId=0, baseIntent=Intent { act=android.intent.action.MAIN cat=[android.intent.category.LAUNCHER] flg=0x10200000 cmp=com.windscribe.vpn/com.windscribe.mobile.ui.AppStartActivity }, userId=0, lastActiveTime=87882863, windowingMode=1, isThumbnailBlur=false, isAccessLocked=false, isScreening=false, topActivity=ComponentInfo{com.windscribe.vpn/com.windscribe.mobile.ui.AppStartActivity}, mHashCode=35957768}, title=Windscribe, titleDescription=Windscribe, bounds=null, isLaunchTarget=false, isStackTask=true, isSystemApp=false, isDockable=true, baseActivity=ComponentInfo{com.windscribe.vpn/com.windscribe.mobile.ui.AppStartActivity}, isLocked=false, mNeedHide=false, hasMultipleTasks=false, cti1Key=, cti2Key=] 
06-17 20:14:53.239  3499  3664 D ShellTransitions: speed ui!!!!!!!!!!!
06-17 20:14:53.237  1749  1749 W binder:1749_4: type=1400 audit(0.0:37860): avc:  denied  { call } for  scontext=u:r:miuibooster:s0 tcontext=u:r:untrusted_app:s0:c0,c259,c512,c768 tclass=binder permissive=0
06-17 20:14:53.240  1867  1928 D IPACM   : vendor/qcom/opensource/data-ipa-cfg-mgr/ipacm/src/IPACM_Routing.cpp:343 DeleteRoutingHdl() Deleting Route hdl:(0x27) with ip type: 1
06-17 20:14:53.240  1749 12147 W BpBinder: Large or Failed outgoing transaction of 108 bytes, interface descriptor , code 1
06-17 20:14:53.247  1366  4097 W SDM     : DisplayBase::SetHWDetailedEnhancerConfig: SetDetailEnhancerConfig failed. err = 10
06-17 20:14:53.248  2516  5872 W UserManagerService: Requested status bar icon for non-badged user 0
06-17 20:14:53.250  1867  1928 D IPACM   : vendor/qcom/opensource/data-ipa-cfg-mgr/ipacm/src/IPACM_Routing.cpp:343 DeleteRoutingHdl() Deleting Route hdl:(0x29) with ip type: 1
06-17 20:14:53.250  1867  1928 D IPACM   : vendor/qcom/opensource/data-ipa-cfg-mgr/ipacm/src/IPACM_Routing.cpp:343 DeleteRoutingHdl() Deleting Route hdl:(0x2a) with ip type: 1
06-17 20:14:53.251  1867  1928 D IPACM   : vendor/qcom/opensource/data-ipa-cfg-mgr/ipacm/src/IPACM_Routing.cpp:343 DeleteRoutingHdl() Deleting Route hdl:(0x28) with ip type: 1
06-17 20:14:53.257 29189 29189 I HandWritingStubImpl: refreshLastKeyboardType: 1
06-17 20:14:53.258 29189 29189 I HandWritingStubImpl: getCurrentKeyboardType: 1
06-17 20:14:53.258  1366  4097 W SDM     : DisplayBase::SetHWDetailedEnhancerConfig: SetDetailEnhancerConfig failed. err = 10
06-17 20:14:53.261  1867  1928 D IPACM   : vendor/qcom/opensource/data-ipa-cfg-mgr/ipacm/src/IPACM_Routing.cpp:343 DeleteRoutingHdl() Deleting Route hdl:(0x2b) with ip type: 1
06-17 20:14:53.264  2516  2820 I ImeTracker: com.rj.telegramdrive:8cc1bf8b: onRequestHide at ORIGIN_SERVER reason HIDE_UNSPECIFIED_WINDOW fromUser false
06-17 20:14:53.268  1366  4097 W SDM     : DisplayBase::SetHWDetailedEnhancerConfig: SetDetailEnhancerConfig failed. err = 10
06-17 20:14:53.272  2516  2820 I ImeTracker: com.rj.telegramdrive:8cc1bf8b: onCancelled at PHASE_SERVER_SHOULD_HIDE
06-17 20:14:53.272  7850 10807 D MirrorManager:  sendAcceptInput 0 0
06-17 20:14:53.275  1867  1928 D IPACM   : vendor/qcom/opensource/data-ipa-cfg-mgr/ipacm/src/IPACM_Routing.cpp:111 AddRoutingRule() Added routing rule 0xb40000757b89a6d0
06-17 20:14:53.276  1867  1928 D IPACM   : vendor/qcom/opensource/data-ipa-cfg-mgr/ipacm/src/IPACM_Routing.cpp:111 AddRoutingRule() Added routing rule 0xb40000757b89a6d0
06-17 20:14:53.276  1867  1928 D IPACM   : vendor/qcom/opensource/data-ipa-cfg-mgr/ipacm/src/IPACM_Routing.cpp:111 AddRoutingRule() Added routing rule 0xb40000757b89a6d0
06-17 20:14:53.277  1867  1928 D IPACM   : vendor/qcom/opensource/data-ipa-cfg-mgr/ipacm/src/IPACM_Routing.cpp:111 AddRoutingRule() Added routing rule 0xb40000757b89a6d0
06-17 20:14:53.277  1867  1928 D IPACM   : vendor/qcom/opensource/data-ipa-cfg-mgr/ipacm/src/IPACM_Routing.cpp:111 AddRoutingRule() Added routing rule 0xb40000757b89a6d0
06-17 20:14:53.278  5346  5346 I GoogleInputMethodService: GoogleInputMethodService.onFinishInput():2259 
06-17 20:14:53.278  1867  1928 D IPACM   : vendor/qcom/opensource/data-ipa-cfg-mgr/ipacm/src/IPACM_Routing.cpp:111 AddRoutingRule() Added routing rule 0xb40000757b89a6d0
06-17 20:14:53.279  1366  4097 W SDM     : DisplayBase::SetHWDetailedEnhancerConfig: SetDetailEnhancerConfig failed. err = 10
06-17 20:14:53.279  1867  1928 D IPACM   : vendor/qcom/opensource/data-ipa-cfg-mgr/ipacm/src/IPACM_Routing.cpp:111 AddRoutingRule() Added routing rule 0xb40000757b89a6d0
06-17 20:14:53.280  1867  1928 D IPACM   : vendor/qcom/opensource/data-ipa-cfg-mgr/ipacm/src/IPACM_Routing.cpp:111 AddRoutingRule() Added routing rule 0xb40000757b89a6d0
06-17 20:14:53.280  5346  5346 I Module  : DeviceLockedStatusModuleProvider$Module.updateDeviceLockedStatus():103 repeatCheckTimes = 0, locked = false
06-17 20:14:53.281  5346  5346 I GoogleInputMethodService: GoogleInputMethodService.onStartInput():1446 onStartInput(EditorInfo{EditorInfo{packageName=com.rj.telegramdrive, inputType=0, inputTypeString=NULL, enableLearning=false, autoCorrection=false, autoComplete=false, imeOptions=12000000, privateImeOptions=null, actionName=UNSPECIFIED, actionLabel=null, initialSelStart=-1, initialSelEnd=-1, initialCapsMode=0, label=null, fieldId=0, fieldName=null, extras=Bundle[mParcelledData.dataSize=72], hintText=null, hintLocales=[]}}, false)
06-17 20:14:53.281  5346  5346 I AndroidIME: LatinIMEBase.updateInputViewCoverNavigation():322 Update input view padding, isNavbarOverInputWindow=false, bottom inset=130
06-17 20:14:53.287  5346  5346 I Module  : DeviceLockedStatusModuleProvider$Module.updateDeviceLockedStatus():103 repeatCheckTimes = 1, locked = false
06-17 20:14:53.290  1366  4097 W SDM     : DisplayBase::SetHWDetailedEnhancerConfig: SetDetailEnhancerConfig failed. err = 10
06-17 20:14:53.298  2516  2858 I MiuiNetworkPolicy: updateUidState uid = 10087, uidState = 19
06-17 20:14:53.298  2516  2858 I MiuiNetworkPolicy: updateUidState uid = 10086, uidState = 19
06-17 20:14:53.298  2516  2858 I MiuiNetworkPolicy: updateUidState uid = 10085, uidState = 19
06-17 20:14:53.299 12894 12934 I HeavyPackageIdentify: splitMode: false, splitPackages: null, foregroundPkg: com.rj.telegramdrive
06-17 20:14:53.301  2516  6562 W PackageConfigPersister: App-specific configuration not found for packageName: com.rj.telegramdrive and userId: 0
06-17 20:14:53.301  1366  4097 W SDM     : DisplayBase::SetHWDetailedEnhancerConfig: SetDetailEnhancerConfig failed. err = 10
06-17 20:14:53.313  1366  4097 W SDM     : DisplayBase::SetHWDetailedEnhancerConfig: SetDetailEnhancerConfig failed. err = 10
06-17 20:14:53.315  2516  5872 I ClipboardServiceI: checkProviderWakePathForClipboard: com.rj.telegramdriveis not a activePermissionOwner
06-17 20:14:53.317 29189 29189 W Thread-9: type=1400 audit(0.0:37861): avc:  denied  { search } for  name="miuilog" dev="dm-55" ino=547 scontext=u:r:untrusted_app:s0:c0,c259,c512,c768 tcontext=u:object_r:data_log_file:s0 tclass=dir permissive=0 app=com.rj.telegramdrive
06-17 20:14:53.318  5420 24235 E DatabaseUtils: Writing exception to parcel
06-17 20:14:53.318  5420 24235 E DatabaseUtils: java.lang.SecurityException: Permission Denial: reading com.android.providers.media.MediaDocumentsProvider uri content://com.android.providers.media.documents/document/image:1000138861 from pid=29189, uid=10768 requires that you obtain access using ACTION_OPEN_DOCUMENT or related APIs
06-17 20:14:53.318  5420 24235 E DatabaseUtils: 	at android.content.ContentProvider.enforceReadPermissionInner(ContentProvider.java:1057)
06-17 20:14:53.318  5420 24235 E DatabaseUtils: 	at android.content.ContentProvider$Transport.enforceReadPermission(ContentProvider.java:845)
06-17 20:14:53.318  5420 24235 E DatabaseUtils: 	at android.content.ContentProvider$Transport.enforceFilePermission(ContentProvider.java:835)
06-17 20:14:53.318  5420 24235 E DatabaseUtils: 	at android.content.ContentProvider$Transport.openTypedAssetFile(ContentProvider.java:675)
06-17 20:14:53.318  5420 24235 E DatabaseUtils: 	at android.content.ContentProviderNative.onTransact(ContentProviderNative.java:344)
06-17 20:14:53.318  5420 24235 E DatabaseUtils: 	at android.os.Binder.execTransactInternal(Binder.java:1507)
06-17 20:14:53.318  5420 24235 E DatabaseUtils: 	at android.os.Binder.execTransact(Binder.java:1451)
--------- beginning of crash
06-17 20:14:53.319 29189 29289 E AndroidRuntime: FATAL EXCEPTION: Thread-9
06-17 20:14:53.319 29189 29289 E AndroidRuntime: Process: com.rj.telegramdrive, PID: 29189
06-17 20:14:53.319 29189 29289 E AndroidRuntime: java.lang.SecurityException: Permission Denial: reading com.android.providers.media.MediaDocumentsProvider uri content://com.android.providers.media.documents/document/image:1000138861 from pid=29189, uid=10768 requires that you obtain access using ACTION_OPEN_DOCUMENT or related APIs
06-17 20:14:53.319 29189 29289 E AndroidRuntime: 	at android.os.Parcel.createExceptionOrNull(Parcel.java:3255)
06-17 20:14:53.319 29189 29289 E AndroidRuntime: 	at android.os.Parcel.createException(Parcel.java:3239)
06-17 20:14:53.319 29189 29289 E AndroidRuntime: 	at android.os.Parcel.readException(Parcel.java:3222)
06-17 20:14:53.319 29189 29289 E AndroidRuntime: 	at android.database.DatabaseUtils.readExceptionFromParcel(DatabaseUtils.java:203)
06-17 20:14:53.319 29189 29289 E AndroidRuntime: 	at android.database.DatabaseUtils.readExceptionWithFileNotFoundExceptionFromParcel(DatabaseUtils.java:166)
06-17 20:14:53.319 29189 29289 E AndroidRuntime: 	at android.content.ContentProviderProxy.openTypedAssetFile(ContentProviderNative.java:832)
06-17 20:14:53.319 29189 29289 E AndroidRuntime: 	at android.content.ContentResolver.openTypedAssetFileDescriptor(ContentResolver.java:2045)
06-17 20:14:53.319 29189 29289 E AndroidRuntime: 	at android.content.ContentResolver.openAssetFileDescriptor(ContentResolver.java:1860)
06-17 20:14:53.319 29189 29289 E AndroidRuntime: 	at android.content.ContentResolver.openInputStream(ContentResolver.java:1530)
06-17 20:14:53.323 29189 29289 W ScoutUtils: Failed to mkdir /data/miuilog/stability/hprof/
06-17 20:14:53.324  1366  4097 W SDM     : DisplayBase::SetHWDetailedEnhancerConfig: SetDetailEnhancerConfig failed. err = 10
06-17 20:14:53.324  5537 21922 W MQSEventManager: jeoccur
06-17 20:14:53.324 29397 29397 D MiuiMultiWindowUtils: freeform resolution args raw data:{  "wide_default":{    "freeform_args": {        "vertical_portrait":{"aspect_ratio":0.626, "original_ratio":0.5643,"original_scale":0.74,"top_margin":0.168,"left_margin":0.484},        "horizontal_portrait":{"aspect_ratio":0.626, "original_ratio":0.5643,"original_scale":0.74,"top_margin":0.1222,"left_margin":0.59745},        "vertical_landscape":{"aspect_ratio":1.6, "original_ratio":1,"original_scale":0.604,"top_margin":0.2596,"left_margin":0.2624},        "horizontal_landscape":{"aspect_ratio":1.6, "original_ratio":1,"original_scale":0.604,"top_margin":0.213,"left_margin":0.3758}    },    "mini_freeform_args":{        "vertical_portrait":{"original_ratio":0.147},        "horizontal_portrait":{"original_ratio":0.147},        "vertical_landscape":{"original_ratio":0.165},        "horizontal_landscape":{"original_ratio":0.165}    }  },  "narrow_default": {    "freeform_args": {        "vertical_portrait":{"aspect_ratio":0.626, "original_ratio":1,"original_scale":0.74,"top_margin":0.0753,"left_margin":-1},        "horizontal_portrait":{"aspect_ratio":0.626, "original_ratio":1,"original_scale":0.5756,"top_margin":-1,"left_margin":0.0753},        "vertical_landscape":{"aspect_ratio":1.6, "original_ratio":0.6847,"original_scale":0.587,"top_margin":0.0753,"left_margin":-1},        "horizontal_landscape":{"aspect_ratio":1.6, "original_ratio":0.6847,"original_scale":0.587,"top_margin":-1,"left_margin":0.0753}    },    "mini_freeform_args":{        "vertical_portrait":{"original_ratio":0.26},        "horizontal_portrait":{"original_ratio":0.26},        "vertical_landscape":{"original_ratio":0.293},        "horizontal_landscape":{"original_ratio":0.293}    }  },  "regular_default": {    "freeform_args": {      "vertical_portrait":{"aspect_ratio":0.625, "original_ratio":1,"original_scale":0.7,"top_margin":0.109,"left_margin":-1},      "horizontal_portrait":{"aspect_ratio":0.6667, "original_ratio":1,"original_scale":0.6102,"top_margin":-1,"left_margin":0.026},      "vertical_landscape":{"aspect_ratio":1.6, "original_ratio":1,"original_scale":0.4244,"top_margin":0.109,"left_margin":-1},      "horizontal_landscape":{"aspect_ratio":1.6, "original_ratio":1,"original_scale":0.4244,"top_margin":-1,"left_margin":0.026}    },    "mini_freeform_args":{      "vertical_portrait":{"original_ratio":0.25},      "horizontal_portrait":{"original_ratio":0.25},      "vertical_landscape":{"original_ratio":0.25},      "horizontal_landscape":{"original_ratio":0.25}    }  },  "pad_default": {    "freeform_args": {      "vertical_portrait":{"aspect_ratio":0.5625, "original_ratio":0.375,"original_scale":0.835,"top_margin":0.049,"left_margin":0.2775},      "horizontal_portrait":{"aspect_ratio":0.5625, "original_ratio":0.375,"original_scale":0.835,"top_margin":-1,"left_margin":0.6525},      "vertical_landscape":{"aspect_ratio":-1, "original_ratio":1,"original_scale":0.468,"top_margin":0.049,"left_margin":-1},      "horizontal_landscape":{"aspect_ratio":-1, "original_ratio":1,"original_scale":0.468,"top_margin":-1,"left_margin":0.4976}    },    "mini_freeform_args":{      "vertical_portrait":{"original_ratio":0.144},      "horizontal_portrait":{"original_ratio":0.144},      "vertical_landscape":{"original_ratio":0.2},      "horizontal_landscape":{"original_ratio":0.2}    }  }}
06-17 20:14:53.317 29189 29189 W Thread-9: type=1400 audit(0.0:37862): avc:  denied  { search } for  name="miuilog" dev="dm-55" ino=547 scontext=u:r:untrusted_app:s0:c0,c259,c512,c768 tcontext=u:object_r:data_log_file:s0 tclass=dir permissive=0 app=com.rj.telegramdrive
06-17 20:14:53.317 29189 29189 W Thread-9: type=1400 audit(0.0:37863): avc:  denied  { search } for  name="miuilog" dev="dm-55" ino=547 scontext=u:r:untrusted_app:s0:c0,c259,c512,c768 tcontext=u:object_r:data_log_file:s0 tclass=dir permissive=0 app=com.rj.telegramdrive
06-17 20:14:53.326 29397 29397 D MiuiMultiWindowUtils: initFreeFormResolutionArgs failed, device is sky
06-17 20:14:53.327 29397 29397 D IS_CTS_MODE: false
06-17 20:14:53.327 29397 29397 D MULTI_WINDOW_SWITCH_ENABLED: false
06-17 20:14:53.333  5537  5850 E JavaExceptionHandler: Process: com.rj.telegramdrive, PID: 29189
