06-17 20:14:50.024 23633 24166 W RealtimeClientManager: Channel state: MqttChannelState{mConnectionState=CONNECTING, mDisconnectionReason=null, mLastConnectionMs=88745136, mLastDisconnectMs=88927433}
06-17 20:14:50.025 29357 29357 E FileUtils: err open mi_exception_log errno=2
06-17 20:14:50.025 29357 29357 E FileUtils: err write to mi_exception_log
06-17 20:14:50.025  2516  2980 D MiuiMultiWindowUtils: supportMultiWindow: isSupportDevice = -1
06-17 20:14:50.026  2516  2980 D MiuiMultiWindowUtils: supportMultiWindow: isSupportDevice = -1
06-17 20:14:50.026  2516  2980 I NetworkBoostStatusManager: onForegroundInfoChanged uid:10017, isColdStart:true
06-17 20:14:50.026  2516  2980 I SLM-SRV-SLAToast: foreground uid:10017, isColdStart:true, isLinkTurboEnable:false
06-17 20:14:50.026  2516  2980 D NetworkSDKService: handleMultiAppsDualWifi isSet = false isEverOpened = false
06-17 20:14:50.026 12894 12905 I GST     : forePkg: com.google.android.photopicker, preForePkg: com.rj.telegramdrive
06-17 20:14:50.027  2516  2980 D CameraBlackCoveredManager: mForegroundPackage = com.google.android.photopicker mOccupiedPackage = com.android.camera
06-17 20:14:50.028  2516  2611 I BLASTSyncEngine: SyncGroup 581:  Unfinished container:ActivityRecord{514142f u0 com.google.android.photopicker/com.android.photopicker.PhotopickerGetContentActivity t1189}
06-17 20:14:50.028  2516  2611 I BLASTSyncEngine: isActivitySyncFinished isSyncFinished false ActivityRecord{514142f u0 com.google.android.photopicker/com.android.photopicker.PhotopickerGetContentActivity t1189}
06-17 20:14:50.029  7850  7870 D PerfEngineController: ForegroundInfo{mForegroundPackageName='com.google.android.photopicker', mForegroundUid=10017, mForegroundPid=29357, mLastForegroundPackageName='com.rj.telegramdrive', mLastForegroundUid=10768, mLastForegroundPid=29189, mMultiWindowForegroundPackageName='com.google.android.photopicker', mMultiWindowForegroundUid=10017, mFlags=1}
06-17 20:14:50.030  6985  7630 I ProcessMonitor: onForegroundInfoChanged: ForegroundInfo{mForegroundPackageName='com.google.android.photopicker', mForegroundUid=10017, mForegroundPid=29357, mLastForegroundPackageName='com.rj.telegramdrive', mLastForegroundUid=10768, mLastForegroundPid=29189, mMultiWindowForegroundPackageName='com.google.android.photopicker', mMultiWindowForegroundUid=10017, mFlags=1}
06-17 20:14:50.031 12894 12905 D VENUS_GAMEAI_START_GameAiStartManager: 高能时刻未安装
06-17 20:14:50.031  6985  7630 I VideoBoxUtils: isSupportVideoBox: true
06-17 20:14:50.031  1459  2730 D AudioFlingerImpl: setGameParameters keyvalue: bluetoothlowlatencystatus=false;foregroundUid=10017
06-17 20:14:50.032  1274 11246 D AHAL: AudioDeviceCustom: SetParameters bluetoothlowlatencystatus=false;foregroundUid=10017
06-17 20:14:50.032  1274 11246 D AHAL: AudioDevice: SetParameters: 1374: enter: bluetoothlowlatencystatus=false;foregroundUid=10017
06-17 20:14:50.032  1274 11246 D AHAL: AudioVoice: VoiceSetParameters: 86: Enter params: bluetoothlowlatencystatus=false;foregroundUid=10017
06-17 20:14:50.032  1274 11246 D AHAL: AudioVoice: VoiceSetParameters: 307: Exit ret: 0
06-17 20:14:50.032  1274 11246 D AHAL: FM: fm_set_parameters: 262: Enter
06-17 20:14:50.032  1274 11246 D AHAL: FM: fm_set_parameters: 320: exit
06-17 20:14:50.032  1274 11246 D AHAL: Loopback_karaoke: karaoke_set_parameters: Enter
06-17 20:14:50.032  1274 11246 D AHAL: Loopback_karaoke: karaoke_set_parameters: Exit
06-17 20:14:50.032  1274 11246 D AHAL: AudioDevice: SetParameters: 1975: exit: bluetoothlowlatencystatus=false;foregroundUid=10017
06-17 20:14:50.031  6985  7630 I VideoToolBoxService: vtb is closed!!!
06-17 20:14:50.037  6985 11648 D x1      : myUserId = 0	currentUserId0
06-17 20:14:50.037 29357 29357 D PhotopickerActivityModule: Initializing background scope.
06-17 20:14:50.037 29357 29357 D PhotopickerConfigurationManager: ConfigurationManager requested but not yet initialized. Initializing ConfigurationManager.
06-17 20:14:50.039 29357 29372 I ActivityThread: HardwareRenderer preload  done
06-17 20:14:50.044 29357 29357 D PhotopickerConfigurationManager: Startup configuration: PhotopickerConfiguration(runtimeEnv=ACTIVITY, action=, callingPackage=null, callingPackageUid=null, callingPackageLabel=null, callingPackageMediaCapabilities=null, accentColor=null, mimeTypes=[image/*, video/*], pickImagesInOrder=false, selectionLimit=1, startDestination=DEFAULT, preSelectedUris=null, highlightQueryResultsParams=HighlightQueryResultsParams(queryResultsHighlightType=UNSET_HIGHLIGHT_TYPE, queryResultsHighlightQuery=Search(searchQuery=)), embeddedPickerLaunchedInExpandedState=false, locationMetadataAccessRequested=false, selectionParams=null, uiCustomizationParams=null, deviceIsDebuggable=false, flags=PhotopickerFlags(CLOUD_ALLOWED_PROVIDERS=[com.google.android.apps.photos], CLOUD_ENFORCE_PROVIDER_ALLOWLIST=true, CLOUD_MEDIA_ENABLED=true, PRIVATE_SPACE_ENABLED=true, MANAGED_SELECTION_ENABLED=true, PICKER_SEARCH_ENABLED=true, PICKER_DATESCRUBBER_ENABLED=true, PICKER_LOCATION_METADATA_ENABLED=false, PICKER_TRANSCODING_ENABLED=true, PICKER_HIGHLIGHT_MEDIA_FEATURE_ENABLED=true, OWNED_PHOTOS_ENABLED=true, PICKER_THUMBNAIL_PRELOAD_ENABLED=false, POLAROID_ENABLED=false, MODERN_CLOUD_SETTINGS_ENABLED=false, PICKER_DELETE_HISTORY_SUGGESTION=true, PHOTOPICKER_DESKTOP_ENABLED=false, PICKER_OFFLINE_BANNERS_ENABLED=false, PICKER_BANNER_REDESIGN_ENABLED=false, CMP_IMPROVEMENTS_ENABLED=true, PICKER_UI_CUSTOMIZATION_ENABLED=true, PICKER_SELECTION_PARAMS_ENABLED=true), sessionId=932394, intent=null)
06-17 20:14:50.044  7850  9483 D DFS-AppUsageTracker: Fg changed, new=com.google.android.photopicker, but charging.
06-17 20:14:50.044 23633 24935 E msys    : E[S MSync]modular_sync_service_ffi::service_ffi::handle_network_response(1044)=>DB[223] - Encountered a network error (2002: TransientError domain: MNSSecureTCP code: 0 detail: mbedtls_ssl_read(): NET - Reading information from the socket failed (-0x004C), error = Software caused connection abort)
06-17 20:14:50.044 23633 24935 E msys    : E[S MSync]modular_sync_service_ffi::service_ffi::handle_network_error_response(1275)=>DB[223] - handle network error response
06-17 20:14:50.051  2516  3280 W XSpaceManagerServiceImpl: checkXSpaceControl, from:com.google.android.photopicker, to:com.google.android.documentsui, with act:android.intent.action.GET_CONTENT, callingUserId:0, toUserId:0
06-17 20:14:50.052  2516  3280 D PreStartingManager: Not init when use PreStartingManager!
06-17 20:14:50.052  2516  3280 W OptProp : Cannot read opt property android.window.PROPERTY_COMPAT_ALLOW_ORIENTATION_OVERRIDE
06-17 20:14:50.054 23633 24915 E msys    : E[N MQTT]onOSNetworkDisconnected(740)=>LigerBasedStreamTransport onOSNetworkDisconnected
06-17 20:14:50.054  3519  9152 D TaskStackChangeListeners: onTaskDescriptionChanged =  taskId = 1189
06-17 20:14:50.063 23633 24166 W RealtimeClientManager: Channel state: MqttChannelState{mConnectionState=DISCONNECTED, mDisconnectionReason=null, mLastConnectionMs=88745136, mLastDisconnectMs=88927492}
06-17 20:14:50.064 29357 29390 W libc    : Access denied finding property "vendor.migl.debug"
06-17 20:14:50.064 29357 29390 D libMiGL : SuperResolution SR initSR mBaseSRWidthSize: 0, mBaseSRHeightSize: 0, mTargetSRWidthSize: 0, mTargetSRHeightSize: 0
06-17 20:14:50.064 29357 29390 I libMiGL : EnableDR: 0
06-17 20:14:50.064 29357 29390 D libMiGL : mDFIInterval: -1
06-17 20:14:50.065 29357 29390 I AdrenoGLES-0: QUALCOMM build                   : a63fb93269, I16b8254a37
06-17 20:14:50.065 29357 29390 I AdrenoGLES-0: Build Date                       : 08/27/24
06-17 20:14:50.065 29357 29390 I AdrenoGLES-0: OpenGL ES Shader Compiler Version: EV031.36.08.30
06-17 20:14:50.065 29357 29390 I AdrenoGLES-0: Local Branch                     : 
06-17 20:14:50.065 29357 29390 I AdrenoGLES-0: Remote Branch                    : refs/tags/AU_LINUX_ANDROID_LA.VENDOR.1.0.11.00.00.770.073
06-17 20:14:50.065 29357 29390 I AdrenoGLES-0: Remote Branch                    : NONE
06-17 20:14:50.065 29357 29390 I AdrenoGLES-0: Reconstruct Branch               : NOTHING
06-17 20:14:50.065 29357 29390 I AdrenoGLES-0: Build Config                     : S P 12.1.1 AArch64
06-17 20:14:50.065 29357 29390 I AdrenoGLES-0: Driver Path                      : /vendor/lib64/egl/libGLESv2_adreno.so
06-17 20:14:50.065 29357 29390 I AdrenoGLES-0: Driver Version                   : 0615.91
06-17 20:14:50.067  2516  3280 E WindowManager: setClientVisible ActivityRecord{cb08ed u0 com.google.android.documentsui/com.android.documentsui.picker.PickActivity true
06-17 20:14:50.068  2516  3280 V GrammaticalInflectionUtils: AttributionSource: android.content.AttributionSource@7d9f44ee does not have READ_SYSTEM_GRAMMATICAL_GENDER permission.
06-17 20:14:50.069  2516  3280 W OptProp : Cannot read opt property android.window.PROPERTY_COMPAT_ALLOW_RESIZEABLE_ACTIVITY_OVERRIDES
06-17 20:14:50.070  2516  3280 W OptProp : Cannot read opt property android.window.PROPERTY_COMPAT_ALLOW_MIN_ASPECT_RATIO_OVERRIDE
06-17 20:14:50.071 23633 24935 E MDCoreSyncManagerImpl: [userId=-1821369413] Unknown event type: SUBSCRIPTION_STATE_CHANGED
06-17 20:14:50.071 23633 24935 E IgnitionDebug: [userId=-1821369413] Unknown event type: SUBSCRIPTION_STATE_CHANGED
06-17 20:14:50.074  2516  3280 I ActivityTaskManager: isKeyguardEditor: false, newTransition: null
06-17 20:14:50.075  2516  3280 D WindowManager: Collecting in transition 581: ActivityRecord{cb08ed u0 com.google.android.documentsui/com.android.documentsui.picker.PickActivity t-1} init visibleRequested:false
06-17 20:14:50.074 29357 29390 I AdrenoGLES-0: PFP: 0x016ee206, ME: 0x00000000
06-17 20:14:50.076  2516  3280 D MiuiFreeformServiceImpl: addLaunchFreeformActivityOptionIfNeed sourceFfas: null
06-17 20:14:50.076  2516  3280 D MiuiFreeformServiceImpl: addLaunchFreeformActivityOptionIfNeed skip due to not find sourceTask: null sourceFfas: null sourceFreeFormActivity: ActivityRecord{514142f u0 com.google.android.photopicker/com.android.photopicker.PhotopickerGetContentActivity t1189}
06-17 20:14:50.076 23633 24935 E msys    : E[S MSync]modular_sync_service_ffi::dispatch_ffi::send_sync_request(1152)=>Skip execute sync from callback 223
06-17 20:14:50.082  2516  3280 D WindowManager: setLockTaskAuth: task=Task{9266a34 #1189 type=standard A=10768:com.rj.telegramdrive} mLockTaskAuth=LOCK_TASK_AUTH_PINNABLE
06-17 20:14:50.082  2516  3280 D MiuiFreeFormManagerService: onStartActivityInner as = Task{9266a34 #1189 type=standard A=10768:com.rj.telegramdrive} op = null
06-17 20:14:50.083 23633 24601 W IrisSyncManager: Iris unsubscribed
06-17 20:14:50.083  2516  3280 I WindowManager: Try to add startingWindow type = STARTING_WINDOW_TYPE_SPLASH_SCREEN this = ActivityRecord{cb08ed u0 com.google.android.documentsui/com.android.documentsui.picker.PickActivity t1189} preAllowTaskSnapshot = true afterAllowTaskSnapshot = true newTask = false taskSwitch = false processRunning = false activityCreated = false activityAllDrawn = false isSnapshotCompatible = false resolvedTheme = 2132083103 theme = 2132083103
06-17 20:14:50.084  2516  3280 D PreStartingManager: Not init when use PreStartingManager!
06-17 20:14:50.085  2516  3280 D ActivityTrigger: ActivityTrigger activityPauseTrigger 
06-17 20:14:50.086  2516  3280 D WindowManager: Set transition=TransitionRecord{faa3c5 id=581 type=OPEN flags=0x0}, ready=false, SyncId=581 used=true, override=false, defer=0, states=Display{#0 state=ON size=1080x2460 ROTATION_0}:false
06-17 20:14:50.086  3400  3514 I DynamicDDSService: handleMessage(ACTIVITY_INVOKE{appInfo=com.google.android.documentsui isFullScreen=}true)
06-17 20:14:50.086  2516  3280 D WindowManager: Collecting in transition 581: ActivityRecord{cb08ed u0 com.google.android.documentsui/com.android.documentsui.picker.PickActivity t1189} init visibleRequested:false
06-17 20:14:50.086  2516  3280 D WindowManager: Set transition=TransitionRecord{faa3c5 id=581 type=OPEN flags=0x0}, ready=false, SyncId=581 used=true, override=false, defer=0, states=Display{#0 state=ON size=1080x2460 ROTATION_0}:false
06-17 20:14:50.088  2516  3280 I ActivityTaskManager: START u0 {act=android.intent.action.GET_CONTENT cat=[android.intent.category.OPENABLE] typ=*/* flg=0x3800000 cmp=com.google.android.documentsui/com.android.documentsui.picker.PickActivity (has extras)} with LAUNCH_MULTIPLE from uid 10017 from pid 29357 callingPackage com.google.android.photopicker (BAL_ALLOW_VISIBLE_WINDOW) result code=0
06-17 20:14:50.094  2516  4243 D MiuiSoScManager: supportSoScMinimizedMode:true
06-17 20:14:50.094  2516  4243 D MiuiSoScManager: taskInSoScFullMode:false
06-17 20:14:50.094  2516  2610 V GrammaticalInflectionUtils: AttributionSource: android.content.AttributionSource@7d9f44ee does not have READ_SYSTEM_GRAMMATICAL_GENDER permission.
06-17 20:14:50.094  3519  9152 D TaskStackChangeListeners: onTaskDescriptionChanged =  taskId = 1189
06-17 20:14:50.094  2516  4243 D MiuiFreeFormGestureController: deliverResultForFinishActivity resultTo: null resultFrom: ActivityRecord{514142f u0 com.google.android.photopicker/com.android.photopicker.PhotopickerGetContentActivity t1189 f}} isInVideoOrGameScene: false intent: Intent { act=android.intent.action.GET_CONTENT cat=[android.intent.category.OPENABLE] typ=*/* flg=0x800000 cmp=com.google.android.photopicker/com.android.photopicker.PhotopickerGetContentActivity (has extras) }
06-17 20:14:50.094  2516  4243 D WindowManager: Collecting in transition 581: ActivityRecord{514142f u0 com.google.android.photopicker/com.android.photopicker.PhotopickerGetContentActivity t1189 f}} init visibleRequested:true
06-17 20:14:50.099  3499  3622 D MiuiFreeformModeCornerTipHandler: task#1189 onTaskVanished
06-17 20:14:50.099  3499  3622 I MiuiBubbleController: removeBubble: 1189 reason=2
06-17 20:14:50.099  3499  3622 I MultiTaskingTaskRepository: onTaskInfoChanged multi list = [6, 5], full = [1189, 1175, 1176]
06-17 20:14:50.101  3499  3737 D MiuiCameraCoveredManager: java.lang.NullPointerException: Attempt to invoke virtual method 'java.lang.String android.provider.MiuiSettings$SettingsCloudData$CloudData.getString(java.lang.String, java.lang.String)' on a null object reference
06-17 20:14:50.110 29357 29357 D PhotopickerConfigurationManager: New intent received: Intent { act=android.intent.action.GET_CONTENT cat=[android.intent.category.OPENABLE] typ=*/* flg=0x3800000 cmp=com.google.android.documentsui/com.android.documentsui.picker.PickActivity (has extras) } : Configuration will now update.
06-17 20:14:50.111  2516  2731 D PreStartingManager: Not init when use PreStartingManager!
06-17 20:14:50.112  2516  2731 I WindowManager: Add startingWindow, surfaceControl = Surface(name=13bee46 Splash Screen com.google.android.documentsui#6159)/@0x712ed34 layerId = 6159
06-17 20:14:50.118 29357 29357 D PhotopickerConfigurationManager: Caller information updated : Configuration will now update.
06-17 20:14:50.118 29357 29357 D PhotopickerUserMonitor: UserMonitor requested but not yet initialized. Initializing UserMonitor.
06-17 20:14:50.119  1201  1201 D Zygote  : Forked child process 29397
06-17 20:14:50.120  2516  4243 D CoreBackPreview: Window{13bee46 u0 Splash Screen com.google.android.documentsui}: Setting back callback OnBackInvokedCallbackInfo{mCallback=android.window.IOnBackInvokedCallback$Stub$Proxy@18d075d, mPriority=0, mIsAnimationCallback=false}
06-17 20:14:50.122  2516  2627 I ActivityManager: Start proc 29397:com.google.android.documentsui/u0a87 for next-top-activity {com.google.android.documentsui/com.android.documentsui.picker.PickActivity} caller=com.google.android.photopicker
06-17 20:14:50.122 29357 29357 W PhotopickerUserMonitor: Expected profile resources could not be found
06-17 20:14:50.122 29357 29357 W PhotopickerUserMonitor: android.content.res.Resources$NotFoundException: No badge found for this user.
06-17 20:14:50.122 29357 29357 W PhotopickerUserMonitor: 	at android.os.UserManager.getUserBadge(UserManager.java:5892)
06-17 20:14:50.122 29357 29357 W PhotopickerUserMonitor: 	at com.android.photopicker.core.user.UserMonitor.getUserProfileFromHandle(go/retraceme 814e82df28d674eba96dfa6001043c5e2f52c62343d5d4c16cda26b2dbd185ad:62)
06-17 20:14:50.122 29357 29357 W PhotopickerUserMonitor: 	at com.android.photopicker.core.user.UserMonitor.<init>(go/retraceme 814e82df28d674eba96dfa6001043c5e2f52c62343d5d4c16cda26b2dbd185ad:37)
06-17 20:14:50.122 29357 29357 W PhotopickerUserMonitor: 	at com.android.photopicker.core.ActivityModule_ProvideUserMonitorFactory.get(go/retraceme 814e82df28d674eba96dfa6001043c5e2f52c62343d5d4c16cda26b2dbd185ad:67)
06-17 20:14:50.122 29357 29357 W PhotopickerUserMonitor: 	at dagger.internal.DoubleCheck.get(go/retraceme 814e82df28d674eba96dfa6001043c5e2f52c62343d5d4c16cda26b2dbd185ad:14)
06-17 20:14:50.122 29357 29357 W PhotopickerUserMonitor: 	at com.android.photopicker.core.ActivityModule_ProvidePrefetchDataServiceFactory.get(go/retraceme 814e82df28d674eba96dfa6001043c5e2f52c62343d5d4c16cda26b2dbd185ad:3)
06-17 20:14:50.122 29357 29357 W PhotopickerUserMonitor: 	at dagger.internal.DoubleCheck.get(go/retraceme 814e82df28d674eba96dfa6001043c5e2f52c62343d5d4c16cda26b2dbd185ad:14)
06-17 20:14:50.122 29357 29357 W PhotopickerUserMonitor: 	at com.android.photopicker.core.ActivityModule_ProvideFeatureManagerFactory.get(go/retraceme 814e82df28d674eba96dfa6001043c5e2f52c62343d5d4c16cda26b2dbd185ad:19)
06-17 20:14:50.122 29357 29357 W PhotopickerUserMonitor: 	at dagger.internal.DoubleCheck.get(go/retraceme 814e82df28d674eba96dfa6001043c5e2f52c62343d5d4c16cda26b2dbd185ad:14)
06-17 20:14:50.122 29357 29357 W PhotopickerUserMonitor: 	at com.android.photopicker.core.ActivityModule_ProvideEventsFactory.get(go/retraceme 814e82df28d674eba96dfa6001043c5e2f52c62343d5d4c16cda26b2dbd185ad:11)
06-17 20:14:50.122 29357 29357 W PhotopickerUserMonitor: 	at dagger.internal.DoubleCheck.get(go/retraceme 814e82df28d674eba96dfa6001043c5e2f52c62343d5d4c16cda26b2dbd185ad:14)
06-17 20:14:50.122 29357 29357 W PhotopickerUserMonitor: 	at com.android.photopicker.MainActivity$listenForEvents$1.invokeSuspend(go/retraceme 814e82df28d674eba96dfa6001043c5e2f52c62343d5d4c16cda26b2dbd185ad:34)
06-17 20:14:50.122 29357 29357 W PhotopickerUserMonitor: 	at kotlin.coroutines.jvm.internal.BaseContinuationImpl.resumeWith(go/retraceme 814e82df28d674eba96dfa6001043c5e2f52c62343d5d4c16cda26b2dbd185ad:8)
06-17 20:14:50.122 29357 29357 W PhotopickerUserMonitor: 	at kotlinx.coroutines.internal.DispatchedContinuationKt.resumeCancellableWith(go/retraceme 814e82df28d674eba96dfa6001043c5e2f52c62343d5d4c16cda26b2dbd185ad:146)
06-17 20:14:50.122 29357 29357 W PhotopickerUserMonitor: 	at kotlinx.coroutines.intrinsics.CancellableKt.startCoroutineCancellable(go/retraceme 814e82df28d674eba96dfa6001043c5e2f52c62343d5d4c16cda26b2dbd185ad:14)
06-17 20:14:50.122 29357 29357 W PhotopickerUserMonitor: 	at kotlinx.coroutines.AbstractCoroutine.start(go/retraceme 814e82df28d674eba96dfa6001043c5e2f52c62343d5d4c16cda26b2dbd185ad:100)
06-17 20:14:50.122 29357 29357 W PhotopickerUserMonitor: 	at kotlinx.coroutines.BuildersKt.launch(dex-id-2ad37fa842f22902a1fc9e126c9db4a65c25c99d:36)
06-17 20:14:50.122 29357 29357 W PhotopickerUserMonitor: 	at kotlinx.coroutines.BuildersKt.launch$default(dex-id-2ad37fa842f22902a1fc9e126c9db4a65c25c99d:13)
06-17 20:14:50.122 29357 29357 W PhotopickerUserMonitor: 	at com.android.photopicker.MainActivity.onCreate(go/retraceme 814e82df28d674eba96dfa6001043c5e2f52c62343d5d4c16cda26b2dbd185ad:517)
06-17 20:14:50.122 29357 29357 W PhotopickerUserMonitor: 	at android.app.Activity.performCreate(Activity.java:9224)
06-17 20:14:50.122 29357 29357 W PhotopickerUserMonitor: 	at android.app.Activity.performCreate(Activity.java:9173)
06-17 20:14:50.122 29357 29357 W PhotopickerUserMonitor: 	at android.app.Instrumentation.callActivityOnCreate(Instrumentation.java:1538)
06-17 20:14:50.122 29357 29357 W PhotopickerUserMonitor: 	at android.app.ActivityThread.performLaunchActivity(ActivityThread.java:4400)
06-17 20:14:50.122 29357 29357 W PhotopickerUserMonitor: 	at android.app.ActivityThread.handleLaunchActivity(ActivityThread.java:4639)
06-17 20:14:50.122 29357 29357 W PhotopickerUserMonitor: 	at android.app.servertransaction.LaunchActivityItem.execute(LaunchActivityItem.java:112)
06-17 20:14:50.122 29357 29357 W PhotopickerUserMonitor: 	at android.app.servertransaction.TransactionExecutor.executeNonLifecycleItem(TransactionExecutor.java:186)
06-17 20:14:50.122 29357 29357 W PhotopickerUserMonitor: 	at android.app.servertransaction.TransactionExecutor.executeTransactionItems(TransactionExecutor.java:112)
06-17 20:14:50.122 29357 29357 W PhotopickerUserMonitor: 	at android.app.servertransaction.TransactionExecutor.execute(TransactionExecutor.java:84)
06-17 20:14:50.122 29357 29357 W PhotopickerUserMonitor: 	at android.app.ActivityThread$H.handleMessage(ActivityThread.java:2875)
06-17 20:14:50.122 29357 29357 W PhotopickerUserMonitor: 	at android.os.Handler.dispatchMessage(Handler.java:107)
06-17 20:14:50.122 29357 29357 W PhotopickerUserMonitor: 	at android.os.Looper.loopOnce(Looper.java:249)
06-17 20:14:50.122 29357 29357 W PhotopickerUserMonitor: 	at android.os.Looper.loop(Looper.java:337)
06-17 20:14:50.122 29357 29357 W PhotopickerUserMonitor: 	at android.app.ActivityThread.main(ActivityThread.java:9608)
06-17 20:14:50.122 29357 29357 W PhotopickerUserMonitor: 	at java.lang.reflect.Method.invoke(Native Method)
06-17 20:14:50.122 29357 29357 W PhotopickerUserMonitor: 	at com.android.internal.os.RuntimeInit$MethodAndArgsCaller.run(RuntimeInit.java:615)
06-17 20:14:50.122 29357 29357 W PhotopickerUserMonitor: 	at com.android.internal.os.ZygoteInit.main(ZygoteInit.java:936)
06-17 20:14:50.122  2516 29398 W ContextImpl: Calling a method in the system process without a qualified user: android.app.ContextImpl.sendBroadcast:1260 com.qualcomm.qti.Performance$SendGameLaunchBroadcast.run:251 java.lang.Thread.run:1572 <bottom of call stack> <bottom of call stack> 
06-17 20:14:50.125 29357 29357 W PhotopickerUserMonitor: Expected profile resources could not be found
06-17 20:14:50.125 29357 29357 W PhotopickerUserMonitor: android.content.res.Resources$NotFoundException: No badge found for this user.
06-17 20:14:50.125 29357 29357 W PhotopickerUserMonitor: 	at android.os.UserManager.getUserBadge(UserManager.java:5892)
06-17 20:14:50.125 29357 29357 W PhotopickerUserMonitor: 	at com.android.photopicker.core.user.UserMonitor.getUserProfileFromHandle(go/retraceme 814e82df28d674eba96dfa6001043c5e2f52c62343d5d4c16cda26b2dbd185ad:62)
06-17 20:14:50.125 29357 29357 W PhotopickerUserMonitor: 	at com.android.photopicker.core.user.UserMonitor.<init>(go/retraceme 814e82df28d674eba96dfa6001043c5e2f52c62343d5d4c16cda26b2dbd185ad:172)
06-17 20:14:50.125 29357 29357 W PhotopickerUserMonitor: 	at com.android.photopicker.core.ActivityModule_ProvideUserMonitorFactory.get(go/retraceme 814e82df28d674eba96dfa6001043c5e2f52c62343d5d4c16cda26b2dbd185ad:67)
06-17 20:14:50.125 29357 29357 W PhotopickerUserMonitor: 	at dagger.internal.DoubleCheck.get(go/retraceme 814e82df28d674eba96dfa6001043c5e2f52c62343d5d4c16cda26b2dbd185ad:14)
06-17 20:14:50.125 29357 29357 W PhotopickerUserMonitor: 	at com.android.photopicker.core.ActivityModule_ProvidePrefetchDataServiceFactory.get(go/retraceme 814e82df28d674eba96dfa6001043c5e2f52c62343d5d4c16cda26b2dbd185ad:3)
06-17 20:14:50.125 29357 29357 W PhotopickerUserMonitor: 	at dagger.internal.DoubleCheck.get(go/retraceme 814e82df28d674eba96dfa6001043c5e2f52c62343d5d4c16cda26b2dbd185ad:14)
06-17 20:14:50.125 29357 29357 W PhotopickerUserMonitor: 	at com.android.photopicker.core.ActivityModule_ProvideFeatureManagerFactory.get(go/retraceme 814e82df28d674eba96dfa6001043c5e2f52c62343d5d4c16cda26b2dbd185ad:19)
06-17 20:14:50.125 29357 29357 W PhotopickerUserMonitor: 	at dagger.internal.DoubleCheck.get(go/retraceme 814e82df28d674eba96dfa6001043c5e2f52c62343d5d4c16cda26b2dbd185ad:14)
06-17 20:14:50.125 29357 29357 W PhotopickerUserMonitor: 	at com.android.photopicker.core.ActivityModule_ProvideEventsFactory.get(go/retraceme 814e82df28d674eba96dfa6001043c5e2f52c62343d5d4c16cda26b2dbd185ad:11)
06-17 20:14:50.125 29357 29357 W PhotopickerUserMonitor: 	at dagger.internal.DoubleCheck.get(go/retraceme 814e82df28d674eba96dfa6001043c5e2f52c62343d5d4c16cda26b2dbd185ad:14)
06-17 20:14:50.125 29357 29357 W PhotopickerUserMonitor: 	at com.android.photopicker.MainActivity$listenForEvents$1.invokeSuspend(go/retraceme 814e82df28d674eba96dfa6001043c5e2f52c62343d5d4c16cda26b2dbd185ad:34)
06-17 20:14:50.125 29357 29357 W PhotopickerUserMonitor: 	at kotlin.coroutines.jvm.internal.BaseContinuationImpl.resumeWith(go/retraceme 814e82df28d674eba96dfa6001043c5e2f52c62343d5d4c16cda26b2dbd185ad:8)
06-17 20:14:50.125 29357 29357 W PhotopickerUserMonitor: 	at kotlinx.coroutines.internal.DispatchedContinuationKt.resumeCancellableWith(go/retraceme 814e82df28d674eba96dfa6001043c5e2f52c62343d5d4c16cda26b2dbd185ad:146)
06-17 20:14:50.125 29357 29357 W PhotopickerUserMonitor: 	at kotlinx.coroutines.intrinsics.CancellableKt.startCoroutineCancellable(go/retraceme 814e82df28d674eba96dfa6001043c5e2f52c62343d5d4c16cda26b2dbd185ad:14)
06-17 20:14:50.125 29357 29357 W PhotopickerUserMonitor: 	at kotlinx.coroutines.AbstractCoroutine.start(go/retraceme 814e82df28d674eba96dfa6001043c5e2f52c62343d5d4c16cda26b2dbd185ad:100)
06-17 20:14:50.125 29357 29357 W PhotopickerUserMonitor: 	at kotlinx.coroutines.BuildersKt.launch(dex-id-2ad37fa842f22902a1fc9e126c9db4a65c25c99d:36)
06-17 20:14:50.125 29357 29357 W PhotopickerUserMonitor: 	at kotlinx.coroutines.BuildersKt.launch$default(dex-id-2ad37fa842f22902a1fc9e126c9db4a65c25c99d:13)
06-17 20:14:50.125 29357 29357 W PhotopickerUserMonitor: 	at com.android.photopicker.MainActivity.onCreate(go/retraceme 814e82df28d674eba96dfa6001043c5e2f52c62343d5d4c16cda26b2dbd185ad:517)
06-17 20:14:50.125 29357 29357 W PhotopickerUserMonitor: 	at android.app.Activity.performCreate(Activity.java:9224)
06-17 20:14:50.125 29357 29357 W PhotopickerUserMonitor: 	at android.app.Activity.performCreate(Activity.java:9173)
06-17 20:14:50.125 29357 29357 W PhotopickerUserMonitor: 	at android.app.Instrumentation.callActivityOnCreate(Instrumentation.java:1538)
06-17 20:14:50.125 29357 29357 W PhotopickerUserMonitor: 	at android.app.ActivityThread.performLaunchActivity(ActivityThread.java:4400)
06-17 20:14:50.125 29357 29357 W PhotopickerUserMonitor: 	at android.app.ActivityThread.handleLaunchActivity(ActivityThread.java:4639)
06-17 20:14:50.125 29357 29357 W PhotopickerUserMonitor: 	at android.app.servertransaction.LaunchActivityItem.execute(LaunchActivityItem.java:112)
06-17 20:14:50.125 29357 29357 W PhotopickerUserMonitor: 	at android.app.servertransaction.TransactionExecutor.executeNonLifecycleItem(TransactionExecutor.java:186)
06-17 20:14:50.125 29357 29357 W PhotopickerUserMonitor: 	at android.app.servertransaction.TransactionExecutor.executeTransactionItems(TransactionExecutor.java:112)
06-17 20:14:50.125 29357 29357 W PhotopickerUserMonitor: 	at android.app.servertransaction.TransactionExecutor.execute(TransactionExecutor.java:84)
06-17 20:14:50.125 29357 29357 W PhotopickerUserMonitor: 	at android.app.ActivityThread$H.handleMessage(ActivityThread.java:2875)
06-17 20:14:50.125 29357 29357 W PhotopickerUserMonitor: 	at android.os.Handler.dispatchMessage(Handler.java:107)
06-17 20:14:50.125 29357 29357 W PhotopickerUserMonitor: 	at android.os.Looper.loopOnce(Looper.java:249)
06-17 20:14:50.125 29357 29357 W PhotopickerUserMonitor: 	at android.os.Looper.loop(Looper.java:337)
06-17 20:14:50.125 29357 29357 W PhotopickerUserMonitor: 	at android.app.ActivityThread.main(ActivityThread.java:9608)
06-17 20:14:50.125 29357 29357 W PhotopickerUserMonitor: 	at java.lang.reflect.Method.invoke(Native Method)
06-17 20:14:50.125 29357 29357 W PhotopickerUserMonitor: 	at com.android.internal.os.RuntimeInit$MethodAndArgsCaller.run(RuntimeInit.java:615)
06-17 20:14:50.125 29357 29357 W PhotopickerUserMonitor: 	at com.android.internal.os.ZygoteInit.main(ZygoteInit.java:936)
06-17 20:14:50.128 29357 29357 W PhotopickerUserMonitor: Expected profile resources could not be found
06-17 20:14:50.128 29357 29357 W PhotopickerUserMonitor: android.content.res.Resources$NotFoundException: No badge found for this user.
06-17 20:14:50.128 29357 29357 W PhotopickerUserMonitor: 	at android.os.UserManager.getUserBadge(UserManager.java:5892)
06-17 20:14:50.128 29357 29357 W PhotopickerUserMonitor: 	at com.android.photopicker.core.user.UserMonitor.getUserProfileFromHandle(go/retraceme 814e82df28d674eba96dfa6001043c5e2f52c62343d5d4c16cda26b2dbd185ad:62)
06-17 20:14:50.128 29357 29357 W PhotopickerUserMonitor: 	at com.android.photopicker.core.user.UserMonitor.<init>(go/retraceme 814e82df28d674eba96dfa6001043c5e2f52c62343d5d4c16cda26b2dbd185ad:247)
06-17 20:14:50.128 29357 29357 W PhotopickerUserMonitor: 	at com.android.photopicker.core.ActivityModule_ProvideUserMonitorFactory.get(go/retraceme 814e82df28d674eba96dfa6001043c5e2f52c62343d5d4c16cda26b2dbd185ad:67)
06-17 20:14:50.128 29357 29357 W PhotopickerUserMonitor: 	at dagger.internal.DoubleCheck.get(go/retraceme 814e82df28d674eba96dfa6001043c5e2f52c62343d5d4c16cda26b2dbd185ad:14)
06-17 20:14:50.128 29357 29357 W PhotopickerUserMonitor: 	at com.android.photopicker.core.ActivityModule_ProvidePrefetchDataServiceFactory.get(go/retraceme 814e82df28d674eba96dfa6001043c5e2f52c62343d5d4c16cda26b2dbd185ad:3)
06-17 20:14:50.128 29357 29357 W PhotopickerUserMonitor: 	at dagger.internal.DoubleCheck.get(go/retraceme 814e82df28d674eba96dfa6001043c5e2f52c62343d5d4c16cda26b2dbd185ad:14)
06-17 20:14:50.128 29357 29357 W PhotopickerUserMonitor: 	at com.android.photopicker.core.ActivityModule_ProvideFeatureManagerFactory.get(go/retraceme 814e82df28d674eba96dfa6001043c5e2f52c62343d5d4c16cda26b2dbd185ad:19)
06-17 20:14:50.128 29357 29357 W PhotopickerUserMonitor: 	at dagger.internal.DoubleCheck.get(go/retraceme 814e82df28d674eba96dfa6001043c5e2f52c62343d5d4c16cda26b2dbd185ad:14)
06-17 20:14:50.128 29357 29357 W PhotopickerUserMonitor: 	at com.android.photopicker.core.ActivityModule_ProvideEventsFactory.get(go/retraceme 814e82df28d674eba96dfa6001043c5e2f52c62343d5d4c16cda26b2dbd185ad:11)
06-17 20:14:50.128 29357 29357 W PhotopickerUserMonitor: 	at dagger.internal.DoubleCheck.get(go/retraceme 814e82df28d674eba96dfa6001043c5e2f52c62343d5d4c16cda26b2dbd185ad:14)
06-17 20:14:50.128 29357 29357 W PhotopickerUserMonitor: 	at com.android.photopicker.MainActivity$listenForEvents$1.invokeSuspend(go/retraceme 814e82df28d674eba96dfa6001043c5e2f52c62343d5d4c16cda26b2dbd185ad:34)
06-17 20:14:50.128 29357 29357 W PhotopickerUserMonitor: 	at kotlin.coroutines.jvm.internal.BaseContinuationImpl.resumeWith(go/retraceme 814e82df28d674eba96dfa6001043c5e2f52c62343d5d4c16cda26b2dbd185ad:8)
06-17 20:14:50.128 29357 29357 W PhotopickerUserMonitor: 	at kotlinx.coroutines.internal.DispatchedContinuationKt.resumeCancellableWith(go/retraceme 814e82df28d674eba96dfa6001043c5e2f52c62343d5d4c16cda26b2dbd185ad:146)
06-17 20:14:50.128 29357 29357 W PhotopickerUserMonitor: 	at kotlinx.coroutines.intrinsics.CancellableKt.startCoroutineCancellable(go/retraceme 814e82df28d674eba96dfa6001043c5e2f52c62343d5d4c16cda26b2dbd185ad:14)
06-17 20:14:50.128 29357 29357 W PhotopickerUserMonitor: 	at kotlinx.coroutines.AbstractCoroutine.start(go/retraceme 814e82df28d674eba96dfa6001043c5e2f52c62343d5d4c16cda26b2dbd185ad:100)
06-17 20:14:50.128 29357 29357 W PhotopickerUserMonitor: 	at kotlinx.coroutines.BuildersKt.launch(dex-id-2ad37fa842f22902a1fc9e126c9db4a65c25c99d:36)
06-17 20:14:50.128 29357 29357 W PhotopickerUserMonitor: 	at kotlinx.coroutines.BuildersKt.launch$default(dex-id-2ad37fa842f22902a1fc9e126c9db4a65c25c99d:13)
06-17 20:14:50.128 29357 29357 W PhotopickerUserMonitor: 	at com.android.photopicker.MainActivity.onCreate(go/retraceme 814e82df28d674eba96dfa6001043c5e2f52c62343d5d4c16cda26b2dbd185ad:517)
06-17 20:14:50.128 29357 29357 W PhotopickerUserMonitor: 	at android.app.Activity.performCreate(Activity.java:9224)
06-17 20:14:50.128 29357 29357 W PhotopickerUserMonitor: 	at android.app.Activity.performCreate(Activity.java:9173)
06-17 20:14:50.128 29357 29357 W PhotopickerUserMonitor: 	at android.app.Instrumentation.callActivityOnCreate(Instrumentation.java:1538)
06-17 20:14:50.128 29357 29357 W PhotopickerUserMonitor: 	at android.app.ActivityThread.performLaunchActivity(ActivityThread.java:4400)
06-17 20:14:50.128 29357 29357 W PhotopickerUserMonitor: 	at android.app.ActivityThread.handleLaunchActivity(ActivityThread.java:4639)
06-17 20:14:50.128 29357 29357 W PhotopickerUserMonitor: 	at android.app.servertransaction.LaunchActivityItem.execute(LaunchActivityItem.java:112)
06-17 20:14:50.128 29357 29357 W PhotopickerUserMonitor: 	at android.app.servertransaction.TransactionExecutor.executeNonLifecycleItem(TransactionExecutor.java:186)
06-17 20:14:50.128 29357 29357 W PhotopickerUserMonitor: 	at android.app.servertransaction.TransactionExecutor.executeTransactionItems(TransactionExecutor.java:112)
06-17 20:14:50.128 29357 29357 W PhotopickerUserMonitor: 	at android.app.servertransaction.TransactionExecutor.execute(TransactionExecutor.java:84)
06-17 20:14:50.128 29357 29357 W PhotopickerUserMonitor: 	at android.app.ActivityThread$H.handleMessage(ActivityThread.java:2875)
06-17 20:14:50.128 29357 29357 W PhotopickerUserMonitor: 	at android.os.Handler.dispatchMessage(Handler.java:107)
06-17 20:14:50.128 29357 29357 W PhotopickerUserMonitor: 	at android.os.Looper.loopOnce(Looper.java:249)
06-17 20:14:50.128 29357 29357 W PhotopickerUserMonitor: 	at android.os.Looper.loop(Looper.java:337)
06-17 20:14:50.128 29357 29357 W PhotopickerUserMonitor: 	at android.app.ActivityThread.main(ActivityThread.java:9608)
06-17 20:14:50.128 29357 29357 W PhotopickerUserMonitor: 	at java.lang.reflect.Method.invoke(Native Method)
06-17 20:14:50.128 29357 29357 W PhotopickerUserMonitor: 	at com.android.internal.os.RuntimeInit$MethodAndArgsCaller.run(RuntimeInit.java:615)
06-17 20:14:50.128 29357 29357 W PhotopickerUserMonitor: 	at com.android.internal.os.ZygoteInit.main(ZygoteInit.java:936)
06-17 20:14:50.128 29357 29357 D PrefetchDataService: PrefetchDataService requested but not yet initialized. Initializing PrefetchDataService.
06-17 20:14:50.129 29357 29357 D PhotopickerFeatureManager: FeatureManager requested but not yet initialized. Initializing FeatureManager.
06-17 20:14:50.129 29357 29357 D PhotopickerFeatureManager: Beginning prefetching results in the background.
06-17 20:14:50.131 29357 29399 D MapOfDeferredWithTimeout: Fetching result for : SEARCH_STATE
06-17 20:14:50.132 29357 29399 D MapOfDeferredWithTimeout: Fetching result for : 0
06-17 20:14:50.133  3499  3499 W ll.splashscreen: type=1400 audit(0.0:37852): avc:  denied  { read } for  name="u:object_r:vendor_display_prop:s0" dev="tmpfs" ino=451 scontext=u:r:system_app:s0 tcontext=u:object_r:vendor_display_prop:s0 tclass=file permissive=0
06-17 20:14:50.135  3499  3737 W libc    : Access denied finding property "vendor.display.enable_optimal_refresh_rate"
06-17 20:14:50.136  3499  3737 W libc    : Access denied finding property "vendor.gpp.create_frc_extension"
06-17 20:14:50.136  3499  3737 I ndroid.systemui: 【MiuiBoosterUtils】checkUtil disable.
06-17 20:14:50.136  3499  3737 I ndroid.systemui: 【MiuiBoosterUtils】package permission check disable.
06-17 20:14:50.136  3499  3737 I ndroid.systemui: 【MiuiBoosterUtils】get Service disable.
06-17 20:14:50.138  3499  3737 D VRI[documentsui]: vri.reportNextDraw android.view.ViewRootImpl.performTraversals:4972 android.view.ViewRootImpl.doTraversal:3560 android.view.ViewRootImpl$TraversalRunnable.run:11601 android.view.Choreographer$CallbackRecord.run:1747 android.view.Choreographer$CallbackRecord.run:1756 
06-17 20:14:50.138  3499  3737 D VRI[documentsui]: vri.Setup new sync=wmsSync-VRI[documentsui]#6
06-17 20:14:50.139  3499 29409 I ndroid.systemui: 【MiuiBoosterUtils】improve disable.
06-17 20:14:50.139  2516  3887 I ClipboardServiceI: checkProviderWakePathForClipboard: com.google.android.photopickeris not a activePermissionOwner
06-17 20:14:50.141  1459  2730 D AudioFlingerImpl: setGameParameters keyvalue: gamebooster=false
06-17 20:14:50.141  1274  7782 D AHAL: AudioDeviceCustom: SetParameters gamebooster=false
06-17 20:14:50.141  1274  7782 D AHAL: AudioDevice: SetParameters: 1374: enter: gamebooster=false
06-17 20:14:50.141  1274  7782 D AHAL: AudioVoice: VoiceSetParameters: 86: Enter params: gamebooster=false
06-17 20:14:50.141  1274  7782 D AHAL: AudioVoice: VoiceSetParameters: 307: Exit ret: 0
06-17 20:14:50.141  1274  7782 D AHAL: FM: fm_set_parameters: 262: Enter
06-17 20:14:50.141  1274  7782 D AHAL: FM: fm_set_parameters: 320: exit
06-17 20:14:50.141  1274  7782 D AHAL: Loopback_karaoke: karaoke_set_parameters: Enter
06-17 20:14:50.141  1274  7782 D AHAL: Loopback_karaoke: karaoke_set_parameters: Exit
06-17 20:14:50.141  1274  7782 D AHAL: AudioDevice: SetParameters: 1975: exit: gamebooster=false
06-17 20:14:50.144 29397 29397 E Zygote  : process_name_ptr:29397 com.google.android.documentsui
06-17 20:14:50.144 29397 29397 E Zygote  : SetMemoryProtected process_name_ptr:29397 com.google.android.documentsui
06-17 20:14:50.144  5659  9697 W SQLiteLog: (28) double-quoted string literal: "com.google.android.documentsui"
06-17 20:14:50.151  5420 24235 I MediaProvider: Received picker internal call to get available search providers.
06-17 20:14:50.151  3499  3737 D VRI[documentsui]: vri.reportDrawFinished
06-17 20:14:50.155  5420 24235 D PickerDataLayerV2: Calculating available search providers.
06-17 20:14:50.155  5420 24235 D PickerSyncLockManager: Trying to acquire lock com.android.providers.media.photopicker.sync.CloseableReentrantLock@b0d18a[Unlocked]. Lock Name = CLOUD_PROVIDER_LOCK. Threads that may be waiting to acquire this lock = [] with timeout.
06-17 20:14:50.155  5420 24235 D CloseableReentrantLock: Successfully acquired lock com.android.providers.media.photopicker.sync.CloseableReentrantLock@b0d18a[Locked by thread binder:5420_B]. Lock Name = CLOUD_PROVIDER_LOCK. Threads that may be waiting to acquire this lock = []
06-17 20:14:50.155  5420 24235 D CloseableReentrantLock: Successfully released lock com.android.providers.media.photopicker.sync.CloseableReentrantLock@b0d18a[Unlocked]. Lock Name = CLOUD_PROVIDER_LOCK. Threads that may be waiting to acquire this lock = []
06-17 20:14:50.156  5420 17137 D PickerSyncLockManager: Trying to acquire lock com.android.providers.media.photopicker.sync.CloseableReentrantLock@b0d18a[Unlocked]. Lock Name = CLOUD_PROVIDER_LOCK. Threads that may be waiting to acquire this lock = [] with timeout.
06-17 20:14:50.156  5420 17137 D CloseableReentrantLock: Successfully acquired lock com.android.providers.media.photopicker.sync.CloseableReentrantLock@b0d18a[Locked by thread foreground-pool-2]. Lock Name = CLOUD_PROVIDER_LOCK. Threads that may be waiting to acquire this lock = []
06-17 20:14:50.156  5420 17137 D CloseableReentrantLock: Successfully released lock com.android.providers.media.photopicker.sync.CloseableReentrantLock@b0d18a[Unlocked]. Lock Name = CLOUD_PROVIDER_LOCK. Threads that may be waiting to acquire this lock = []
06-17 20:14:50.157  2516  2611 D PreStartingManager: Not init when use PreStartingManager!
06-17 20:14:50.165 29397 29397 I oid.documentsui: Using generational CollectorTypeCMC GC.
06-17 20:14:50.169  2516  2957 D isUidValid: uid = 10204
06-17 20:14:50.169  2516  2858 I MiuiNetworkPolicy: updateUidState uid = 10204, uidState = 5
06-17 20:14:50.170  2516  3887 I ClipboardServiceI: checkProviderWakePathForClipboard: com.google.android.providers.media.moduleis not a activePermissionOwner
06-17 20:14:50.170  2516  3887 I SmartPower: com.google.android.apps.photos/10204(26957): idle->background(37275ms) R(content provider start ContentProviderRecord{221ebb8 u0 com.google.android.apps.photos/.cloudpicker.CloudMediaProviderWrapper}) adj=0.
06-17 20:14:50.183 29397 29397 D nativeloader: Load libframework-connectivity-tiramisu-jni.so using APEX ns com_android_tethering for caller /apex/com.android.tethering/javalib/framework-connectivity-t.jar: ok
06-17 20:14:50.186  5420 17136 V LocalSearchManager: Did not find any implementor of SearchMediaService.
06-17 20:14:50.190  5420 17136 E PhotoPickerProvider: Failed to check if local search is enabled
06-17 20:14:50.190  5420 17136 E PhotoPickerProvider: java.lang.IllegalStateException: Service not connected
06-17 20:14:50.190  5420 17136 E PhotoPickerProvider: 	at com.android.providers.media.photopicker.PhotoPickerLocalSearchManager.isSemanticSearchSupported(PhotoPickerLocalSearchManager.java:155)
06-17 20:14:50.190  5420 17136 E PhotoPickerProvider: 	at com.android.providers.media.photopicker.PhotoPickerProvider.isSearchEnabled(PhotoPickerProvider.java:329)
06-17 20:14:50.190  5420 17136 E PhotoPickerProvider: 	at com.android.providers.media.photopicker.PhotoPickerProvider.onGetCapabilities(PhotoPickerProvider.java:319)
06-17 20:14:50.190  5420 17136 E PhotoPickerProvider: 	at android.provider.CloudMediaProvider.callUnchecked(CloudMediaProvider.java:761)
06-17 20:14:50.190  5420 17136 E PhotoPickerProvider: 	at android.provider.CloudMediaProvider.call(CloudMediaProvider.java:734)
06-17 20:14:50.190  5420 17136 E PhotoPickerProvider: 	at android.content.ContentProvider.call(ContentProvider.java:2757)
06-17 20:14:50.190  5420 17136 E PhotoPickerProvider: 	at android.content.ContentProvider$Transport.call(ContentProvider.java:641)
06-17 20:14:50.190  5420 17136 E PhotoPickerProvider: 	at android.content.ContentProviderClient.call(ContentProviderClient.java:601)
06-17 20:14:50.190  5420 17136 E PhotoPickerProvider: 	at android.content.ContentProviderClient.call(ContentProviderClient.java:589)
06-17 20:14:50.190  5420 17136 E PhotoPickerProvider: 	at com.android.providers.media.photopicker.sync.PickerSearchProviderClient.fetchCapabilities(PickerSearchProviderClient.java:254)
06-17 20:14:50.190  5420 17136 E PhotoPickerProvider: 	at com.android.providers.media.photopicker.SearchState.doesLocalProviderSupportSearch(SearchState.java:108)
06-17 20:14:50.190  5420 17136 E PhotoPickerProvider: 	at com.android.providers.media.photopicker.SearchState.isLocalSearchEnabled(SearchState.java:136)
06-17 20:14:50.190  5420 17136 E PhotoPickerProvider: 	at com.android.providers.media.photopicker.v2.PickerDataLayerV2.$r8$lambda$LzYBg9FQAjB2SfoOD3HXjF_LAKc(PickerDataLayerV2.java:1954)
06-17 20:14:50.190  5420 17136 E PhotoPickerProvider: 	at com.android.providers.media.photopicker.v2.PickerDataLayerV2$$ExternalSyntheticLambda1.get(R8$$SyntheticClass:0)
06-17 20:14:50.190  5420 17136 E PhotoPickerProvider: 	at java.util.concurrent.CompletableFuture$AsyncSupply.run(CompletableFuture.java:1744)
06-17 20:14:50.190  5420 17136 E PhotoPickerProvider: 	at java.util.concurrent.ThreadPoolExecutor.runWorker(ThreadPoolExecutor.java:1100)
06-17 20:14:50.190  5420 17136 E PhotoPickerProvider: 	at java.util.concurrent.ThreadPoolExecutor$Worker.run(ThreadPoolExecutor.java:624)
06-17 20:14:50.190  5420 17136 E PhotoPickerProvider: 	at com.android.providers.media.util.ThreadFactoryUtil$1.$r8$lambda$Wm4GPOYBu_O7miOEhuUfhyf0mgc(ThreadFactoryUtil.java:77)
06-17 20:14:50.190  5420 17136 E PhotoPickerProvider: 	at com.android.providers.media.util.ThreadFactoryUtil$1$$ExternalSyntheticLambda0.run(R8$$SyntheticClass:0)
06-17 20:14:50.190  5420 17136 E PhotoPickerProvider: 	at java.lang.Thread.run(Thread.java:1572)
06-17 20:14:50.190  5420 17136 D PickerSearchProviderClient: Capabilities received from CMP:  isSearchEnabled=false isMediaCategoriesEnabled=true isAlbumsAsCategoryEnabled=false
06-17 20:14:50.190  5420 17136 D PickerSearchState: Local media provider: com.android.providers.media.photopicker, Is search capability available: false
06-17 20:14:50.191  5420 17136 V PickerSearchState: Local search enabled: false
06-17 20:14:50.203 29397 29419 I MessageMonitor: Load libmiui_runtime
06-17 20:14:50.211  2516  2731 D SymlinkUtils: attachApplication file op go pass: 0 ms
06-17 20:14:50.214  2516  2731 I SmartPower: com.google.android.documentsui/10087(29397): died->invisible(5326ms) R(process start ) adj=-10000.
06-17 20:14:50.218  2516  2731 D CompatibilityInfo: mCompatibilityFlags - 0
06-17 20:14:50.218  2516  2731 D CompatibilityInfo: applicationDensity - 440
06-17 20:14:50.218  2516  2731 D CompatibilityInfo: applicationScale - 1.0
06-17 20:14:50.222  2516  2608 D Aurogon :  uid = 10087 switch to FG
06-17 20:14:50.224  6143 13554 D ProcessObserverV15: onForegroundActivitiesChanged:pid = 29397,activity-uid=10087,foregroundActivities=true
06-17 20:14:50.225 29397 29418 D MiuiDownscaleImpl: set override inverted scale : 1.0
06-17 20:14:50.226 29397 29397 I JavaheapMonitor: Disabled. Process name: <pre-initialized>
06-17 20:14:50.227  2516  2731 W ActivityTaskManager: Permission Denial: getFocusedRootTaskInfo() from pid=6143, uid=10206 requires android.permission.MANAGE_ACTIVITY_TASKS
06-17 20:14:50.229 29397 29397 D MiuiMonitorThread: Shared singleton Thread for stability monitor start
06-17 20:14:50.230  2516  2858 I MiuiNetworkPolicy: updateUidState uid = 10087, uidState = 2
06-17 20:14:50.231  2516  2957 D isUidValid: uid = 10087
06-17 20:14:50.232  6143 13554 D PkgUtil : getTopFromFocusedTask error: java.lang.reflect.InvocationTargetException
06-17 20:14:50.232 12894 12934 I HeavyPackageIdentify: splitMode: false, splitPackages: null, foregroundPkg: com.google.android.photopicker
06-17 20:14:50.238 29397 29418 D AppScoutStateMachine: 29397-ScoutStateMachinecreated
06-17 20:14:50.238 29397 29423 D ActivityThread: the event that target app starts is : AppLaunchEvent{mType='441', mProcessName='com.google.android.documentsui', mPackageName='com.google.android.documentsui', mIsMainProcess='true', mVersionCode='370549140', mLaunchTime='2026-06-17'}
06-17 20:14:50.240  5537  5551 W MQSEventManager: occur
06-17 20:14:50.244 29397 29397 D ActivityThread: setEmbeddedParam packageName=com.google.android.documentsui processName=com.google.android.documentsui isEmbedded=false isIsolated=false
06-17 20:14:50.249  2516  2731 D ConnectivityService: Returning BLOCKED NetworkInfo to uid=10670
06-17 20:14:50.261 29397 29397 W oid.documentsui: Failed to find entry 'classes.dex': Entry not found
06-17 20:14:50.261 29397 29397 D nativeloader: Configuring clns-7 for other apk /data/app/~~zM8q9nBRRUUmTNMd_gfVsA==/com.google.android.documentsui-rfNaRhGv6oYYLKCjY20P1w==/base.apk:/data/app/~~zM8q9nBRRUUmTNMd_gfVsA==/com.google.android.documentsui-rfNaRhGv6oYYLKCjY20P1w==/split_config.xxhdpi.apk. target_sdk_version=37, uses_libraries=, library_path=/data/app/~~zM8q9nBRRUUmTNMd_gfVsA==/com.google.android.documentsui-rfNaRhGv6oYYLKCjY20P1w==/lib/arm64, permitted_path=/data:/mnt/expand:/data/user/0/com.google.android.documentsui
06-17 20:14:50.272 29397 29397 I Perf    : Connecting to perf service.
06-17 20:14:50.278 29397 29397 V GraphicsEnvironment: Currently set values for:
06-17 20:14:50.278 29397 29397 V GraphicsEnvironment:   angle_gl_driver_selection_pkgs=[]
06-17 20:14:50.278 29397 29397 V GraphicsEnvironment:   angle_gl_driver_selection_values=[]
06-17 20:14:50.278 29397 29397 V GraphicsEnvironment: Global.Settings values are invalid: number of packages: 0, number of values: 0
06-17 20:14:50.281 29397 29421 I ActivityThread: TrafficStats init done
06-17 20:14:50.285  2516  2731 I ClipboardServiceI: checkProviderWakePathForClipboard: com.google.android.documentsuiis not a activePermissionOwner
06-17 20:14:50.293 29397 29421 I ForceDarkHelperStubImpl: initialize for com.google.android.documentsui , ForceDarkOrigin
06-17 20:14:50.296 29397 29421 D nativeloader: Load libforcedarkimpl.so using system ns (caller=/system_ext/framework/miui-framework.jar): ok
06-17 20:14:50.296 29397 29421 D HWUI    : JNI_OnLoad success
06-17 20:14:50.296 29397 29421 I MiuiForceDarkConfig: setConfig density:2.750000, mainRule:0, secondaryRule:0, tertiaryRule:0
06-17 20:14:50.298  5420 17137 D PickerSearchProviderClient: Capabilities received from CMP:  isSearchEnabled=true isMediaCategoriesEnabled=true isAlbumsAsCategoryEnabled=true
06-17 20:14:50.299  5420 17137 D PickerSearchState: Current cloud media provider: com.google.android.apps.photos.cloudpicker, Is search capability available: true
06-17 20:14:50.299  5420 24235 D ThreadFactoryUtil: Created thread background-pool-7
06-17 20:14:50.303  2516  5815 D MiuiForceVkService: shouldUseVk, pkg=com.google.android.documentsui useVk 0
06-17 20:14:50.303  5420 24235 D PickerDataLayerV2: Available search providers are: Bundle[{search_provider_authorities=[com.google.android.apps.photos.cloudpicker]}]
06-17 20:14:50.305 29357 29400 D MapOfDeferredWithTimeout: Finished fetching result for : 0 val: [com.google.android.apps.photos.cloudpicker]
06-17 20:14:50.305 29357 29400 D PrefetchDataService: Global search providers available are {0=[com.google.android.apps.photos.cloudpicker]}. Search state is GlobalSearchStateInfo(providersWithSearchEnabled={0=[com.google.android.apps.photos.cloudpicker]}, currentUserId=0).state
06-17 20:14:50.306 29357 29400 D MapOfDeferredWithTimeout: Finished fetching result for : SEARCH_STATE val: ENABLED
06-17 20:14:50.306 29357 29357 D PhotopickerFeatureManager: Creation of deferred prefetch results map is complete for keys: [SEARCH_STATE]
