--------- beginning of main
06-17 20:14:37.339  1303 10901 E sensors-hal: handle_sns_std_sensor_event:69, ambient_light_event: ts=88914765632542, lux = 10, raw_data1=6, raw_data2=1
06-17 20:14:37.416  1974  1974 I adbd    : adbd service requested 'shell,v2,TERM=xterm-256color:export ANDROID_LOG_TAGS=''; exec logcat'
06-17 20:14:37.720  2516  2858 I MiuiNetworkPolicy: updateUidState uid = 10330, uidState = 19
06-17 20:14:37.729  2516  2858 I MiuiNetworkPolicy: updateUidState uid = 10330, uidState = 11
06-17 20:14:38.152  2516  3354 D SLM-SRV-SLAService: checktemp temperature = 41806 temperature_average = 41516 isPerformanceMode = false thermal_enable_slm = true
06-17 20:14:38.322  1264  1334 E minksocket: MinkIPC_QRTR_Service: client with node 1 port 4f31 went down
06-17 20:14:38.325  1264  1334 E minksocket: MinkIPC_QRTR_Service: client with node 1 port 4f32 went down
06-17 20:14:38.329  1264  1334 E minksocket: MinkIPC_QRTR_Service: client with node 1 port 4f33 went down
06-17 20:14:38.335  1264  1334 E minksocket: MinkIPC_QRTR_Service: client with node 1 port 4f34 went down
06-17 20:14:38.367  1303 10901 E sensors-hal: handle_sns_std_sensor_event:69, ambient_light_event: ts=88915795415354, lux = 10, raw_data1=6, raw_data2=1
06-17 20:14:38.583 28986 28997 W System  : A resource failed to call close. 
06-17 20:14:38.740  2516  2858 I MiuiNetworkPolicy: updateUidState uid = 10330, uidState = 19
06-17 20:14:38.750  2516  2858 I MiuiNetworkPolicy: updateUidState uid = 10330, uidState = 11
06-17 20:14:39.398  1303 10901 E sensors-hal: handle_sns_std_sensor_event:69, ambient_light_event: ts=88916825466188, lux = 10, raw_data1=5, raw_data2=0
06-17 20:14:39.420  1264  1334 E minksocket: MinkIPC_QRTR_Service: client with node 1 port 4f35 went down
06-17 20:14:39.423  1264  1334 E minksocket: MinkIPC_QRTR_Service: client with node 1 port 4f36 went down
06-17 20:14:39.429  1264  1334 E minksocket: MinkIPC_QRTR_Service: client with node 1 port 4f37 went down
06-17 20:14:39.434  1264  1334 E minksocket: MinkIPC_QRTR_Service: client with node 1 port 4f38 went down
06-17 20:14:39.756  2516  2858 I MiuiNetworkPolicy: updateUidState uid = 10330, uidState = 19
06-17 20:14:39.768  2516  2858 I MiuiNetworkPolicy: updateUidState uid = 10330, uidState = 11
06-17 20:14:40.420  1264  1334 E minksocket: MinkIPC_QRTR_Service: client with node 1 port 4f39 went down
06-17 20:14:40.424  1264  1334 E minksocket: MinkIPC_QRTR_Service: client with node 1 port 4f3a went down
06-17 20:14:40.427  1303 10901 E sensors-hal: handle_sns_std_sensor_event:69, ambient_light_event: ts=88917855264602, lux = 11, raw_data1=6, raw_data2=0
06-17 20:14:40.432  1264  1334 E minksocket: MinkIPC_QRTR_Service: client with node 1 port 4f3b went down
06-17 20:14:40.436  1264  1334 E minksocket: MinkIPC_QRTR_Service: client with node 1 port 4f3d went down
06-17 20:14:40.440  1264  1334 E minksocket: MinkIPC_QRTR_Service: client with node 1 port 4f3e went down
06-17 20:14:40.444  1264  1334 E minksocket: MinkIPC_QRTR_Service: client with node 1 port 4f3f went down
06-17 20:14:40.448  1867  1928 D IPACM   : vendor/qcom/opensource/data-ipa-cfg-mgr/ipacm/src/IPACM_Routing.cpp:343 DeleteRoutingHdl() Deleting Route hdl:(0x14) with ip type: 1
06-17 20:14:40.449  1867  1928 D IPACM   : vendor/qcom/opensource/data-ipa-cfg-mgr/ipacm/src/IPACM_Routing.cpp:343 DeleteRoutingHdl() Deleting Route hdl:(0x15) with ip type: 1
06-17 20:14:40.451  1867  1928 D IPACM   : vendor/qcom/opensource/data-ipa-cfg-mgr/ipacm/src/IPACM_Routing.cpp:343 DeleteRoutingHdl() Deleting Route hdl:(0x13) with ip type: 1
06-17 20:14:40.453  1867  1928 D IPACM   : vendor/qcom/opensource/data-ipa-cfg-mgr/ipacm/src/IPACM_Routing.cpp:343 DeleteRoutingHdl() Deleting Route hdl:(0x17) with ip type: 1
06-17 20:14:40.456  1867  1928 D IPACM   : vendor/qcom/opensource/data-ipa-cfg-mgr/ipacm/src/IPACM_Routing.cpp:111 AddRoutingRule() Added routing rule 0xb40000757b89a6d0
06-17 20:14:40.457  1867  1928 D IPACM   : vendor/qcom/opensource/data-ipa-cfg-mgr/ipacm/src/IPACM_Routing.cpp:111 AddRoutingRule() Added routing rule 0xb40000757b89a6d0
06-17 20:14:40.459  1867  1928 D IPACM   : vendor/qcom/opensource/data-ipa-cfg-mgr/ipacm/src/IPACM_Routing.cpp:111 AddRoutingRule() Added routing rule 0xb40000757b89a6d0
06-17 20:14:40.460  1867  1928 D IPACM   : vendor/qcom/opensource/data-ipa-cfg-mgr/ipacm/src/IPACM_Routing.cpp:111 AddRoutingRule() Added routing rule 0xb40000757b89a6d0
06-17 20:14:40.461  1867  1928 D IPACM   : vendor/qcom/opensource/data-ipa-cfg-mgr/ipacm/src/IPACM_Routing.cpp:343 DeleteRoutingHdl() Deleting Route hdl:(0x22) with ip type: 0
06-17 20:14:40.462  1867  1928 D IPACM   : vendor/qcom/opensource/data-ipa-cfg-mgr/ipacm/src/IPACM_Routing.cpp:343 DeleteRoutingHdl() Deleting Route hdl:(0x21) with ip type: 0
06-17 20:14:40.463  1867  1928 D IPACM   : vendor/qcom/opensource/data-ipa-cfg-mgr/ipacm/src/IPACM_Routing.cpp:343 DeleteRoutingHdl() Deleting Route hdl:(0x23) with ip type: 0
06-17 20:14:40.465  1867  1928 D IPACM   : vendor/qcom/opensource/data-ipa-cfg-mgr/ipacm/src/IPACM_Routing.cpp:111 AddRoutingRule() Added routing rule 0xb40000757b89a6d0
06-17 20:14:40.466  1867  1928 D IPACM   : vendor/qcom/opensource/data-ipa-cfg-mgr/ipacm/src/IPACM_Routing.cpp:111 AddRoutingRule() Added routing rule 0xb40000757b89a6d0
06-17 20:14:40.467  1867  1928 D IPACM   : vendor/qcom/opensource/data-ipa-cfg-mgr/ipacm/src/IPACM_Routing.cpp:111 AddRoutingRule() Added routing rule 0xb40000757b89a6d0
06-17 20:14:40.467  1867  1928 D IPACM   : vendor/qcom/opensource/data-ipa-cfg-mgr/ipacm/src/IPACM_Routing.cpp:343 DeleteRoutingHdl() Deleting Route hdl:(0x19) with ip type: 1
06-17 20:14:40.468  1867  1928 D IPACM   : vendor/qcom/opensource/data-ipa-cfg-mgr/ipacm/src/IPACM_Routing.cpp:343 DeleteRoutingHdl() Deleting Route hdl:(0x1a) with ip type: 1
06-17 20:14:40.470  1867  1928 D IPACM   : vendor/qcom/opensource/data-ipa-cfg-mgr/ipacm/src/IPACM_Routing.cpp:343 DeleteRoutingHdl() Deleting Route hdl:(0x18) with ip type: 1
06-17 20:14:40.471  1867  1928 D IPACM   : vendor/qcom/opensource/data-ipa-cfg-mgr/ipacm/src/IPACM_Routing.cpp:343 DeleteRoutingHdl() Deleting Route hdl:(0x1b) with ip type: 1
06-17 20:14:40.472  1867  1928 D IPACM   : vendor/qcom/opensource/data-ipa-cfg-mgr/ipacm/src/IPACM_Routing.cpp:343 DeleteRoutingHdl() Deleting Route hdl:(0x1d) with ip type: 1
06-17 20:14:40.474  1867  1928 D IPACM   : vendor/qcom/opensource/data-ipa-cfg-mgr/ipacm/src/IPACM_Routing.cpp:343 DeleteRoutingHdl() Deleting Route hdl:(0x1e) with ip type: 1
06-17 20:14:40.476  1867  1928 D IPACM   : vendor/qcom/opensource/data-ipa-cfg-mgr/ipacm/src/IPACM_Routing.cpp:343 DeleteRoutingHdl() Deleting Route hdl:(0x1c) with ip type: 1
06-17 20:14:40.477  1867  1928 D IPACM   : vendor/qcom/opensource/data-ipa-cfg-mgr/ipacm/src/IPACM_Routing.cpp:343 DeleteRoutingHdl() Deleting Route hdl:(0x1f) with ip type: 1
06-17 20:14:40.480  1867  1928 D IPACM   : vendor/qcom/opensource/data-ipa-cfg-mgr/ipacm/src/IPACM_Routing.cpp:111 AddRoutingRule() Added routing rule 0xb40000757b89a6d0
06-17 20:14:40.481  1867  1928 D IPACM   : vendor/qcom/opensource/data-ipa-cfg-mgr/ipacm/src/IPACM_Routing.cpp:111 AddRoutingRule() Added routing rule 0xb40000757b89a6d0
06-17 20:14:40.481  1867  1928 D IPACM   : vendor/qcom/opensource/data-ipa-cfg-mgr/ipacm/src/IPACM_Routing.cpp:111 AddRoutingRule() Added routing rule 0xb40000757b89a6d0
06-17 20:14:40.482  1867  1928 D IPACM   : vendor/qcom/opensource/data-ipa-cfg-mgr/ipacm/src/IPACM_Routing.cpp:111 AddRoutingRule() Added routing rule 0xb40000757b89a6d0
06-17 20:14:40.483  1867  1928 D IPACM   : vendor/qcom/opensource/data-ipa-cfg-mgr/ipacm/src/IPACM_Routing.cpp:111 AddRoutingRule() Added routing rule 0xb40000757b89a6d0
06-17 20:14:40.484  1867  1928 D IPACM   : vendor/qcom/opensource/data-ipa-cfg-mgr/ipacm/src/IPACM_Routing.cpp:111 AddRoutingRule() Added routing rule 0xb40000757b89a6d0
06-17 20:14:40.485  1867  1928 D IPACM   : vendor/qcom/opensource/data-ipa-cfg-mgr/ipacm/src/IPACM_Routing.cpp:111 AddRoutingRule() Added routing rule 0xb40000757b89a6d0
06-17 20:14:40.485  1867  1928 D IPACM   : vendor/qcom/opensource/data-ipa-cfg-mgr/ipacm/src/IPACM_Routing.cpp:111 AddRoutingRule() Added routing rule 0xb40000757b89a6d0
06-17 20:14:40.486  1867  1928 D IPACM   : vendor/qcom/opensource/data-ipa-cfg-mgr/ipacm/src/IPACM_Routing.cpp:343 DeleteRoutingHdl() Deleting Route hdl:(0x25) with ip type: 1
06-17 20:14:40.487  1867  1928 D IPACM   : vendor/qcom/opensource/data-ipa-cfg-mgr/ipacm/src/IPACM_Routing.cpp:343 DeleteRoutingHdl() Deleting Route hdl:(0x26) with ip type: 1
06-17 20:14:40.488  1867  1928 D IPACM   : vendor/qcom/opensource/data-ipa-cfg-mgr/ipacm/src/IPACM_Routing.cpp:343 DeleteRoutingHdl() Deleting Route hdl:(0x24) with ip type: 1
06-17 20:14:40.489  1867  1928 D IPACM   : vendor/qcom/opensource/data-ipa-cfg-mgr/ipacm/src/IPACM_Routing.cpp:343 DeleteRoutingHdl() Deleting Route hdl:(0x27) with ip type: 1
06-17 20:14:40.490  1867  1928 D IPACM   : vendor/qcom/opensource/data-ipa-cfg-mgr/ipacm/src/IPACM_Routing.cpp:343 DeleteRoutingHdl() Deleting Route hdl:(0x29) with ip type: 1
06-17 20:14:40.491  1867  1928 D IPACM   : vendor/qcom/opensource/data-ipa-cfg-mgr/ipacm/src/IPACM_Routing.cpp:343 DeleteRoutingHdl() Deleting Route hdl:(0x2a) with ip type: 1
06-17 20:14:40.492  1867  1928 D IPACM   : vendor/qcom/opensource/data-ipa-cfg-mgr/ipacm/src/IPACM_Routing.cpp:343 DeleteRoutingHdl() Deleting Route hdl:(0x28) with ip type: 1
06-17 20:14:40.494  1867  1928 D IPACM   : vendor/qcom/opensource/data-ipa-cfg-mgr/ipacm/src/IPACM_Routing.cpp:343 DeleteRoutingHdl() Deleting Route hdl:(0x2b) with ip type: 1
06-17 20:14:40.496  1867  1928 D IPACM   : vendor/qcom/opensource/data-ipa-cfg-mgr/ipacm/src/IPACM_Routing.cpp:111 AddRoutingRule() Added routing rule 0xb40000757b89a6d0
06-17 20:14:40.497  1867  1928 D IPACM   : vendor/qcom/opensource/data-ipa-cfg-mgr/ipacm/src/IPACM_Routing.cpp:111 AddRoutingRule() Added routing rule 0xb40000757b89a6d0
06-17 20:14:40.498  1867  1928 D IPACM   : vendor/qcom/opensource/data-ipa-cfg-mgr/ipacm/src/IPACM_Routing.cpp:111 AddRoutingRule() Added routing rule 0xb40000757b89a6d0
06-17 20:14:40.499  1867  1928 D IPACM   : vendor/qcom/opensource/data-ipa-cfg-mgr/ipacm/src/IPACM_Routing.cpp:111 AddRoutingRule() Added routing rule 0xb40000757b89a6d0
06-17 20:14:40.499  1867  1928 D IPACM   : vendor/qcom/opensource/data-ipa-cfg-mgr/ipacm/src/IPACM_Routing.cpp:111 AddRoutingRule() Added routing rule 0xb40000757b89a6d0
06-17 20:14:40.500  1867  1928 D IPACM   : vendor/qcom/opensource/data-ipa-cfg-mgr/ipacm/src/IPACM_Routing.cpp:111 AddRoutingRule() Added routing rule 0xb40000757b89a6d0
06-17 20:14:40.501  1867  1928 D IPACM   : vendor/qcom/opensource/data-ipa-cfg-mgr/ipacm/src/IPACM_Routing.cpp:111 AddRoutingRule() Added routing rule 0xb40000757b89a6d0
06-17 20:14:40.502  1867  1928 D IPACM   : vendor/qcom/opensource/data-ipa-cfg-mgr/ipacm/src/IPACM_Routing.cpp:111 AddRoutingRule() Added routing rule 0xb40000757b89a6d0
06-17 20:14:40.519  1264  1334 E minksocket: MinkIPC_QRTR_Service: client with node 1 port 4f41 went down
06-17 20:14:40.522  1264  1334 E minksocket: MinkIPC_QRTR_Service: client with node 1 port 4f42 went down
06-17 20:14:40.527  1264  1334 E minksocket: MinkIPC_QRTR_Service: client with node 1 port 4f43 went down
06-17 20:14:40.530  1264  1334 E minksocket: MinkIPC_QRTR_Service: client with node 1 port 4f44 went down
06-17 20:14:41.372  2516 25264 E BpfUtils: Failed to create socket: 111, message: Connection refused
06-17 20:14:41.372  2516 25264 E BpfClientLib: [UnixIpcManager] Connect failed: 111, message: Connection refused, clientFd: -1, Wait 5 senconds
06-17 20:14:41.457  1303 10901 E sensors-hal: handle_sns_std_sensor_event:69, ambient_light_event: ts=88918885257466, lux = 10, raw_data1=5, raw_data2=0
06-17 20:14:41.620  1264  1334 E minksocket: MinkIPC_QRTR_Service: client with node 1 port 4f45 went down
06-17 20:14:41.625  1264  1334 E minksocket: MinkIPC_QRTR_Service: client with node 1 port 4f46 went down
06-17 20:14:41.631  1264  1334 E minksocket: MinkIPC_QRTR_Service: client with node 1 port 4f47 went down
06-17 20:14:41.636  1264  1334 E minksocket: MinkIPC_QRTR_Service: client with node 1 port 4f48 went down
06-17 20:14:41.789  2516  2858 I MiuiNetworkPolicy: updateUidState uid = 10330, uidState = 19
06-17 20:14:41.797  2516  2858 I MiuiNetworkPolicy: updateUidState uid = 10330, uidState = 11
06-17 20:14:42.119  1867  1928 D IPACM   : vendor/qcom/opensource/data-ipa-cfg-mgr/ipacm/src/IPACM_Routing.cpp:343 DeleteRoutingHdl() Deleting Route hdl:(0x14) with ip type: 1
06-17 20:14:42.122  1264  1334 E minksocket: MinkIPC_QRTR_Service: client with node 1 port 4f3c went down
06-17 20:14:42.122  1264  1334 E minksocket: MinkIPC_QRTR_Service: client with node 1 port 4f40 went down
06-17 20:14:42.127  1867  1928 D IPACM   : vendor/qcom/opensource/data-ipa-cfg-mgr/ipacm/src/IPACM_Routing.cpp:343 DeleteRoutingHdl() Deleting Route hdl:(0x15) with ip type: 1
06-17 20:14:42.129  1867  1928 D IPACM   : vendor/qcom/opensource/data-ipa-cfg-mgr/ipacm/src/IPACM_Routing.cpp:343 DeleteRoutingHdl() Deleting Route hdl:(0x13) with ip type: 1
06-17 20:14:42.131  1867  1928 D IPACM   : vendor/qcom/opensource/data-ipa-cfg-mgr/ipacm/src/IPACM_Routing.cpp:343 DeleteRoutingHdl() Deleting Route hdl:(0x17) with ip type: 1
06-17 20:14:42.134  1867  1928 D IPACM   : vendor/qcom/opensource/data-ipa-cfg-mgr/ipacm/src/IPACM_Routing.cpp:111 AddRoutingRule() Added routing rule 0xb40000757b89a6d0
06-17 20:14:42.136  1867  1928 D IPACM   : vendor/qcom/opensource/data-ipa-cfg-mgr/ipacm/src/IPACM_Routing.cpp:111 AddRoutingRule() Added routing rule 0xb40000757b89a6d0
06-17 20:14:42.137  1867  1928 D IPACM   : vendor/qcom/opensource/data-ipa-cfg-mgr/ipacm/src/IPACM_Routing.cpp:111 AddRoutingRule() Added routing rule 0xb40000757b89a6d0
06-17 20:14:42.140  1867  1928 D IPACM   : vendor/qcom/opensource/data-ipa-cfg-mgr/ipacm/src/IPACM_Routing.cpp:111 AddRoutingRule() Added routing rule 0xb40000757b89a6d0
06-17 20:14:42.141  1867  1928 D IPACM   : vendor/qcom/opensource/data-ipa-cfg-mgr/ipacm/src/IPACM_Routing.cpp:343 DeleteRoutingHdl() Deleting Route hdl:(0x22) with ip type: 0
06-17 20:14:42.142  1867  1928 D IPACM   : vendor/qcom/opensource/data-ipa-cfg-mgr/ipacm/src/IPACM_Routing.cpp:343 DeleteRoutingHdl() Deleting Route hdl:(0x21) with ip type: 0
06-17 20:14:42.144  1867  1928 D IPACM   : vendor/qcom/opensource/data-ipa-cfg-mgr/ipacm/src/IPACM_Routing.cpp:343 DeleteRoutingHdl() Deleting Route hdl:(0x23) with ip type: 0
06-17 20:14:42.146  1867  1928 D IPACM   : vendor/qcom/opensource/data-ipa-cfg-mgr/ipacm/src/IPACM_Routing.cpp:111 AddRoutingRule() Added routing rule 0xb40000757b89a6d0
06-17 20:14:42.146  1867  1928 D IPACM   : vendor/qcom/opensource/data-ipa-cfg-mgr/ipacm/src/IPACM_Routing.cpp:111 AddRoutingRule() Added routing rule 0xb40000757b89a6d0
06-17 20:14:42.147  1867  1928 D IPACM   : vendor/qcom/opensource/data-ipa-cfg-mgr/ipacm/src/IPACM_Routing.cpp:111 AddRoutingRule() Added routing rule 0xb40000757b89a6d0
06-17 20:14:42.148  1867  1928 D IPACM   : vendor/qcom/opensource/data-ipa-cfg-mgr/ipacm/src/IPACM_Routing.cpp:343 DeleteRoutingHdl() Deleting Route hdl:(0x19) with ip type: 1
06-17 20:14:42.149  1867  1928 D IPACM   : vendor/qcom/opensource/data-ipa-cfg-mgr/ipacm/src/IPACM_Routing.cpp:343 DeleteRoutingHdl() Deleting Route hdl:(0x1a) with ip type: 1
06-17 20:14:42.150  1867  1928 D IPACM   : vendor/qcom/opensource/data-ipa-cfg-mgr/ipacm/src/IPACM_Routing.cpp:343 DeleteRoutingHdl() Deleting Route hdl:(0x18) with ip type: 1
06-17 20:14:42.152  1867  1928 D IPACM   : vendor/qcom/opensource/data-ipa-cfg-mgr/ipacm/src/IPACM_Routing.cpp:343 DeleteRoutingHdl() Deleting Route hdl:(0x1b) with ip type: 1
06-17 20:14:42.153  1867  1928 D IPACM   : vendor/qcom/opensource/data-ipa-cfg-mgr/ipacm/src/IPACM_Routing.cpp:343 DeleteRoutingHdl() Deleting Route hdl:(0x1d) with ip type: 1
06-17 20:14:42.155  1867  1928 D IPACM   : vendor/qcom/opensource/data-ipa-cfg-mgr/ipacm/src/IPACM_Routing.cpp:343 DeleteRoutingHdl() Deleting Route hdl:(0x1e) with ip type: 1
06-17 20:14:42.156  1867  1928 D IPACM   : vendor/qcom/opensource/data-ipa-cfg-mgr/ipacm/src/IPACM_Routing.cpp:343 DeleteRoutingHdl() Deleting Route hdl:(0x1c) with ip type: 1
06-17 20:14:42.157  1867  1928 D IPACM   : vendor/qcom/opensource/data-ipa-cfg-mgr/ipacm/src/IPACM_Routing.cpp:343 DeleteRoutingHdl() Deleting Route hdl:(0x1f) with ip type: 1
06-17 20:14:42.160  1867  1928 D IPACM   : vendor/qcom/opensource/data-ipa-cfg-mgr/ipacm/src/IPACM_Routing.cpp:111 AddRoutingRule() Added routing rule 0xb40000757b89a6d0
06-17 20:14:42.161  1867  1928 D IPACM   : vendor/qcom/opensource/data-ipa-cfg-mgr/ipacm/src/IPACM_Routing.cpp:111 AddRoutingRule() Added routing rule 0xb40000757b89a6d0
06-17 20:14:42.162  1867  1928 D IPACM   : vendor/qcom/opensource/data-ipa-cfg-mgr/ipacm/src/IPACM_Routing.cpp:111 AddRoutingRule() Added routing rule 0xb40000757b89a6d0
06-17 20:14:42.163  1867  1928 D IPACM   : vendor/qcom/opensource/data-ipa-cfg-mgr/ipacm/src/IPACM_Routing.cpp:111 AddRoutingRule() Added routing rule 0xb40000757b89a6d0
06-17 20:14:42.164  1867  1928 D IPACM   : vendor/qcom/opensource/data-ipa-cfg-mgr/ipacm/src/IPACM_Routing.cpp:111 AddRoutingRule() Added routing rule 0xb40000757b89a6d0
06-17 20:14:42.165  1867  1928 D IPACM   : vendor/qcom/opensource/data-ipa-cfg-mgr/ipacm/src/IPACM_Routing.cpp:111 AddRoutingRule() Added routing rule 0xb40000757b89a6d0
06-17 20:14:42.165  1867  1928 D IPACM   : vendor/qcom/opensource/data-ipa-cfg-mgr/ipacm/src/IPACM_Routing.cpp:111 AddRoutingRule() Added routing rule 0xb40000757b89a6d0
06-17 20:14:42.166  1867  1928 D IPACM   : vendor/qcom/opensource/data-ipa-cfg-mgr/ipacm/src/IPACM_Routing.cpp:111 AddRoutingRule() Added routing rule 0xb40000757b89a6d0
06-17 20:14:42.167  1867  1928 D IPACM   : vendor/qcom/opensource/data-ipa-cfg-mgr/ipacm/src/IPACM_Routing.cpp:343 DeleteRoutingHdl() Deleting Route hdl:(0x25) with ip type: 1
06-17 20:14:42.168  1867  1928 D IPACM   : vendor/qcom/opensource/data-ipa-cfg-mgr/ipacm/src/IPACM_Routing.cpp:343 DeleteRoutingHdl() Deleting Route hdl:(0x26) with ip type: 1
06-17 20:14:42.169  1867  1928 D IPACM   : vendor/qcom/opensource/data-ipa-cfg-mgr/ipacm/src/IPACM_Routing.cpp:343 DeleteRoutingHdl() Deleting Route hdl:(0x24) with ip type: 1
06-17 20:14:42.170  1867  1928 D IPACM   : vendor/qcom/opensource/data-ipa-cfg-mgr/ipacm/src/IPACM_Routing.cpp:343 DeleteRoutingHdl() Deleting Route hdl:(0x27) with ip type: 1
06-17 20:14:42.171  1867  1928 D IPACM   : vendor/qcom/opensource/data-ipa-cfg-mgr/ipacm/src/IPACM_Routing.cpp:343 DeleteRoutingHdl() Deleting Route hdl:(0x29) with ip type: 1
06-17 20:14:42.172  1867  1928 D IPACM   : vendor/qcom/opensource/data-ipa-cfg-mgr/ipacm/src/IPACM_Routing.cpp:343 DeleteRoutingHdl() Deleting Route hdl:(0x2a) with ip type: 1
06-17 20:14:42.173  1867  1928 D IPACM   : vendor/qcom/opensource/data-ipa-cfg-mgr/ipacm/src/IPACM_Routing.cpp:343 DeleteRoutingHdl() Deleting Route hdl:(0x28) with ip type: 1
06-17 20:14:42.174  1867  1928 D IPACM   : vendor/qcom/opensource/data-ipa-cfg-mgr/ipacm/src/IPACM_Routing.cpp:343 DeleteRoutingHdl() Deleting Route hdl:(0x2b) with ip type: 1
06-17 20:14:42.176  1867  1928 D IPACM   : vendor/qcom/opensource/data-ipa-cfg-mgr/ipacm/src/IPACM_Routing.cpp:111 AddRoutingRule() Added routing rule 0xb40000757b89a6d0
06-17 20:14:42.177  1867  1928 D IPACM   : vendor/qcom/opensource/data-ipa-cfg-mgr/ipacm/src/IPACM_Routing.cpp:111 AddRoutingRule() Added routing rule 0xb40000757b89a6d0
06-17 20:14:42.178  1867  1928 D IPACM   : vendor/qcom/opensource/data-ipa-cfg-mgr/ipacm/src/IPACM_Routing.cpp:111 AddRoutingRule() Added routing rule 0xb40000757b89a6d0
06-17 20:14:42.179  1867  1928 D IPACM   : vendor/qcom/opensource/data-ipa-cfg-mgr/ipacm/src/IPACM_Routing.cpp:111 AddRoutingRule() Added routing rule 0xb40000757b89a6d0
06-17 20:14:42.180  1867  1928 D IPACM   : vendor/qcom/opensource/data-ipa-cfg-mgr/ipacm/src/IPACM_Routing.cpp:111 AddRoutingRule() Added routing rule 0xb40000757b89a6d0
06-17 20:14:42.181  1867  1928 D IPACM   : vendor/qcom/opensource/data-ipa-cfg-mgr/ipacm/src/IPACM_Routing.cpp:111 AddRoutingRule() Added routing rule 0xb40000757b89a6d0
06-17 20:14:42.182  1867  1928 D IPACM   : vendor/qcom/opensource/data-ipa-cfg-mgr/ipacm/src/IPACM_Routing.cpp:111 AddRoutingRule() Added routing rule 0xb40000757b89a6d0
06-17 20:14:42.182  1867  1928 D IPACM   : vendor/qcom/opensource/data-ipa-cfg-mgr/ipacm/src/IPACM_Routing.cpp:111 AddRoutingRule() Added routing rule 0xb40000757b89a6d0
06-17 20:14:42.208  2516  2886 D InetDiagMessage: Destroyed 0 sockets, proto=IPPROTO_TCP, family=AF_INET, states=14
06-17 20:14:42.211  2516  2886 D InetDiagMessage: Destroyed 0 sockets, proto=IPPROTO_TCP, family=AF_INET6, states=14
06-17 20:14:42.212  2516  2886 D InetDiagMessage: Destroyed live tcp sockets for uids={10182} in 8ms
06-17 20:14:42.216  2516  2886 D InetDiagMessage: Destroyed 0 sockets, proto=IPPROTO_TCP, family=AF_INET, states=14
06-17 20:14:42.220  2516  2886 D InetDiagMessage: Destroyed 0 sockets, proto=IPPROTO_TCP, family=AF_INET6, states=14
06-17 20:14:42.220  2516  2886 D InetDiagMessage: Destroyed live tcp sockets for uids={20182} in 8ms
06-17 20:14:42.488  1303 10901 E sensors-hal: handle_sns_std_sensor_event:69, ambient_light_event: ts=88919915337049, lux = 11, raw_data1=5, raw_data2=0
06-17 20:14:42.721  1264  1334 E minksocket: MinkIPC_QRTR_Service: client with node 1 port 4f49 went down
06-17 20:14:42.724  1264  1334 E minksocket: MinkIPC_QRTR_Service: client with node 1 port 4f4a went down
06-17 20:14:42.728  1264  1334 E minksocket: MinkIPC_QRTR_Service: client with node 1 port 4f4b went down
06-17 20:14:42.734  1264  1334 E minksocket: MinkIPC_QRTR_Service: client with node 1 port 4f4c went down
06-17 20:14:42.802  2516  2858 I MiuiNetworkPolicy: updateUidState uid = 10330, uidState = 19
06-17 20:14:42.812  2516  2858 I MiuiNetworkPolicy: updateUidState uid = 10330, uidState = 11
06-17 20:14:42.923  2516  2806 I MIUIInput: [MotionEvent] notifyMotion - eventTime=45841208086000, deviceId=3, source=0x1002, policyFlags=0x0, action=0x0, flags=0x0, downTime=45841208086000
06-17 20:14:42.925  2516  2805 I MIUIInput: [MotionEvent] publisher action=0x0, deviceId=3, 45841208, channel '91d0af0 com.teslacoilsw.launcher/com.teslacoilsw.launcher.NovaLauncher (server)'
06-17 20:14:42.925  2516  2805 I MIUIInput: [MotionEvent] publisher action=0x0, deviceId=3, 45841208, channel '[Gesture Monitor] miui-gesture (server)'
--------- beginning of system
06-17 20:14:42.929  2516  2991 E RTMode  : pkgName: com.teslacoilsw.launcher has no permission
06-17 20:14:42.930  1480  1480 D MI-SF   : setIdleFps choose FPS:49, mode:0
06-17 20:14:42.930  1480  1480 D RefreshRateSelector: Touch Boost
06-17 20:14:42.930  1480  1480 D DisplayModeController: setDesiredMode 4630946904973289089 {mode={fps=90.00 Hz, modePtr={id=0, vsyncRate=90.00 Hz, peakRefreshRate=90.00 Hz}}, emitEvent=true, force=false}
06-17 20:14:42.933  5902  5902 I MIUIInput: [MotionEvent] ViewRootImpl windowName 'com.teslacoilsw.launcher/com.teslacoilsw.launcher.NovaLauncher', { action=ACTION_DOWN, id[0]=0, pointerCount=1, eventTime=45841208, downTime=45841208, phoneEventTime=20:14:42.923 } moveCount:0
06-17 20:14:42.938  5902  5970 I ImeTracker: com.teslacoilsw.launcher:1b32a4c5: onRequestHide at ORIGIN_CLIENT reason HIDE_SOFT_INPUT fromUser false
06-17 20:14:42.941  7850 10252 D MirrorManager:  sendAcceptInput 0 0
06-17 20:14:42.940  2516  2820 I ImeTracker: com.teslacoilsw.launcher:1b32a4c5: onCancelled at PHASE_SERVER_SHOULD_HIDE
06-17 20:14:42.942  1366  4097 W SDM     : HWDeviceDRM::GetSupportedBitClkRate: Requested rate not supported: 0
06-17 20:14:42.942  1366  4097 I SDM     : HWDeviceDRM::UpdateMixerAttributes: Mixer WxH 1080x2460-0 for Peripheral
06-17 20:14:42.943  1366  4097 I SDM     : HWCDisplay::SubmitDisplayConfig: Active configuration changed from config 2 to 0
06-17 20:14:42.944  1366  4097 W SDM     : DisplayBase::SetHWDetailedEnhancerConfig: SetDetailEnhancerConfig failed. err = 10
06-17 20:14:42.946  1366  2799 E Dpps    : DppsServer::RunPollIteration():480 Poll iteration failed with ret -95
06-17 20:14:42.946  1366  1551 I SDM     : HWDeviceDRM::SetDisplaySwitchMode: Mode 0 already set
06-17 20:14:42.946  1366  2799 E Dpps    : DppsServer::Run():293 Poll iteration failed, ret -95
06-17 20:14:42.987  2516  2991 E RTMode  : pkgName: com.teslacoilsw.launcher has no permission
06-17 20:14:42.990  2516  2991 E RTMode  : pkgName: com.teslacoilsw.launcher has no permission
06-17 20:14:42.995  2516  2991 E RTMode  : pkgName: com.teslacoilsw.launcher has no permission
06-17 20:14:42.999  2516  2991 E RTMode  : pkgName: com.teslacoilsw.launcher has no permission
06-17 20:14:43.003  2516  2991 E RTMode  : pkgName: com.teslacoilsw.launcher has no permission
06-17 20:14:43.008  2516  2991 E RTMode  : pkgName: com.teslacoilsw.launcher has no permission
06-17 20:14:43.012  2516  2991 E RTMode  : pkgName: com.teslacoilsw.launcher has no permission
06-17 20:14:43.016  2516  2991 E RTMode  : pkgName: com.teslacoilsw.launcher has no permission
06-17 20:14:43.020  2516  2991 E RTMode  : pkgName: com.teslacoilsw.launcher has no permission
06-17 20:14:43.024  2516  2991 E RTMode  : pkgName: com.teslacoilsw.launcher has no permission
06-17 20:14:43.028  2516  2991 E RTMode  : pkgName: com.teslacoilsw.launcher has no permission
06-17 20:14:43.032  2516  2991 E RTMode  : pkgName: com.teslacoilsw.launcher has no permission
06-17 20:14:43.037  2516  2991 E RTMode  : pkgName: com.teslacoilsw.launcher has no permission
06-17 20:14:43.041  2516  2991 E RTMode  : pkgName: com.teslacoilsw.launcher has no permission
06-17 20:14:43.045  2516  2991 E RTMode  : pkgName: com.teslacoilsw.launcher has no permission
06-17 20:14:43.045  2516  2991 E RTMode  : pkgName: com.teslacoilsw.launcher has no permission
06-17 20:14:43.045  1296  1296 W health@2.1-serv: type=1400 audit(0.0:37845): avc:  denied  { read } for  name="type" dev="sysfs" ino=110566 scontext=u:r:hal_health_default:s0 tcontext=u:object_r:sysfs:s0 tclass=file permissive=0
06-17 20:14:43.049  2516  2608 I ATMSImpl: cacheTasksForDefaultDisplay size=4 topId=1077
06-17 20:14:43.049  2516  2991 E RTMode  : pkgName: com.teslacoilsw.launcher has no permission
06-17 20:14:43.053  1378  1525 E ANDR-PERF-OPTSHANDLER: Perflock resource /sys/class/devfreq/soc:qcom,cpu-llcc-ddr-bw/min_freq not supported
06-17 20:14:43.053  1378  1525 E ANDR-PERF-RESOURCEQS: Failed to apply optimization [12, 4]
06-17 20:14:43.054  2516  2991 E RTMode  : pkgName: com.teslacoilsw.launcher has no permission
06-17 20:14:43.057  2516  2991 E RTMode  : pkgName: com.teslacoilsw.launcher has no permission
06-17 20:14:43.061  2516  2991 E RTMode  : pkgName: com.teslacoilsw.launcher has no permission
06-17 20:14:43.061  1296  1296 W health@2.1-serv: type=1400 audit(0.0:37846): avc:  denied  { read } for  name="type" dev="sysfs" ino=110566 scontext=u:r:hal_health_default:s0 tcontext=u:object_r:sysfs:s0 tclass=file permissive=0
06-17 20:14:43.066  2516  2991 E RTMode  : pkgName: com.teslacoilsw.launcher has no permission
06-17 20:14:43.069  2516  2991 E RTMode  : pkgName: com.teslacoilsw.launcher has no permission
06-17 20:14:43.074  2516  2991 E RTMode  : pkgName: com.teslacoilsw.launcher has no permission
06-17 20:14:43.074  1366  4097 W SDM     : DisplayBase::SetHWDetailedEnhancerConfig: SetDetailEnhancerConfig failed. err = 10
06-17 20:14:43.078  2516  2991 E RTMode  : pkgName: com.teslacoilsw.launcher has no permission
06-17 20:14:43.079  2516  2516 W BroadcastQueue: Delivery state of BroadcastRecord{671d740 android.intent.action.BATTERY_CHANGED/u-1} to BroadcastFilter{38a469 1000/u0 ReceiverList{f9de6f0 3499 com.android.systemui/1000/u0 remote:db40aa2}} via null changed from PENDING to SKIPPED because skipped by policy at enqueue: Skipping delivery of excluded package Intent { act=android.intent.action.BATTERY_CHANGED flg=0x60000010 (has extras) } to ProcessRecord{25ad739 3499:com.android.systemui/1000} (pid=3499, uid=1000) excludes package com.android.systemui due to sender null (uid 1000)
06-17 20:14:43.079  2516  2516 W BroadcastQueue: Delivery state of BroadcastRecord{671d740 android.intent.action.BATTERY_CHANGED/u-1} to BroadcastFilter{efb3b05 1000/u0 ReceiverList{160867c 3499 com.android.systemui/1000/u0 remote:a9c896f}} via null changed from PENDING to SKIPPED because skipped by policy at enqueue: Skipping delivery of excluded package Intent { act=android.intent.action.BATTERY_CHANGED flg=0x60000010 (has extras) } to ProcessRecord{25ad739 3499:com.android.systemui/1000} (pid=3499, uid=1000) excludes package com.android.systemui due to sender null (uid 1000)
06-17 20:14:43.080  2516  2516 W BroadcastQueue: Delivery state of BroadcastRecord{671d740 android.intent.action.BATTERY_CHANGED/u-1} to BroadcastFilter{f0c13fe 1000/u0 ReceiverList{923b3b9 3499 com.android.systemui/1000/u0 remote:c396180}} via null changed from PENDING to SKIPPED because skipped by policy at enqueue: Skipping delivery of excluded package Intent { act=android.intent.action.BATTERY_CHANGED flg=0x60000010 (has extras) } to ProcessRecord{25ad739 3499:com.android.systemui/1000} (pid=3499, uid=1000) excludes package com.android.systemui due to sender null (uid 1000)
06-17 20:14:43.082  2516  2991 E RTMode  : pkgName: com.teslacoilsw.launcher has no permission
06-17 20:14:43.084  3482  3482 D DynamicService_WifiBt:  ACTION_BATTERY_CHANGED change,USB plug = 1
06-17 20:14:43.087  2516  2991 E RTMode  : pkgName: com.teslacoilsw.launcher has no permission
06-17 20:14:43.087  2516  2516 D UiModeManager: updateConfigurationLocked: mDockState=0; mCarMode=false; mCar=false; mPowerSave=false; mOverrideNightModeOn=false; mOverrideNightModeOff=false; mComputedNightMode=true; mNightModeValue=2; uiMode=33
06-17 20:14:43.089  3419  3419 D DeviceStatisticsService: onReceive: action= android.intent.action.BATTERY_CHANGED
06-17 20:14:43.091  7850  9383 D PowerKeeper.Thermal: mBatteryTemperature: 40
06-17 20:14:43.091  7850  9482 D PowerCheckerService: onBatteryChanged, mBatteryLevel = 71, status = 2, level = 71, plug = 1, scale = 100
06-17 20:14:43.091  7850  7936 I ProcAudioPowerManager: onBatteryChanged, onBattery is false
06-17 20:14:43.093  6985  6985 I PowerUtils: getSurfaceTemprature temp: 41
06-17 20:14:43.093  3419  3419 V DeviceStatisticsService: chargerType=1 batteryLevel=71 totalBatteryCapacity=4267400
06-17 20:14:43.093  2516  2991 E RTMode  : pkgName: com.teslacoilsw.launcher has no permission
06-17 20:14:43.093  6985  6985 I PowerSaveService: onReceive: android.intent.action.BATTERY_CHANGED
06-17 20:14:43.093  3419  3419 D DeviceInfoHidlClient: isRadioOn()=true
06-17 20:14:43.093  3419  3419 I DeviceInfoHidlClient: isPowerInfoNeverSent=false batteryLevel=71 batteryLevelIndex=6 chargingMode=1 totalCapacity=4267400 powerSaveMode=false
06-17 20:14:43.094  6985  6985 I PowerNoticeUI: handleBatteryChanged oldPlugType 1 mPlugType 1 oldBatteryLevel 71 mBatteryLevel 71 temperature 400
06-17 20:14:43.094  6985  6985 I ChargerBatteryIntelligenceReceiver: onBatteryChanged temperature：40,plugType:1
06-17 20:14:43.095  1366  4097 W SDM     : DisplayBase::SetHWDetailedEnhancerConfig: SetDetailEnhancerConfig failed. err = 10
06-17 20:14:43.095  2516  2991 E RTMode  : pkgName: com.teslacoilsw.launcher has no permission
06-17 20:14:43.097  2516  2806 I MIUIInput: [MotionEvent] notifyMotion - eventTime=45841382440000, deviceId=3, source=0x1002, policyFlags=0x0, action=0x1, flags=0x0, downTime=45841208086000
06-17 20:14:43.098  2516  2805 I MIUIInput: [MotionEvent] publisher action=0x1, deviceId=3, 45841382, channel '91d0af0 com.teslacoilsw.launcher/com.teslacoilsw.launcher.NovaLauncher (server)'
06-17 20:14:43.098  2516  2805 I MIUIInput: [MotionEvent] publisher action=0x1, deviceId=3, 45841382, channel '[Gesture Monitor] miui-gesture (server)'
06-17 20:14:43.099  5902  5902 I MIUIInput: [MotionEvent] ViewRootImpl windowName 'com.teslacoilsw.launcher/com.teslacoilsw.launcher.NovaLauncher', { action=ACTION_UP, id[0]=0, pointerCount=1, eventTime=45841382, downTime=45841208, phoneEventTime=20:14:43.097 } moveCount:11
06-17 20:14:43.099  2516  2608 I ATMSImpl: cacheTasksForDefaultDisplay size=4 topId=1077
06-17 20:14:43.513  2516  2806 I MIUIInput: [MotionEvent] notifyMotion - eventTime=45841797499000, deviceId=3, source=0x1002, policyFlags=0x0, action=0x0, flags=0x0, downTime=45841797499000
06-17 20:14:43.514  2516  2805 I MIUIInput: [MotionEvent] publisher action=0x0, deviceId=3, 45841797, channel '91d0af0 com.teslacoilsw.launcher/com.teslacoilsw.launcher.NovaLauncher (server)'
06-17 20:14:43.515  2516  2805 I MIUIInput: [MotionEvent] publisher action=0x0, deviceId=3, 45841797, channel '[Gesture Monitor] miui-gesture (server)'
06-17 20:14:43.516  1303 10901 E sensors-hal: handle_sns_std_sensor_event:69, ambient_light_event: ts=88920944974758, lux = 12, raw_data1=6, raw_data2=0
06-17 20:14:43.517  5902  5902 I MIUIInput: [MotionEvent] ViewRootImpl windowName 'com.teslacoilsw.launcher/com.teslacoilsw.launcher.NovaLauncher', { action=ACTION_DOWN, id[0]=0, pointerCount=1, eventTime=45841797, downTime=45841797, phoneEventTime=20:14:43.511 } moveCount:0
06-17 20:14:43.518  2516  2991 E RTMode  : pkgName: com.teslacoilsw.launcher has no permission
06-17 20:14:43.521  5902  5970 I ImeTracker: com.teslacoilsw.launcher:e32610e1: onRequestHide at ORIGIN_CLIENT reason HIDE_SOFT_INPUT fromUser false
06-17 20:14:43.523  7850 10252 D MirrorManager:  sendAcceptInput 0 0
06-17 20:14:43.523  2516  2820 I ImeTracker: com.teslacoilsw.launcher:e32610e1: onCancelled at PHASE_SERVER_SHOULD_HIDE
06-17 20:14:43.583  2516  2626 I SmartPower: com.xiaomi.discover/10186(24574): idle->background(42036ms) R(broadcast start Intent { act=android.intent.action.BATTERY_CHANGED flg=0x60000010 (has extras) }) adj=800.
06-17 20:14:43.583  2516  2626 I SmartPower: com.google.android.youtube/10218(27921): idle->background(42037ms) R(broadcast start Intent { act=android.intent.action.BATTERY_CHANGED flg=0x60000010 (has extras) }) adj=915.
06-17 20:14:43.585  2516  2626 I SmartPower: com.miui.android.fashiongallery/10325(28986): idle->background(19989ms) R(broadcast start Intent { act=android.intent.action.BATTERY_CHANGED flg=0x60000010 (has extras) }) adj=905.
06-17 20:14:43.594  2516  2806 I MIUIInput: [MotionEvent] notifyMotion - eventTime=45841878867000, deviceId=3, source=0x1002, policyFlags=0x0, action=0x1, flags=0x0, downTime=45841797499000
06-17 20:14:43.594  2516  2805 I MIUIInput: [MotionEvent] publisher action=0x1, deviceId=3, 45841878, channel '91d0af0 com.teslacoilsw.launcher/com.teslacoilsw.launcher.NovaLauncher (server)'
06-17 20:14:43.595  2516  2805 I MIUIInput: [MotionEvent] publisher action=0x1, deviceId=3, 45841878, channel '[Gesture Monitor] miui-gesture (server)'
06-17 20:14:43.596  5902  5902 I MIUIInput: [MotionEvent] ViewRootImpl windowName 'com.teslacoilsw.launcher/com.teslacoilsw.launcher.NovaLauncher', { action=ACTION_UP, id[0]=0, pointerCount=1, eventTime=45841878, downTime=45841797, phoneEventTime=20:14:43.593 } moveCount:0
06-17 20:14:43.598  5902  5970 I ImeTracker: com.teslacoilsw.launcher:c79731be: onRequestHide at ORIGIN_CLIENT reason HIDE_SOFT_INPUT fromUser false
06-17 20:14:43.599  7850 10252 D MirrorManager:  sendAcceptInput 0 0
06-17 20:14:43.600  2516  2820 I ImeTracker: com.teslacoilsw.launcher:c79731be: onCancelled at PHASE_SERVER_SHOULD_HIDE
06-17 20:14:43.621  1366  4097 W SDM     : DisplayBase::SetHWDetailedEnhancerConfig: SetDetailEnhancerConfig failed. err = 10
06-17 20:14:43.631  1366  4097 W SDM     : DisplayBase::SetHWDetailedEnhancerConfig: SetDetailEnhancerConfig failed. err = 10
06-17 20:14:43.632 32750 32761 I IPCThreadState: oneway function results for code 2 on binder at 0xb40000737ca62700 will be dropped but finished with status UNKNOWN_TRANSACTION
06-17 20:14:43.695  5902  5970 I ImeTracker: com.teslacoilsw.launcher:67a3601b: onRequestHide at ORIGIN_CLIENT reason HIDE_SOFT_INPUT fromUser false
06-17 20:14:43.697  2516  2820 I ImeTracker: com.teslacoilsw.launcher:67a3601b: onCancelled at PHASE_SERVER_SHOULD_HIDE
06-17 20:14:43.697  7850 10252 D MirrorManager:  sendAcceptInput 0 0
06-17 20:14:43.701  2516  6568 W XSpaceManagerServiceImpl: checkXSpaceControl, from:com.teslacoilsw.launcher, to:com.rj.telegramdrive, with act:android.intent.action.MAIN, callingUserId:0, toUserId:0
06-17 20:14:43.707  2516  6568 D PreStartingManager: Not init when use PreStartingManager!
06-17 20:14:43.708  2516  6568 W OptProp : Cannot read opt property android.window.PROPERTY_COMPAT_ALLOW_ORIENTATION_OVERRIDE
06-17 20:14:43.747  2516  6568 E WindowManager: setClientVisible ActivityRecord{c1afd88 u0 com.rj.telegramdrive/.MainActivity true
06-17 20:14:43.748  2516  6568 V GrammaticalInflectionUtils: AttributionSource: android.content.AttributionSource@7b383e5 does not have READ_SYSTEM_GRAMMATICAL_GENDER permission.
06-17 20:14:43.749  2516  6568 W OptProp : Cannot read opt property android.window.PROPERTY_COMPAT_ALLOW_RESIZEABLE_ACTIVITY_OVERRIDES
06-17 20:14:43.750  2516  6568 W OptProp : Cannot read opt property android.window.PROPERTY_COMPAT_ALLOW_MIN_ASPECT_RATIO_OVERRIDE
06-17 20:14:43.752  2516  6568 I ActivityTaskManager: isKeyguardEditor: false, newTransition: TransitionRecord{781e346 id=580 type=OPEN flags=0x0}
06-17 20:14:43.752  2516  6568 D WindowManager: Collecting in transition 580: ActivityRecord{c1afd88 u0 com.rj.telegramdrive/.MainActivity t-1} init visibleRequested:false
06-17 20:14:43.754  2516  6568 D MiGgameTypeIdentificationImpl: checkIfGameBeSupported app:com.rj.telegramdrive
06-17 20:14:43.754  2516  6568 I WindowManager: When perf version exceed 2.3, MiGTStub result: false, gameType: 1, packageName: com.rj.telegramdrive
06-17 20:14:43.754  2516  6568 D MiGgameTypeIdentificationImpl: checkIfGameBeSupported app:com.rj.telegramdrive
06-17 20:14:43.755  2516  6568 E ANDR-PERF-JNI: com_qualcomm_qtiperformance_native_perf_io_prefetch_start
06-17 20:14:43.759  2516  6568 D MiuiFreeformServiceImpl: addLaunchFreeformActivityOptionIfNeed sourceFfas: null
06-17 20:14:43.759  2516  6568 D MiuiFreeformServiceImpl: addLaunchFreeformActivityOptionIfNeed skip due to not find sourceTask: null sourceFfas: null sourceFreeFormActivity: ActivityRecord{62bd43a u0 com.teslacoilsw.launcher/.NovaLauncher t1077}
06-17 20:14:43.761  3499  3622 D OneHandedController: stopOneHanded state is 0
06-17 20:14:43.763  2516  6568 D WindowManager: setLockTaskAuth: task=Task{9266a34 #1189 type=standard A=10768:com.rj.telegramdrive} mLockTaskAuth=LOCK_TASK_AUTH_PINNABLE
06-17 20:14:43.764  2516  6568 D WindowManager: Collecting in transition 580: Task{9266a34 #1189 type=standard A=10768:com.rj.telegramdrive} init visibleRequested:false
06-17 20:14:43.768  2516  6568 D WindowManager: setLockTaskAuth: task=Task{9266a34 #1189 type=standard A=10768:com.rj.telegramdrive} mLockTaskAuth=LOCK_TASK_AUTH_PINNABLE
06-17 20:14:43.768  2516  6568 D MiuiFreeFormManagerService: onStartActivityInner as = Task{9266a34 #1189 type=standard A=10768:com.rj.telegramdrive} op = ActivityOptions(9399971), mPackageName=com.teslacoilsw.launcher, mAnimationType=2, mStartX=331, mStartY=748, mWidth=541, mHeight=541, mLaunchDisplayId=-1, mLaunchBoundsnull, mElementSurfaceTransition = null, activityOptionsInjector=ActivityOptionsInjector={freeformScale: -1.0, miniFreeformMode: false, needAnimation: true, useCustomLaunchBounds:false}
06-17 20:14:43.770  2516  6568 D ActivityTaskManager: Task#startActivityLocked isOrhasTask=true newTask=true
06-17 20:14:43.771  1373  4934 E ANDR-IOP: io prefetch is disabled
06-17 20:14:43.771  2516  6568 I WindowManager: Try to add startingWindow type = STARTING_WINDOW_TYPE_SPLASH_SCREEN this = ActivityRecord{c1afd88 u0 com.rj.telegramdrive/.MainActivity t1189} preAllowTaskSnapshot = true afterAllowTaskSnapshot = true newTask = true taskSwitch = true processRunning = false activityCreated = false activityAllDrawn = false isSnapshotCompatible = false resolvedTheme = 2131755636 theme = 2131755636
06-17 20:14:43.773  3400  3514 I DynamicDDSService: handleMessage(ACTIVITY_INVOKE{appInfo=com.rj.telegramdrive isFullScreen=}true)
06-17 20:14:43.774  2516  6568 D PreStartingManager: Not init when use PreStartingManager!
06-17 20:14:43.775  2516  6568 D ActivityTrigger: ActivityTrigger activityPauseTrigger 
06-17 20:14:43.776  2516  6568 I ActivityRecordImpl: pauseImmediately
06-17 20:14:43.777  2516  6568 D WindowManager: Collecting in transition 580: ActivityRecord{c1afd88 u0 com.rj.telegramdrive/.MainActivity t1189} init visibleRequested:false
06-17 20:14:43.777  2516  6568 E WindowManager: setClientVisible ActivityRecord{c1afd88 u0 com.rj.telegramdrive/.MainActivity t1189} true
06-17 20:14:43.777  2516  6568 D WindowManager: Collecting in transition 580: ActivityRecord{62bd43a u0 com.teslacoilsw.launcher/.NovaLauncher t1077} init visibleRequested:true
06-17 20:14:43.777  2516  6568 D WindowManager: Collecting in transition 580: Window{5b25c8c u0 com.miui.miwallpaper.wallpaperservice.MiuiKeyguardPictorialWallpaper} init visibleRequested:true
06-17 20:14:43.777  2516  6568 D WindowManager: Collecting in transition 580: Window{1fb3004 u0 com.miui.miwallpaper.wallpaperservice.ImageWallpaper} init visibleRequested:true
06-17 20:14:43.782  2516  6568 D WindowManager: Collecting in transition 580: ActivityRecord{c1afd88 u0 com.rj.telegramdrive/.MainActivity t1189} init visibleRequested:true
06-17 20:14:43.787  2516  6568 I ActivityTaskManager: START u0 {act=android.intent.action.MAIN cat=[android.intent.category.LAUNCHER] flg=0x10200000 cmp=com.rj.telegramdrive/.MainActivity bnds=[331,748][435,852]} with LAUNCH_SINGLE_TASK from uid 10733 from pid 5902 callingPackage com.teslacoilsw.launcher (BAL_ALLOW_VISIBLE_WINDOW) result code=0
06-17 20:14:43.787  3499  3622 I SoScStageCoordinator: Transition requested:TransitionRequestInfo { type = OPEN, triggerTask = TaskInfo{userId=0 taskId=1189 displayId=0 isRunning=true baseIntent=Intent { act=android.intent.action.MAIN cat=[android.intent.category.LAUNCHER] flg=0x10200000 cmp=com.rj.telegramdrive/.MainActivity } baseActivity=ComponentInfo{com.rj.telegramdrive/com.rj.telegramdrive.MainActivity} topActivity=ComponentInfo{com.rj.telegramdrive/com.rj.telegramdrive.MainActivity} origActivity=null realActivity=ComponentInfo{com.rj.telegramdrive/com.rj.telegramdrive.MainActivity} numActivities=1 lastActiveTime=88921211 supportsSplitScreenMultiWindow=true supportsMultiWindow=true resizeMode=1 isResizeable=true minWidth=-1 minHeight=-1 defaultMinSize=200 token=WCT{android.window.IWindowContainerToken$Stub$Proxy@649e22e} topActivityType=1 pictureInPictureParams=null shouldDockBigOverlays=false launchIntoPipHostTaskId=-1 lastParentTaskIdBeforePip=-1 displayCutoutSafeInsets=Rect(0, 104 - 0, 0) topActivityInfo=ActivityInfo{df381cf com.rj.telegramdrive.MainActivity} launchCookies=[] positionInParent=Point(0, 0) parentTaskId=-1 isFocused=false isVisible=false isVisibleRequested=true isSleeping=false locusId=null displayAreaFeatureId=1 isTopActivityTransparent=false appCompatTaskInfo=AppCompatTaskInfo { topActivityInSizeCompat=false topActivityInMiuiSizeCompat=false topActivityEligibleForLetterboxEducation= falseisLetterboxEducationEnabled= false isLetterboxDoubleTapEnabled= false topActivityEligibleForUserAspectRatioButton= false topActivityBoundsLetterboxed= false isFromLetterboxDoubleTap= false topActivityLetterboxVerticalPosition= -1 topActivityLetterboxHorizontalPosition= -1 topActivityLetterboxWidth=1080 topActivityLetterboxHeight=2460 isUserFullscreenOverrideEnabled=false isSystemFullscreenOverrideEnabled=false cameraCompatTaskInfo=CameraCompatTaskInfo { cameraCompatControlState=hidden freeformCameraCompatMode=inactive}} isImmersive=false mTopActivityRequestOrientation=-1 mBehindAppLockPkg=null mOriginatingUid=0 isEmbedded=false shouldBeVisible=true mIsCastMode=false mTopActivityMediaSize=null mTopActivityRecordName=ActivityRecord{c1afd88 u0 com.rj.telegramdrive/.MainActivity t1189} mTopActivityOrientation=-1}, pipTask = null, remoteTransition = null, displayChange = null, flags = 0, debugId = 580 } isSoScActive:false triggerTask:TaskInfo{userId=0 taskId=1189 displayId=0 isRunning=true baseIntent=Intent { act=android.intent.action.MAIN cat=[android.intent.category.LAUNCHER] flg=0x10200000 cmp=com.rj.telegramdrive/.MainActivity } baseActivity=ComponentInfo{com.rj.telegramdrive/com.rj.telegramdrive.MainActivity} topActivity=ComponentInfo{com.rj.telegramdrive/com.rj.telegramdrive.MainActivity} origActivity=null realActivity=ComponentInfo{com.rj.telegramdrive/com.rj.telegramdrive.MainActivity} numActivities=1 lastActiveTime=88921211 supportsSplitScreenMultiWindow=true supportsMultiWindow=true resizeMode=1 isResizeable=true minWidth=-1 minHeight=-1 defaultMinSize=200 token=WCT{android.window.IWindowContainerToken$Stub$Proxy@649e22e} topActivityType=1 pictureInPictureParams=null shouldDockBigOverlays=false launchIntoPipHostTaskId=-1 lastParentTaskIdBeforePip=-1 displayCutoutSafeInsets=Rect(0, 104 - 0, 0) topActivityInfo=ActivityInfo{df381cf com.rj.telegramdrive.MainActivity} launchCookies=[] positionInParent=Point(0, 0) parentTaskId=-1 isFocused=false isVisible=false isVisibleRequested=true isSleeping=false locusId=null displayAreaFeatureId=1 isTopActivityTransparent=false appCompatTaskInfo=AppCompatTaskInfo { topActivityInSizeCompat=false topActivityInMiuiSizeCompat=false topActivityEligibleForLetterboxEducation= falseisLetterboxEducationEnabled= false isLetterboxDoubleTapEnabled= false topActivityEligibleForUserAspectRatioButton= false topActivityBoundsLetterboxed= false isFromLetterboxDoubleTap= false topActivityLetterboxVerticalPosition= -1 topActivityLetterboxHorizontalPosition= -1 topActivityLetterboxWidth=1080 topActivityLetterboxHeight=2460 isUserFullscreenOverrideEnabled=false isSystemFullscreenOverrideEnabled=fals
06-17 20:14:43.787  3499  3622 I SoScUtils: monitorTransitionRequest mRequestOpenTransition:null mRequestOpenTriggerTask:-1 mRequestCloseTransition:null mRequestCloseTriggerTask:-1 mRequestCloseStageType:-1
06-17 20:14:43.788  2516  4243 D WindowManager: Set transition=TransitionRecord{781e346 id=580 type=OPEN flags=0x0}, ready=false, SyncId=580 used=false, override=false, defer=0, states=Display{#0 state=ON size=1080x2460 ROTATION_0}:false
06-17 20:14:43.790  3519  9152 D TaskStackChangeListeners: onTaskDescriptionChanged =  taskId = 1189
06-17 20:14:43.790  2516  2610 V GrammaticalInflectionUtils: AttributionSource: android.content.AttributionSource@7b383e5 does not have READ_SYSTEM_GRAMMATICAL_GENDER permission.
06-17 20:14:43.792  3499  3622 D OneHandedController: stopOneHanded state is 0
06-17 20:14:43.793  3499  3499 D KeyguardEditorHelper: onTopActivityMayChanged, topActivity=ComponentInfo{com.rj.telegramdrive/com.rj.telegramdrive.MainActivity}; mState=IDEL
06-17 20:14:43.793  3499  3622 D OneHandedController: stopOneHanded state is 0
06-17 20:14:43.794  2516  2588 I ATMSImpl: cacheTasksForDefaultDisplay size=5 topId=1077
06-17 20:14:43.796  1480  1480 I BpBinder: onLastStrongRef automatically unlinking death recipients: 
06-17 20:14:43.796  2516  4127 W AutofillManagerServiceImpl: getFillEventHistory() called by UID 10131, but service UID is 10146
06-17 20:14:43.797  2516  2611 D WindowManager: wms.Focus not requested for window=Window{91d0af0 u0 com.teslacoilsw.launcher/com.teslacoilsw.launcher.NovaLauncher} because it has no surface or is not focusable.
06-17 20:14:43.799  3499  3737 D MiuiCameraCoveredManager: java.lang.NullPointerException: Attempt to invoke virtual method 'java.lang.String android.provider.MiuiSettings$SettingsCloudData$CloudData.getString(java.lang.String, java.lang.String)' on a null object reference
06-17 20:14:43.800  3519  9152 D EventBus: No subscribers registered for event class com.miui.home.recents.messages.RecentTasksChangedEvent
06-17 20:14:43.800  3519  9152 D EventBus: No subscribers registered for event class org.greenrobot.eventbus.NoSubscriberEvent
06-17 20:14:43.800  3519  5345 I MiBridge: requestThreadLevelPro ret: 886426
06-17 20:14:43.800  3519  5345 D Launcher.Boost: setDynamicVIPTaskIfNeeded::tid = 82 duration = 500
06-17 20:14:43.801  3519  5345 D ReflectUtils: callObjectMethod
06-17 20:14:43.801  3519  5345 D ReflectUtils: java.lang.NullPointerException: Attempt to invoke virtual method 'java.lang.Class java.lang.Object.getClass()' on a null object reference
06-17 20:14:43.801  3519  5345 D ReflectUtils: 	at com.miui.launcher.utils.ReflectUtils.callObjectMethod(ReflectUtils.java:34)
06-17 20:14:43.801  3519  5345 D ReflectUtils: 	at com.miui.launcher.utils.BoostHelper.setDynamicVIPTaskIfNeeded(BoostHelper.java:175)
06-17 20:14:43.801  3519  5345 D ReflectUtils: 	at com.android.systemui.shared.recents.model.manager.RecentTasksList.boostTaskStackChangedThread(RecentTasksList.kt:479)
06-17 20:14:43.801  3519  5345 D ReflectUtils: 	at com.android.systemui.shared.recents.model.manager.RecentTasksList.reloadTaskList(RecentTasksList.kt:125)
06-17 20:14:43.801  3519  5345 D ReflectUtils: 	at com.android.systemui.shared.recents.model.manager.RecentTasksList.access$reloadTaskList(RecentTasksList.kt:24)
06-17 20:14:43.801  3519  5345 D ReflectUtils: 	at com.android.systemui.shared.recents.model.manager.RecentTasksList$mWorkHandler$2.invoke$lambda-1(RecentTasksList.kt:41)
06-17 20:14:43.801  3519  5345 D ReflectUtils: 	at com.android.systemui.shared.recents.model.manager.RecentTasksList$mWorkHandler$2.$r8$lambda$cvhU6AgW7LnS2era6jcnIRV6dIk(RecentTasksList.kt:0)
06-17 20:14:43.801  3519  5345 D ReflectUtils: 	at com.android.systemui.shared.recents.model.manager.RecentTasksList$mWorkHandler$2$$ExternalSyntheticLambda0.handleMessage(R8$$SyntheticClass:2)
