06-17 20:15:09.955  2516  3366 D MiuiFreeFormGestureController: deliverResultForFinishActivity resultTo: null resultFrom: ActivityRecord{d5f10b u0 com.rj.telegramdrive/.MainActivity t1191 f}} isInVideoOrGameScene: false intent: Intent { act=android.intent.action.MAIN cat=[android.intent.category.LAUNCHER] flg=0x10200000 cmp=com.rj.telegramdrive/.MainActivity bnds=[331,746][435,850] }
06-17 20:15:09.955  2516  3366 D WindowManager: Collecting in transition 591: Task{77092e7 #1191 type=standard A=10768:com.rj.telegramdrive} init visibleRequested:true
06-17 20:15:09.956  5537  5850 D DigestGenerator: digest=============com.rj.telegramdriveat android.os.Parcel.createExceptionOrNull(Parcel.java:XX)
06-17 20:15:09.956  2516  3366 D WindowManager: Collecting in transition 591: ActivityRecord{d5f10b u0 com.rj.telegramdrive/.MainActivity t1191 f}} init visibleRequested:true
06-17 20:15:09.965  5537  5850 W JavaExceptionHandler: Too noisy! skip duplicate java exception report:com.rj.telegramdrive now=1781707509961 mLastReportTime=1781707493420 interval=60000
06-17 20:15:09.971  2516  2608 I ActivityManager: Showing crash dialog for package com.rj.telegramdrive u0
06-17 20:15:09.975 29819 29936 W System.err: java.lang.ClassNotFoundException: Didn't find class "com.rj.telegramdrive.UploadForegroundService" on path: DexPathList[[zip file "/data/app/~~wiy2uiz1VgMZNNkKw8VaWw==/com.rj.telegramdrive-UNYmKsppOUo5q5Ql4AIOFg==/base.apk"],nativeLibraryDirectories=[/data/app/~~wiy2uiz1VgMZNNkKw8VaWw==/com.rj.telegramdrive-UNYmKsppOUo5q5Ql4AIOFg==/lib/arm64, /data/app/~~wiy2uiz1VgMZNNkKw8VaWw==/com.rj.telegramdrive-UNYmKsppOUo5q5Ql4AIOFg==/base.apk!/lib/arm64-v8a, /system/lib64, /system_ext/lib64]]
06-17 20:15:09.975 29819 29936 W System.err: 	at com.rj.telegramdrive.Rust.ipc(Native Method)
06-17 20:15:09.975 29819 29936 W System.err: 	at com.rj.telegramdrive.Ipc.postMessage(SourceFile:13)
06-17 20:15:09.977  2516  2611 D WindowManager: wms.Focus not requested for window=Window{e1b7f54 u0 com.rj.telegramdrive/com.rj.telegramdrive.MainActivity} because it has no surface or is not focusable.
06-17 20:15:09.984  3519  5345 E ActivityManagerWrapper:  mainTaskId=1191   userId=0   windowMode=1   baseIntent=Intent { act=android.intent.action.MAIN flag=270532608 cmp=ComponentInfo{com.rj.telegramdrive/com.rj.telegramdrive.MainActivity} }
06-17 20:15:09.985  5537  5850 D MQSEventManager: send MSG_JUDGE_TRANSMISSION packageName com.rj.telegramdrive
06-17 20:15:09.985  5537  5850 W JavaExceptionHandler: Too noisy! skip duplicate java exception report:com.rj.telegramdrive now=1781707509985 mLastReportTime=1781707493420 interval=60000
06-17 20:15:09.985  5537  5850 W MQSEventManager: Too noisy! Bail the event:com.rj.telegramdrive type:1
06-17 20:15:09.991  3519  5345 D RecentsTaskLoader: reloadTasksData [TaskKey{id=1191, stackId=0, baseIntent=Intent { act=android.intent.action.MAIN cat=[android.intent.category.LAUNCHER] flg=0x10200000 cmp=com.rj.telegramdrive/.MainActivity }, userId=0, lastActiveTime=88947387, windowingMode=1, isThumbnailBlur=false, isAccessLocked=false, isScreening=false, topActivity=null, mHashCode=36404633}, title=Telegram Drive, titleDescription=Telegram Drive, bounds=null, isLaunchTarget=false, isStackTask=true, isSystemApp=false, isDockable=true, baseActivity=null, isLocked=false, mNeedHide=false, hasMultipleTasks=false, cti1Key=, cti2Key=] 
06-17 20:15:10.094 12894 12905 I GST     : forePkg: com.teslacoilsw.launcher, preForePkg: com.rj.telegramdrive
06-17 20:15:10.095  6985 17431 I ProcessMonitor: onForegroundInfoChanged: ForegroundInfo{mForegroundPackageName='com.teslacoilsw.launcher', mForegroundUid=10733, mForegroundPid=5902, mLastForegroundPackageName='com.rj.telegramdrive', mLastForegroundUid=10768, mLastForegroundPid=29819, mMultiWindowForegroundPackageName='com.teslacoilsw.launcher', mMultiWindowForegroundUid=10733, mFlags=0}
06-17 20:15:10.103  7850  7870 D PerfEngineController: ForegroundInfo{mForegroundPackageName='com.teslacoilsw.launcher', mForegroundUid=10733, mForegroundPid=5902, mLastForegroundPackageName='com.rj.telegramdrive', mLastForegroundUid=10768, mLastForegroundPid=29819, mMultiWindowForegroundPackageName='com.teslacoilsw.launcher', mMultiWindowForegroundUid=10733, mFlags=0}
06-17 20:15:10.162  2516  2611 D WindowManager: Final targets: [Task{8af29dd #1 type=home}, Task{77092e7 #1191 type=standard A=10768:com.rj.telegramdrive}, WallpaperWindowToken{cafa9d4 token=android.os.Binder@df4327}, WallpaperWindowToken{94e0f0e token=android.os.Binder@5337109}]
06-17 20:15:10.169  2516  2611 D WindowManager: Calling onTransitionReady info={id=591 t=CLOSE f=0x10 trk=0 opt={t=FROM_STYLE} r=[0@Point(0, 0)] c=[{WCT{RemoteToken{ff014ec Task{8af29dd #1 type=home}}} m=TO_FRONT f=SHOW_WALLPAPER|MOVE_TO_TOP leash=Surface(name=Task=1#47)/@0xbb609b4 sb=Rect(0, 0 - 1080, 2460) eb=Rect(0, 0 - 1080, 2460) d=0 taskParent=-1 v=true},{WCT{RemoteToken{619c2e2 Task{77092e7 #1191 type=standard A=10768:com.rj.telegramdrive}}} m=CLOSE f=NONE leash=Surface(name=Task=1191#6231)/@0xdaaa8a6 sb=Rect(0, 0 - 1080, 2460) eb=Rect(0, 0 - 1080, 2460) d=0 taskParent=-1 v=false},{null m=TO_FRONT f=IS_WALLPAPER leash=Surface(name=WallpaperWindowToken{cafa9d4 token=android.os.Binder@df4327}#55)/@0xa82177d sb=Rect(0, 0 - 1080, 2460) eb=Rect(0, 0 - 1080, 2460) d=0 v=true},{null m=TO_FRONT f=IS_WALLPAPER|IS_OCCLUDED leash=Surface(name=WallpaperWindowToken{94e0f0e token=android.os.Binder@5337109}#54)/@0x1a6dd2f sb=Rect(0, 0 - 1080, 2460) eb=Rect(0, 0 - 1080, 2460) d=0 v=true}] mk=[false] noAni=[false] df=[false] rsa=[false] oa=[false] nc=[0] sa=[false] ho=[false] iSync=[-1]}, mToken=Token{b1a4b0c TransitionRecord{7b512a2 id=591 type=CLOSE flags=0x10}}
06-17 20:15:10.172  2516  2611 E WindowManager:  source = Task{77092e7 #1191 type=standard A=10768:com.rj.telegramdrive} excludeMiuiNavBar = true excludeMiuiStatusBar = true excludeIme = false excludeNavBar = true miuiNavSurfaceControl = Surface(name=Miui Fake NavBar#51)/@0xdcfe35e miuiStatusSurfaceControl = Surface(name=Miui Fake StatusBar#50)/@0x20f2be3
06-17 20:15:10.191  2516  2611 D WindowManager: snapshot isNothing = false source = Task{77092e7 #1191 type=standard A=10768:com.rj.telegramdrive}
06-17 20:15:10.216  2516  2608 D WindowManager: wms.Input focus has changed to Window{b2b6210 u0 Application Error: com.rj.telegramdrive} display=0 updateInputWindows = false
06-17 20:15:10.222  2516  2608 D DecorViewImmersiveImpl: onAttachedToWindow:Application Error: com.rj.telegramdrive
06-17 20:15:10.223  2516  2611 D WindowManager: wms.Focus not requested for window=Window{b2b6210 u0 Application Error: com.rj.telegramdrive} because it has no surface or is not focusable.
06-17 20:15:10.223  3519  5345 E ActivityManagerWrapper:  mainTaskId=1191   userId=0   windowMode=1   baseIntent=Intent { act=android.intent.action.MAIN flag=270532608 cmp=ComponentInfo{com.rj.telegramdrive/com.rj.telegramdrive.MainActivity} }
06-17 20:15:10.225  3519  5345 D RecentsTaskLoader: reloadTasksData [TaskKey{id=1191, stackId=0, baseIntent=Intent { act=android.intent.action.MAIN cat=[android.intent.category.LAUNCHER] flg=0x10200000 cmp=com.rj.telegramdrive/.MainActivity }, userId=0, lastActiveTime=88947387, windowingMode=1, isThumbnailBlur=false, isAccessLocked=false, isScreening=false, topActivity=null, mHashCode=36404633}, title=Telegram Drive, titleDescription=Telegram Drive, bounds=null, isLaunchTarget=false, isStackTask=true, isSystemApp=false, isDockable=true, baseActivity=null, isLocked=false, mNeedHide=false, hasMultipleTasks=false, cti1Key=, cti2Key=] 
06-17 20:15:10.237  2516  2608 D CoreBackPreview: Window{b2b6210 u0 Application Error: com.rj.telegramdrive}: Setting back callback OnBackInvokedCallbackInfo{mCallback=android.window.WindowOnBackInvokedDispatcher$OnBackInvokedCallbackWrapper@7c0e79, mPriority=0, mIsAnimationCallback=false}
06-17 20:15:10.245  2516  2611 D WindowManager: wms.Focus not requested for window=Window{b2b6210 u0 Application Error: com.rj.telegramdrive} because it has no surface or is not focusable.
06-17 20:15:10.260  3519  5345 E ActivityManagerWrapper:  mainTaskId=1191   userId=0   windowMode=1   baseIntent=Intent { act=android.intent.action.MAIN flag=270532608 cmp=ComponentInfo{com.rj.telegramdrive/com.rj.telegramdrive.MainActivity} }
06-17 20:15:10.269  3519  5345 D RecentsTaskLoader: reloadTasksData [TaskKey{id=1191, stackId=0, baseIntent=Intent { act=android.intent.action.MAIN cat=[android.intent.category.LAUNCHER] flg=0x10200000 cmp=com.rj.telegramdrive/.MainActivity }, userId=0, lastActiveTime=88947387, windowingMode=1, isThumbnailBlur=false, isAccessLocked=false, isScreening=false, topActivity=null, mHashCode=36404633}, title=Telegram Drive, titleDescription=Telegram Drive, bounds=null, isLaunchTarget=false, isStackTask=true, isSystemApp=false, isDockable=true, baseActivity=null, isLocked=false, mNeedHide=false, hasMultipleTasks=false, cti1Key=, cti2Key=] 
06-17 20:15:10.270  2516  2611 D WindowManager: wms.Focus not requested for window=Window{b2b6210 u0 Application Error: com.rj.telegramdrive} because it has no surface or is not focusable.
06-17 20:15:10.305  2516  2608 D VRI[telegramdrive]: vri.reportNextDraw android.view.ViewRootImpl.performTraversals:4972 android.view.ViewRootImpl.doTraversal:3560 android.view.ViewRootImpl$TraversalRunnable.run:11601 android.view.Choreographer$CallbackRecord.run:1747 android.view.Choreographer$CallbackRecord.run:1756 
06-17 20:15:10.306  2516  2608 D VRI[telegramdrive]: vri.Setup new sync=wmsSync-VRI[telegramdrive]#10
06-17 20:15:10.333  2516  2608 D VRI[telegramdrive]: vri.reportDrawFinished
06-17 20:15:10.333  2516  2608 D WindowManager: wms.finishDrawingLocked: mDrawState=COMMIT_DRAW_PENDING Window{b2b6210 u0 Application Error: com.rj.telegramdrive} in Surface(name=Application Error: com.rj.telegramdrive#6274)/@0xbd7e658
06-17 20:15:10.345  2516  2611 I WindowManager: wms.showSurfaceRobustly mWin:Window{b2b6210 u0 Application Error: com.rj.telegramdrive}
06-17 20:15:10.349 29522 29529 W irdappassistant: ApkAssets: Deleting an ApkAssets object '<empty> and /data/app/~~wiy2uiz1VgMZNNkKw8VaWw==/com.rj.telegramdrive-UNYmKsppOUo5q5Ql4AIOFg==/base.apk' with 1 weak references
06-17 20:15:10.357  2516  2608 D VRI[telegramdrive]: vri.reportNextDraw android.view.ViewRootImpl.handleResized:2773 android.view.ViewRootImpl.-$$Nest$mhandleResized:0 android.view.ViewRootImpl$ViewRootHandler.handleMessageImpl:7739 android.view.ViewRootImpl$ViewRootHandler.handleMessage:7699 android.os.Handler.dispatchMessage:107 
06-17 20:15:10.358  2516  2608 D VRI[telegramdrive]: vri.reportNextDraw android.view.ViewRootImpl.handleResized:2773 android.view.ViewRootImpl.-$$Nest$mhandleResized:0 android.view.ViewRootImpl$ViewRootHandler.handleMessageImpl:7739 android.view.ViewRootImpl$ViewRootHandler.handleMessage:7699 android.os.Handler.dispatchMessage:107 
06-17 20:15:10.363  2516  2608 D VRI[telegramdrive]: vri.Setup new sync=wmsSync-VRI[telegramdrive]#12
06-17 20:15:10.372  2516  2608 D VRI[telegramdrive]: vri.reportDrawFinished
06-17 20:15:10.418 29522 29552 I SmartAppAssistant: ExceptionManager match exception type failed for com.rj.telegramdrive
06-17 20:15:10.521  2516  4127 E WindowManager: setClientVisible ActivityRecord{d5f10b u0 com.rj.telegramdrive/.MainActivity t1191 f}} false
06-17 20:15:10.521  2516  4127 I Transition: finishTransition: updateLastSurfacePosition tf=Task{77092e7 #1191 type=standard A=10768:com.rj.telegramdrive}
06-17 20:15:10.525  3400  3621 W DynamicDDSService: appName is not found in cache: com.rj.telegramdrive
06-17 20:15:10.528  2516  2957 D Aurogon :  onForegroundActivitiesChanged packageName = com.rj.telegramdrive
06-17 20:15:10.556  2516  3014 I SmartPower: com.rj.telegramdrive/10768(29819): visible->invisible(734ms) R(become invisible) adj=900.
06-17 20:15:10.556  2516  3014 I SmartPower: com.rj.telegramdrive/10768(29819): invisible->background(0ms) R(become background) adj=900.
06-17 20:15:10.565  3519  5345 E ActivityManagerWrapper:  mainTaskId=1191   userId=0   windowMode=1   baseIntent=Intent { act=android.intent.action.MAIN flag=270532608 cmp=ComponentInfo{com.rj.telegramdrive/com.rj.telegramdrive.MainActivity} }
06-17 20:15:10.569  3519  5345 D RecentsTaskLoader: reloadTasksData [TaskKey{id=1191, stackId=0, baseIntent=Intent { act=android.intent.action.MAIN cat=[android.intent.category.LAUNCHER] flg=0x10200000 cmp=com.rj.telegramdrive/.MainActivity }, userId=0, lastActiveTime=88947387, windowingMode=1, isThumbnailBlur=false, isAccessLocked=false, isScreening=false, topActivity=null, mHashCode=36404633}, title=Telegram Drive, titleDescription=Telegram Drive, bounds=null, isLaunchTarget=false, isStackTask=true, isSystemApp=false, isDockable=true, baseActivity=null, isLocked=false, mNeedHide=false, hasMultipleTasks=false, cti1Key=, cti2Key=] 
06-17 20:15:10.576  2516  6562 D WindowManager: setLockTaskAuth: task=Task{77092e7 #1191 type=standard A=10768:com.rj.telegramdrive} mLockTaskAuth=LOCK_TASK_AUTH_PINNABLE
06-17 20:15:10.587  2516  5815 D CoreBackPreview: Window{e1b7f54 u0 com.rj.telegramdrive/com.rj.telegramdrive.MainActivity}: Setting back callback null
06-17 20:15:10.614 29819 29858 W j.telegramdrive: Binder 0xb40000721cac1690 destroyed after setInheritRt before being parceled.
06-17 20:15:10.630  2516  5815 W InputManager-JNI: Input channel object 'e1b7f54 com.rj.telegramdrive/com.rj.telegramdrive.MainActivity (client)' was disposed without first being removed with the input manager!
06-17 20:15:10.673  3519  5345 E ActivityManagerWrapper:  mainTaskId=1191   userId=0   windowMode=1   baseIntent=Intent { act=android.intent.action.MAIN flag=270532608 cmp=ComponentInfo{com.rj.telegramdrive/com.rj.telegramdrive.MainActivity} }
06-17 20:15:10.675  3519  5345 D RecentsTaskLoader: reloadTasksData [TaskKey{id=1191, stackId=0, baseIntent=Intent { act=android.intent.action.MAIN cat=[android.intent.category.LAUNCHER] flg=0x10200000 cmp=com.rj.telegramdrive/.MainActivity }, userId=0, lastActiveTime=88947387, windowingMode=1, isThumbnailBlur=false, isAccessLocked=false, isScreening=false, topActivity=null, mHashCode=36404633}, title=Telegram Drive, titleDescription=Telegram Drive, bounds=null, isLaunchTarget=false, isStackTask=true, isSystemApp=false, isDockable=true, baseActivity=null, isLocked=false, mNeedHide=false, hasMultipleTasks=false, cti1Key=, cti2Key=] 
06-17 20:15:10.960  2516  5815 I ActivityManager: Process com.rj.telegramdrive (pid 29819) has died: cch CRE 
06-17 20:15:10.963  2516  2608 D CoreBackPreview: Window{b2b6210 u0 Application Error: com.rj.telegramdrive}: Setting back callback null
06-17 20:15:10.970  2516  2608 W InputManager-JNI: Input channel object 'b2b6210 Application Error: com.rj.telegramdrive (client)' was disposed without first being removed with the input manager!
06-17 20:15:10.998  2516  3366 W ActivityManager: Ignoring remove of inactive process: ProcessRecord{dc932fb 0:com.rj.telegramdrive/u0a768}
