06-17 20:14:53.281  5346  5346 I GoogleInputMethodService: GoogleInputMethodService.onStartInput():1446 onStartInput(EditorInfo{EditorInfo{packageName=com.rj.telegramdrive, inputType=0, inputTypeString=NULL, enableLearning=false, autoCorrection=false, autoComplete=false, imeOptions=12000000, privateImeOptions=null, actionName=UNSPECIFIED, actionLabel=null, initialSelStart=-1, initialSelEnd=-1, initialCapsMode=0, label=null, fieldId=0, fieldName=null, extras=Bundle[mParcelledData.dataSize=72], hintText=null, hintLocales=[]}}, false)
06-17 20:14:53.299 12894 12934 I HeavyPackageIdentify: splitMode: false, splitPackages: null, foregroundPkg: com.rj.telegramdrive
06-17 20:14:53.301  2516  6562 W PackageConfigPersister: App-specific configuration not found for packageName: com.rj.telegramdrive and userId: 0
06-17 20:14:53.315  2516  5872 I ClipboardServiceI: checkProviderWakePathForClipboard: com.rj.telegramdriveis not a activePermissionOwner
06-17 20:14:53.317 29189 29189 W Thread-9: type=1400 audit(0.0:37861): avc:  denied  { search } for  name="miuilog" dev="dm-55" ino=547 scontext=u:r:untrusted_app:s0:c0,c259,c512,c768 tcontext=u:object_r:data_log_file:s0 tclass=dir permissive=0 app=com.rj.telegramdrive
06-17 20:14:53.319 29189 29289 E AndroidRuntime: Process: com.rj.telegramdrive, PID: 29189
06-17 20:14:53.317 29189 29189 W Thread-9: type=1400 audit(0.0:37862): avc:  denied  { search } for  name="miuilog" dev="dm-55" ino=547 scontext=u:r:untrusted_app:s0:c0,c259,c512,c768 tcontext=u:object_r:data_log_file:s0 tclass=dir permissive=0 app=com.rj.telegramdrive
06-17 20:14:53.317 29189 29189 W Thread-9: type=1400 audit(0.0:37863): avc:  denied  { search } for  name="miuilog" dev="dm-55" ino=547 scontext=u:r:untrusted_app:s0:c0,c259,c512,c768 tcontext=u:object_r:data_log_file:s0 tclass=dir permissive=0 app=com.rj.telegramdrive
06-17 20:14:53.333  5537  5850 E JavaExceptionHandler: Process: com.rj.telegramdrive, PID: 29189
06-17 20:14:53.338 29189 29299 W System.err: java.lang.ClassNotFoundException: Didn't find class "com.rj.telegramdrive.UploadForegroundService" on path: DexPathList[[zip file "/data/app/~~wiy2uiz1VgMZNNkKw8VaWw==/com.rj.telegramdrive-UNYmKsppOUo5q5Ql4AIOFg==/base.apk"],nativeLibraryDirectories=[/data/app/~~wiy2uiz1VgMZNNkKw8VaWw==/com.rj.telegramdrive-UNYmKsppOUo5q5Ql4AIOFg==/lib/arm64, /data/app/~~wiy2uiz1VgMZNNkKw8VaWw==/com.rj.telegramdrive-UNYmKsppOUo5q5Ql4AIOFg==/base.apk!/lib/arm64-v8a, /system/lib64, /system_ext/lib64]]
06-17 20:14:53.338 29189 29299 W System.err: 	at com.rj.telegramdrive.Rust.ipc(Native Method)
06-17 20:14:53.338 29189 29299 W System.err: 	at com.rj.telegramdrive.Ipc.postMessage(SourceFile:13)
06-17 20:14:53.346  5537  5850 D DigestGenerator: digest=============com.rj.telegramdriveat android.os.Parcel.createExceptionOrNull(Parcel.java:XX)
06-17 20:14:53.355  2516  3887 E ActivityManager: App crashed on incremental package com.rj.telegramdrive which is 100% loaded.
06-17 20:14:53.362 29189 29299 W System.err: java.lang.ClassNotFoundException: Didn't find class "com.rj.telegramdrive.UploadForegroundService" on path: DexPathList[[zip file "/data/app/~~wiy2uiz1VgMZNNkKw8VaWw==/com.rj.telegramdrive-UNYmKsppOUo5q5Ql4AIOFg==/base.apk"],nativeLibraryDirectories=[/data/app/~~wiy2uiz1VgMZNNkKw8VaWw==/com.rj.telegramdrive-UNYmKsppOUo5q5Ql4AIOFg==/lib/arm64, /data/app/~~wiy2uiz1VgMZNNkKw8VaWw==/com.rj.telegramdrive-UNYmKsppOUo5q5Ql4AIOFg==/base.apk!/lib/arm64-v8a, /system/lib64, /system_ext/lib64]]
06-17 20:14:53.362 29189 29299 W System.err: 	at com.rj.telegramdrive.Rust.ipc(Native Method)
06-17 20:14:53.362 29189 29299 W System.err: 	at com.rj.telegramdrive.Ipc.postMessage(SourceFile:13)
06-17 20:14:53.380  5537  5850 D MiEvent : flatten EventId 901001001 -t 1781707493 -paraList {"CrashType":"java.lang.SecurityException","CurrentTime":1781707493322,"Digest":"f4930ecf37d8b4a9069d6791d8bebcbd","Keyword":"{\"vn\":\"1.8.8\",\"vc\":\"1008008\",\"isRoot\":false,\"count\":1,\"preInstalled\":false,\"unfold\":false,\"ram\":6,\"rom\":128,\"dialog\":true}","PackageName":"com.rj.telegramdrive","Stacktrace":"java.lang.SecurityException: Permission Denial: reading com.android.providers.media.MediaDocumentsProvider uri content://com.android.providers.media.documents/document/image:1000138861 from pid=29189, uid=10768 requires that you obtain access using ACTION_OPEN_DOCUMENT or related APIs\n\tat android.os.Parcel.createExceptionOrNull(Parcel.java:3255)\n\tat android.os.Parcel.createException(Parcel.java:3239)\n\tat android.os.Parcel.readException(Parcel.java:3222)\n\tat android.database.DatabaseUtils.readExceptionFromParcel(DatabaseUtils.java:203)\n\tat android.database.DatabaseUtils.readExceptionWithFileNotFoundExceptionFromParcel(DatabaseUtils.j
06-17 20:14:53.383  5537  5850 D MiEvent : report:EventId 901001001 -t 1781707493 -paraList {"CrashType":"java.lang.SecurityException","CurrentTime":1781707493322,"Digest":"f4930ecf37d8b4a9069d6791d8bebcbd","Keyword":"{\"vn\":\"1.8.8\",\"vc\":\"1008008\",\"isRoot\":false,\"count\":1,\"preInstalled\":false,\"unfold\":false,\"ram\":6,\"rom\":128,\"dialog\":true}","PackageName":"com.rj.telegramdrive","Stacktrace":"java.lang.SecurityException: Permission Denial: reading com.android.providers.media.MediaDocumentsProvider uri content://com.android.providers.media.documents/document/image:1000138861 from pid=29189, uid=10768 requires that you obtain access using ACTION_OPEN_DOCUMENT or related APIs\n\tat android.os.Parcel.createExceptionOrNull(Parcel.java:3255)\n\tat android.os.Parcel.createException(Parcel.java:3239)\n\tat android.os.Parcel.readException(Parcel.java:3222)\n\tat android.database.DatabaseUtils.readExceptionFromParcel(DatabaseUtils.java:203)\n\tat android.database.DatabaseUtils.readExceptionWithFileNotFoundExceptionFromParcel(DatabaseUtils.ja
06-17 20:14:53.384  2516  3887 W ActivityTaskManager:   Force finishing activity com.rj.telegramdrive/.MainActivity
06-17 20:14:53.389  2516  3887 D MiuiFreeFormGestureController: deliverResultForFinishActivity resultTo: null resultFrom: ActivityRecord{c1afd88 u0 com.rj.telegramdrive/.MainActivity t1189 f}} isInVideoOrGameScene: false intent: Intent { act=android.intent.action.MAIN cat=[android.intent.category.LAUNCHER] flg=0x10200000 cmp=com.rj.telegramdrive/.MainActivity bnds=[331,748][435,852] }
06-17 20:14:53.389  2516  3887 D WindowManager: Collecting in transition 583: Task{9266a34 #1189 type=standard A=10768:com.rj.telegramdrive} init visibleRequested:true
06-17 20:14:53.389  2516  3887 D WindowManager: Collecting in transition 583: ActivityRecord{c1afd88 u0 com.rj.telegramdrive/.MainActivity t1189 f}} init visibleRequested:true
06-17 20:14:53.395  1745  2158 D misight : Execute start execute sql /data/miuilog/misight/event.db:select id,occured_cnt from event_info where event_id = '901001001' and version_id = '1' and param_list = '{"CrashType":"java.lang.SecurityException","CurrentTime":1781707493322,"Digest":"f4930ecf37d8b4a9069d6791d8bebcbd","Keyword":"{\"vn\":\"1.8.8\",\"vc\":\"1008008\",\"isRoot\":false,\"count\":1,\"preInstalled\":false,\"unfold\":false,\"ram\":6,\"rom\":128,\"dialog\":true}","PackageName":"com.rj.telegramdrive","Stacktrace":"java.lang.SecurityException: Permission Denial: reading com.android.providers.media.MediaDocumentsProvider uri content://com.android.providers.media.documents/document/image:1000138861 from pid=29189, uid=10768 requires that you obtain access using ACTION_OPEN_DOCUMENT or related APIs\n\tat android.os.Parcel.createExceptionOrNull(Parcel.java:3255)\n\tat android.os.Parcel.createException(Parcel.java:3239)\n\tat android.os.Parcel.readException(Parcel.java:3222)\n\tat android.database.DatabaseUtils.readExceptionFromParcel(DatabaseUtil
06-17 20:14:53.397  2516  2611 D WindowManager: wms.Focus not requested for window=Window{21b3cb6 u0 com.rj.telegramdrive/com.rj.telegramdrive.MainActivity} because it has no surface or is not focusable.
06-17 20:14:53.399  1745  2158 D misight : Execute start execute sql /data/miuilog/misight/event.db:insert into event_info (event_id,version_id,occured_cnt,first_time,param_list,expire,visible,time_id)  values ( 901001001,1,1,1781707493,'{"CrashType":"java.lang.SecurityException","CurrentTime":1781707493322,"Digest":"f4930ecf37d8b4a9069d6791d8bebcbd","Keyword":"{\"vn\":\"1.8.8\",\"vc\":\"1008008\",\"isRoot\":false,\"count\":1,\"preInstalled\":false,\"unfold\":false,\"ram\":6,\"rom\":128,\"dialog\":true}","PackageName":"com.rj.telegramdrive","Stacktrace":"java.lang.SecurityException: Permission Denial: reading com.android.providers.media.MediaDocumentsProvider uri content://com.android.providers.media.documents/document/image:1000138861 from pid=29189, uid=10768 requires that you obtain access using ACTION_OPEN_DOCUMENT or related APIs\n\tat android.os.Parcel.createExceptionOrNull(Parcel.java:3255)\n\tat android.os.Parcel.createException(Parcel.java:3239)\n\tat android.os.Parcel.readException(Parcel.java:3222)\n\tat android.database.DatabaseUtils.read
06-17 20:14:53.406  1745  2158 D misight : Execute start execute sql /mnt/rescue/misight/event.db:select id,occured_cnt from event_info where event_id = '901001001' and version_id = '1' and param_list = '{"CrashType":"java.lang.SecurityException","CurrentTime":1781707493322,"Digest":"f4930ecf37d8b4a9069d6791d8bebcbd","Keyword":"{\"vn\":\"1.8.8\",\"vc\":\"1008008\",\"isRoot\":false,\"count\":1,\"preInstalled\":false,\"unfold\":false,\"ram\":6,\"rom\":128,\"dialog\":true}","PackageName":"com.rj.telegramdrive","Stacktrace":"java.lang.SecurityException: Permission Denial: reading com.android.providers.media.MediaDocumentsProvider uri content://com.android.providers.media.documents/document/image:1000138861 from pid=29189, uid=10768 requires that you obtain access using ACTION_OPEN_DOCUMENT or related APIs\n\tat android.os.Parcel.createExceptionOrNull(Parcel.java:3255)\n\tat android.os.Parcel.createException(Parcel.java:3239)\n\tat android.os.Parcel.readException(Parcel.java:3222)\n\tat android.database.DatabaseUtils.readExceptionFromParcel(DatabaseUtils.
06-17 20:14:53.408  1745  2158 D misight : Execute start execute sql /mnt/rescue/misight/event.db:insert into event_info (event_id,version_id,occured_cnt,first_time,param_list,expire,visible,time_id)  values ( 901001001,1,1,1781707493,'{"CrashType":"java.lang.SecurityException","CurrentTime":1781707493322,"Digest":"f4930ecf37d8b4a9069d6791d8bebcbd","Keyword":"{\"vn\":\"1.8.8\",\"vc\":\"1008008\",\"isRoot\":false,\"count\":1,\"preInstalled\":false,\"unfold\":false,\"ram\":6,\"rom\":128,\"dialog\":true}","PackageName":"com.rj.telegramdrive","Stacktrace":"java.lang.SecurityException: Permission Denial: reading com.android.providers.media.MediaDocumentsProvider uri content://com.android.providers.media.documents/document/image:1000138861 from pid=29189, uid=10768 requires that you obtain access using ACTION_OPEN_DOCUMENT or related APIs\n\tat android.os.Parcel.createExceptionOrNull(Parcel.java:3255)\n\tat android.os.Parcel.createException(Parcel.java:3239)\n\tat android.os.Parcel.readException(Parcel.java:3222)\n\tat android.database.DatabaseUtils.readEx
06-17 20:14:53.410  5537  5850 D MQSEventManager: send MSG_JUDGE_TRANSMISSION packageName com.rj.telegramdrive
06-17 20:14:53.417  3519  5345 E ActivityManagerWrapper:  mainTaskId=1189   userId=0   windowMode=1   baseIntent=Intent { act=android.intent.action.MAIN flag=270532608 cmp=ComponentInfo{com.rj.telegramdrive/com.rj.telegramdrive.MainActivity} }
06-17 20:14:53.424  3519  5345 D RecentsTaskLoader: reloadTasksData [TaskKey{id=1189, stackId=0, baseIntent=Intent { act=android.intent.action.MAIN cat=[android.intent.category.LAUNCHER] flg=0x10200000 cmp=com.rj.telegramdrive/.MainActivity }, userId=0, lastActiveTime=88930820, windowingMode=1, isThumbnailBlur=false, isAccessLocked=false, isScreening=false, topActivity=null, mHashCode=36345051}, title=Telegram Drive, titleDescription=Telegram Drive, bounds=null, isLaunchTarget=false, isStackTask=true, isSystemApp=false, isDockable=true, baseActivity=null, isLocked=false, mNeedHide=false, hasMultipleTasks=false, cti1Key=, cti2Key=] 
06-17 20:14:53.475  2516  3887 I WindowManager: WIN DEATH: Window{21b3cb6 u0 com.rj.telegramdrive/com.rj.telegramdrive.MainActivity}
06-17 20:14:53.475  2516  3887 W InputManager-JNI: Input channel object '21b3cb6 com.rj.telegramdrive/com.rj.telegramdrive.MainActivity (client)' was disposed without first being removed with the input manager!
06-17 20:14:53.476  2516  4364 I ImeTracker: com.rj.telegramdrive:cf91b5ca: onRequestHide at ORIGIN_SERVER reason HIDE_REMOVE_CLIENT fromUser false
06-17 20:14:53.477  2516  5872 I ActivityManager: Process com.rj.telegramdrive (pid 29189) has died: fg  TOP 
06-17 20:14:53.478  2516  4364 I ImeTracker: com.rj.telegramdrive:cf91b5ca: onCancelled at PHASE_SERVER_SHOULD_HIDE
06-17 20:14:53.515  2516  5872 D WindowManager: Collecting in transition 583: ActivityRecord{c1afd88 u0 com.rj.telegramdrive/.MainActivity t1189 f}} init visibleRequested:false
06-17 20:14:53.516  2516  5872 D WindowManager: Collecting in transition 583: ActivityRecord{c1afd88 u0 com.rj.telegramdrive/.MainActivity t1189 f}} init visibleRequested:false
06-17 20:14:53.536 12894 12905 I GST     : forePkg: com.teslacoilsw.launcher, preForePkg: com.rj.telegramdrive
06-17 20:14:53.537  6985 11648 I ProcessMonitor: onForegroundInfoChanged: ForegroundInfo{mForegroundPackageName='com.teslacoilsw.launcher', mForegroundUid=10733, mForegroundPid=5902, mLastForegroundPackageName='com.rj.telegramdrive', mLastForegroundUid=10768, mLastForegroundPid=29189, mMultiWindowForegroundPackageName='com.teslacoilsw.launcher', mMultiWindowForegroundUid=10733, mFlags=0}
06-17 20:14:53.540  7850 17432 D PerfEngineController: ForegroundInfo{mForegroundPackageName='com.teslacoilsw.launcher', mForegroundUid=10733, mForegroundPid=5902, mLastForegroundPackageName='com.rj.telegramdrive', mLastForegroundUid=10768, mLastForegroundPid=29189, mMultiWindowForegroundPackageName='com.teslacoilsw.launcher', mMultiWindowForegroundUid=10733, mFlags=0}
06-17 20:14:53.621  2516  2611 D WindowManager: Final targets: [Task{8af29dd #1 type=home}, Task{9266a34 #1189 type=standard A=10768:com.rj.telegramdrive}, WallpaperWindowToken{cafa9d4 token=android.os.Binder@df4327}, WallpaperWindowToken{94e0f0e token=android.os.Binder@5337109}]
06-17 20:14:53.626  2516  2611 D WindowManager: Calling onTransitionReady info={id=583 t=CLOSE f=0x10 trk=0 opt={t=FROM_STYLE} r=[0@Point(0, 0)] c=[{WCT{RemoteToken{ff014ec Task{8af29dd #1 type=home}}} m=TO_FRONT f=SHOW_WALLPAPER|MOVE_TO_TOP leash=Surface(name=Task=1#47)/@0xbb609b4 sb=Rect(0, 0 - 1080, 2460) eb=Rect(0, 0 - 1080, 2460) d=0 taskParent=-1 v=true},{WCT{RemoteToken{da476c9 Task{9266a34 #1189 type=standard A=10768:com.rj.telegramdrive}}} m=CLOSE f=NONE leash=Surface(name=Task=1189#6142)/@0x3b14907 sb=Rect(0, 0 - 1080, 2460) eb=Rect(0, 0 - 1080, 2460) d=0 taskParent=-1 v=false},{null m=TO_FRONT f=IS_WALLPAPER leash=Surface(name=WallpaperWindowToken{cafa9d4 token=android.os.Binder@df4327}#55)/@0xa82177d sb=Rect(0, 0 - 1080, 2460) eb=Rect(0, 0 - 1080, 2460) d=0 v=true},{null m=TO_FRONT f=IS_WALLPAPER|IS_OCCLUDED leash=Surface(name=WallpaperWindowToken{94e0f0e token=android.os.Binder@5337109}#54)/@0x1a6dd2f sb=Rect(0, 0 - 1080, 2460) eb=Rect(0, 0 - 1080, 2460) d=0 v=true}] mk=[false] noAni=[false] df=[false] rsa=[false] oa=[false] nc=[0] sa=[false] ho=[false] iSync=[-1]}, mToken=Token{f7ebe96 TransitionRecord{2de4e3 id=583 type=CLOSE flags=0x10}}
06-17 20:14:53.629  2516  2611 E WindowManager:  source = Task{9266a34 #1189 type=standard A=10768:com.rj.telegramdrive} excludeMiuiNavBar = true excludeMiuiStatusBar = true excludeIme = false excludeNavBar = true miuiNavSurfaceControl = Surface(name=Miui Fake NavBar#51)/@0xdcfe35e miuiStatusSurfaceControl = Surface(name=Miui Fake StatusBar#50)/@0x20f2be3
06-17 20:14:53.652  2516  2611 D WindowManager: snapshot isNothing = false source = Task{9266a34 #1189 type=standard A=10768:com.rj.telegramdrive}
06-17 20:14:53.676  3519  5345 E ActivityManagerWrapper:  mainTaskId=1189   userId=0   windowMode=1   baseIntent=Intent { act=android.intent.action.MAIN flag=270532608 cmp=ComponentInfo{com.rj.telegramdrive/com.rj.telegramdrive.MainActivity} }
06-17 20:14:53.677  3519  5345 D RecentsTaskLoader: reloadTasksData [TaskKey{id=1189, stackId=0, baseIntent=Intent { act=android.intent.action.MAIN cat=[android.intent.category.LAUNCHER] flg=0x10200000 cmp=com.rj.telegramdrive/.MainActivity }, userId=0, lastActiveTime=88930820, windowingMode=1, isThumbnailBlur=false, isAccessLocked=false, isScreening=false, topActivity=null, mHashCode=36345051}, title=Telegram Drive, titleDescription=Telegram Drive, bounds=null, isLaunchTarget=false, isStackTask=true, isSystemApp=false, isDockable=true, baseActivity=null, isLocked=false, mNeedHide=false, hasMultipleTasks=false, cti1Key=, cti2Key=] 
06-17 20:14:53.888  2516  2610 W ActivityTaskManager: Activity top resumed state loss timeout for ActivityRecord{c1afd88 u0 com.rj.telegramdrive/.MainActivity t1189 f} isExiting}
06-17 20:14:53.982  2516  2732 E WindowManager: setClientVisible ActivityRecord{c1afd88 u0 com.rj.telegramdrive/.MainActivity t1189 f} isExiting} false
06-17 20:14:53.988  2516  2732 W WindowManager: Exception thrown during dispatchAppVisibility Window{21b3cb6 u0 com.rj.telegramdrive/com.rj.telegramdrive.MainActivity EXITING}
06-17 20:14:53.990  2516  2732 I Transition: finishTransition: updateLastSurfacePosition tf=Task{9266a34 #1189 type=standard A=10768:com.rj.telegramdrive}
06-17 20:14:53.996  2516  2732 D WindowManager: setLockTaskAuth: task=Task{9266a34 #1189 type=standard A=10768:com.rj.telegramdrive} mLockTaskAuth=LOCK_TASK_AUTH_PINNABLE
06-17 20:14:54.014  3519  5345 E ActivityManagerWrapper:  mainTaskId=1189   userId=0   windowMode=1   baseIntent=Intent { act=android.intent.action.MAIN flag=270532608 cmp=ComponentInfo{com.rj.telegramdrive/com.rj.telegramdrive.MainActivity} }
06-17 20:14:54.020  3519  5345 D RecentsTaskLoader: reloadTasksData [TaskKey{id=1189, stackId=0, baseIntent=Intent { act=android.intent.action.MAIN cat=[android.intent.category.LAUNCHER] flg=0x10200000 cmp=com.rj.telegramdrive/.MainActivity }, userId=0, lastActiveTime=88930820, windowingMode=1, isThumbnailBlur=false, isAccessLocked=false, isScreening=false, topActivity=null, mHashCode=36345051}, title=Telegram Drive, titleDescription=Telegram Drive, bounds=null, isLaunchTarget=false, isStackTask=true, isSystemApp=false, isDockable=true, baseActivity=null, isLocked=false, mNeedHide=false, hasMultipleTasks=false, cti1Key=, cti2Key=] 
06-17 20:14:54.063  3519  5345 E ActivityManagerWrapper:  mainTaskId=1189   userId=0   windowMode=1   baseIntent=Intent { act=android.intent.action.MAIN flag=270532608 cmp=ComponentInfo{com.rj.telegramdrive/com.rj.telegramdrive.MainActivity} }
06-17 20:14:54.066  3519  5345 D RecentsTaskLoader: reloadTasksData [TaskKey{id=1189, stackId=0, baseIntent=Intent { act=android.intent.action.MAIN cat=[android.intent.category.LAUNCHER] flg=0x10200000 cmp=com.rj.telegramdrive/.MainActivity }, userId=0, lastActiveTime=88930820, windowingMode=1, isThumbnailBlur=false, isAccessLocked=false, isScreening=false, topActivity=null, mHashCode=36345051}, title=Telegram Drive, titleDescription=Telegram Drive, bounds=null, isLaunchTarget=false, isStackTask=true, isSystemApp=false, isDockable=true, baseActivity=null, isLocked=false, mNeedHide=false, hasMultipleTasks=false, cti1Key=, cti2Key=] 
06-17 20:14:54.231 29522 29552 I SmartAppAssistant: ExceptionManager match exception type failed for com.rj.telegramdrive
06-17 20:14:58.638  3519  5345 E ActivityManagerWrapper:  mainTaskId=1189   userId=0   windowMode=1   baseIntent=Intent { act=android.intent.action.MAIN flag=270532608 cmp=ComponentInfo{com.rj.telegramdrive/com.rj.telegramdrive.MainActivity} }
06-17 20:14:58.657  3519  5345 D RecentsTaskLoader: reloadTasksData [TaskKey{id=1189, stackId=0, baseIntent=Intent { act=android.intent.action.MAIN cat=[android.intent.category.LAUNCHER] flg=0x10200000 cmp=com.rj.telegramdrive/.MainActivity }, userId=0, lastActiveTime=88930820, windowingMode=1, isThumbnailBlur=false, isAccessLocked=false, isScreening=false, topActivity=null, mHashCode=36345051}, title=Telegram Drive, titleDescription=Telegram Drive, bounds=null, isLaunchTarget=false, isStackTask=true, isSystemApp=false, isDockable=true, baseActivity=null, isLocked=false, mNeedHide=false, hasMultipleTasks=false, cti1Key=, cti2Key=] 
06-17 20:14:58.717  3519  5345 E ActivityManagerWrapper:  mainTaskId=1189   userId=0   windowMode=1   baseIntent=Intent { act=android.intent.action.MAIN flag=270532608 cmp=ComponentInfo{com.rj.telegramdrive/com.rj.telegramdrive.MainActivity} }
06-17 20:14:58.728  3519  5345 D RecentsTaskLoader: reloadTasksData [TaskKey{id=1189, stackId=0, baseIntent=Intent { act=android.intent.action.MAIN cat=[android.intent.category.LAUNCHER] flg=0x10200000 cmp=com.rj.telegramdrive/.MainActivity }, userId=0, lastActiveTime=88930820, windowingMode=1, isThumbnailBlur=false, isAccessLocked=false, isScreening=false, topActivity=null, mHashCode=36345051}, title=Telegram Drive, titleDescription=Telegram Drive, bounds=null, isLaunchTarget=false, isStackTask=true, isSystemApp=false, isDockable=true, baseActivity=null, isLocked=false, mNeedHide=false, hasMultipleTasks=false, cti1Key=, cti2Key=] 
06-17 20:14:58.957  3519  5345 E ActivityManagerWrapper:  mainTaskId=1189   userId=0   windowMode=1   baseIntent=Intent { act=android.intent.action.MAIN flag=270532608 cmp=ComponentInfo{com.rj.telegramdrive/com.rj.telegramdrive.MainActivity} }
06-17 20:14:58.970  3519  5345 D RecentsTaskLoader: reloadTasksData [TaskKey{id=1189, stackId=0, baseIntent=Intent { act=android.intent.action.MAIN cat=[android.intent.category.LAUNCHER] flg=0x10200000 cmp=com.rj.telegramdrive/.MainActivity }, userId=0, lastActiveTime=88930820, windowingMode=1, isThumbnailBlur=false, isAccessLocked=false, isScreening=false, topActivity=null, mHashCode=36345051}, title=Telegram Drive, titleDescription=Telegram Drive, bounds=null, isLaunchTarget=false, isStackTask=true, isSystemApp=false, isDockable=true, baseActivity=null, isLocked=false, mNeedHide=false, hasMultipleTasks=false, cti1Key=, cti2Key=] 
06-17 20:14:59.318  3519  5345 E ActivityManagerWrapper:  mainTaskId=1189   userId=0   windowMode=1   baseIntent=Intent { act=android.intent.action.MAIN flag=270532608 cmp=ComponentInfo{com.rj.telegramdrive/com.rj.telegramdrive.MainActivity} }
06-17 20:14:59.339  3519  5345 D RecentsTaskLoader: reloadTasksData [TaskKey{id=1189, stackId=0, baseIntent=Intent { act=android.intent.action.MAIN cat=[android.intent.category.LAUNCHER] flg=0x10200000 cmp=com.rj.telegramdrive/.MainActivity }, userId=0, lastActiveTime=88930820, windowingMode=1, isThumbnailBlur=false, isAccessLocked=false, isScreening=false, topActivity=null, mHashCode=36345051}, title=Telegram Drive, titleDescription=Telegram Drive, bounds=null, isLaunchTarget=false, isStackTask=true, isSystemApp=false, isDockable=true, baseActivity=null, isLocked=false, mNeedHide=false, hasMultipleTasks=false, cti1Key=, cti2Key=] 
06-17 20:14:59.765  3519  5345 E ActivityManagerWrapper:  mainTaskId=1189   userId=0   windowMode=1   baseIntent=Intent { act=android.intent.action.MAIN flag=270532608 cmp=ComponentInfo{com.rj.telegramdrive/com.rj.telegramdrive.MainActivity} }
06-17 20:14:59.812  3519  5345 D RecentsTaskLoader: reloadTasksData [TaskKey{id=1189, stackId=0, baseIntent=Intent { act=android.intent.action.MAIN cat=[android.intent.category.LAUNCHER] flg=0x10200000 cmp=com.rj.telegramdrive/.MainActivity }, userId=0, lastActiveTime=88930820, windowingMode=1, isThumbnailBlur=false, isAccessLocked=false, isScreening=false, topActivity=null, mHashCode=36345051}, title=Telegram Drive, titleDescription=Telegram Drive, bounds=null, isLaunchTarget=false, isStackTask=true, isSystemApp=false, isDockable=true, baseActivity=null, isLocked=false, mNeedHide=false, hasMultipleTasks=false, cti1Key=, cti2Key=] 
06-17 20:14:59.838  3519  5345 E ActivityManagerWrapper:  mainTaskId=1189   userId=0   windowMode=1   baseIntent=Intent { act=android.intent.action.MAIN flag=270532608 cmp=ComponentInfo{com.rj.telegramdrive/com.rj.telegramdrive.MainActivity} }
06-17 20:14:59.847  3519  3564 W com.miui.home: ApkAssets: Deleting an ApkAssets object '<empty> and /data/app/~~wiy2uiz1VgMZNNkKw8VaWw==/com.rj.telegramdrive-UNYmKsppOUo5q5Ql4AIOFg==/base.apk' with 1 weak references
06-17 20:14:59.857  3519  5345 D RecentsTaskLoader: reloadTasksData [TaskKey{id=1189, stackId=0, baseIntent=Intent { act=android.intent.action.MAIN cat=[android.intent.category.LAUNCHER] flg=0x10200000 cmp=com.rj.telegramdrive/.MainActivity }, userId=0, lastActiveTime=88930820, windowingMode=1, isThumbnailBlur=false, isAccessLocked=false, isScreening=false, topActivity=null, mHashCode=36345051}, title=Telegram Drive, titleDescription=Telegram Drive, bounds=null, isLaunchTarget=false, isStackTask=true, isSystemApp=false, isDockable=true, baseActivity=null, isLocked=false, mNeedHide=false, hasMultipleTasks=false, cti1Key=, cti2Key=] 
06-17 20:15:00.015  3519  5345 E ActivityManagerWrapper:  mainTaskId=1189   userId=0   windowMode=1   baseIntent=Intent { act=android.intent.action.MAIN flag=270532608 cmp=ComponentInfo{com.rj.telegramdrive/com.rj.telegramdrive.MainActivity} }
06-17 20:15:00.027  3519  5345 D RecentsTaskLoader: reloadTasksData [TaskKey{id=1189, stackId=0, baseIntent=Intent { act=android.intent.action.MAIN cat=[android.intent.category.LAUNCHER] flg=0x10200000 cmp=com.rj.telegramdrive/.MainActivity }, userId=0, lastActiveTime=88930820, windowingMode=1, isThumbnailBlur=false, isAccessLocked=false, isScreening=false, topActivity=null, mHashCode=36345051}, title=Telegram Drive, titleDescription=Telegram Drive, bounds=null, isLaunchTarget=false, isStackTask=true, isSystemApp=false, isDockable=true, baseActivity=null, isLocked=false, mNeedHide=false, hasMultipleTasks=false, cti1Key=, cti2Key=] 
06-17 20:15:00.139  3519  5345 E ActivityManagerWrapper:  mainTaskId=1189   userId=0   windowMode=1   baseIntent=Intent { act=android.intent.action.MAIN flag=270532608 cmp=ComponentInfo{com.rj.telegramdrive/com.rj.telegramdrive.MainActivity} }
06-17 20:15:00.145  3519  5345 D RecentsTaskLoader: reloadTasksData [TaskKey{id=1189, stackId=0, baseIntent=Intent { act=android.intent.action.MAIN cat=[android.intent.category.LAUNCHER] flg=0x10200000 cmp=com.rj.telegramdrive/.MainActivity }, userId=0, lastActiveTime=88930820, windowingMode=1, isThumbnailBlur=false, isAccessLocked=false, isScreening=false, topActivity=null, mHashCode=36345051}, title=Telegram Drive, titleDescription=Telegram Drive, bounds=null, isLaunchTarget=false, isStackTask=true, isSystemApp=false, isDockable=true, baseActivity=null, isLocked=false, mNeedHide=false, hasMultipleTasks=false, cti1Key=, cti2Key=] 
06-17 20:15:00.152  3519  3519 D TaskView: TaskView bind task, task=[TaskKey{id=1189, stackId=0, baseIntent=Intent { act=android.intent.action.MAIN cat=[android.intent.category.LAUNCHER] flg=0x10200000 cmp=com.rj.telegramdrive/.MainActivity }, userId=0, lastActiveTime=88930820, windowingMode=1, isThumbnailBlur=false, isAccessLocked=false, isScreening=false, topActivity=null, mHashCode=36345051}, title=Telegram Drive, titleDescription=Telegram Drive, bounds=null, isLaunchTarget=false, isStackTask=true, isSystemApp=false, isDockable=true, baseActivity=null, isLocked=false, mNeedHide=false, hasMultipleTasks=false, cti1Key=, cti2Key=] , isLock=false, is9_1Task= false
06-17 20:15:00.152  3519  3519 D TaskViewThumbnail: setThumbnail, t=[TaskKey{id=1189, stackId=0, baseIntent=Intent { act=android.intent.action.MAIN cat=[android.intent.category.LAUNCHER] flg=0x10200000 cmp=com.rj.telegramdrive/.MainActivity }, userId=0, lastActiveTime=88930820, windowingMode=1, isThumbnailBlur=false, isAccessLocked=false, isScreening=false, topActivity=null, mHashCode=36345051}, title=Telegram Drive, titleDescription=Telegram Drive, bounds=null, isLaunchTarget=false, isStackTask=true, isSystemApp=false, isDockable=true, baseActivity=null, isLocked=false, mNeedHide=false, hasMultipleTasks=false, cti1Key=, cti2Key=] , mThumbnailInfo=TaskThumbnailInfo{isSnapshotInvalidate=false}, mThumbnailBitmapRect=Rect(0, 0 - 1080, 2330)
06-17 20:15:00.152  3519  3519 D TaskViewThumbnail: updateThumbnailScale, t=[TaskKey{id=1189, stackId=0, baseIntent=Intent { act=android.intent.action.MAIN cat=[android.intent.category.LAUNCHER] flg=0x10200000 cmp=com.rj.telegramdrive/.MainActivity }, userId=0, lastActiveTime=88930820, windowingMode=1, isThumbnailBlur=false, isAccessLocked=false, isScreening=false, topActivity=null, mHashCode=36345051}, title=Telegram Drive, titleDescription=Telegram Drive, bounds=null, isLaunchTarget=false, isStackTask=true, isSystemApp=false, isDockable=true, baseActivity=null, isLocked=false, mNeedHide=false, hasMultipleTasks=false, cti1Key=, cti2Key=] , mThumbnailBitmapSizeAfterScaled=(432, 932)
06-17 20:15:00.154  3519  3519 D TaskView: TaskView bind task, task=[TaskKey{id=1189, stackId=0, baseIntent=Intent { act=android.intent.action.MAIN cat=[android.intent.category.LAUNCHER] flg=0x10200000 cmp=com.rj.telegramdrive/.MainActivity }, userId=0, lastActiveTime=88930820, windowingMode=1, isThumbnailBlur=false, isAccessLocked=false, isScreening=false, topActivity=null, mHashCode=36345051}, title=Telegram Drive, titleDescription=Telegram Drive, bounds=null, isLaunchTarget=false, isStackTask=true, isSystemApp=false, isDockable=true, baseActivity=null, isLocked=false, mNeedHide=false, hasMultipleTasks=false, cti1Key=, cti2Key=] , isLock=false, is9_1Task= false
06-17 20:15:00.154  3519  3519 D TaskViewThumbnail: setThumbnail, t=[TaskKey{id=1189, stackId=0, baseIntent=Intent { act=android.intent.action.MAIN cat=[android.intent.category.LAUNCHER] flg=0x10200000 cmp=com.rj.telegramdrive/.MainActivity }, userId=0, lastActiveTime=88930820, windowingMode=1, isThumbnailBlur=false, isAccessLocked=false, isScreening=false, topActivity=null, mHashCode=36345051}, title=Telegram Drive, titleDescription=Telegram Drive, bounds=null, isLaunchTarget=false, isStackTask=true, isSystemApp=false, isDockable=true, baseActivity=null, isLocked=false, mNeedHide=false, hasMultipleTasks=false, cti1Key=, cti2Key=] , mThumbnailInfo=TaskThumbnailInfo{isSnapshotInvalidate=false}, mThumbnailBitmapRect=Rect(0, 0 - 1080, 2330)
06-17 20:15:00.154  3519  3519 D TaskViewThumbnail: updateThumbnailScale, t=[TaskKey{id=1189, stackId=0, baseIntent=Intent { act=android.intent.action.MAIN cat=[android.intent.category.LAUNCHER] flg=0x10200000 cmp=com.rj.telegramdrive/.MainActivity }, userId=0, lastActiveTime=88930820, windowingMode=1, isThumbnailBlur=false, isAccessLocked=false, isScreening=false, topActivity=null, mHashCode=36345051}, title=Telegram Drive, titleDescription=Telegram Drive, bounds=null, isLaunchTarget=false, isStackTask=true, isSystemApp=false, isDockable=true, baseActivity=null, isLocked=false, mNeedHide=false, hasMultipleTasks=false, cti1Key=, cti2Key=] , mThumbnailBitmapSizeAfterScaled=(432, 932)
06-17 20:15:00.203  3519  3519 D TaskView: TaskView bind task, task=[TaskKey{id=1189, stackId=0, baseIntent=Intent { act=android.intent.action.MAIN cat=[android.intent.category.LAUNCHER] flg=0x10200000 cmp=com.rj.telegramdrive/.MainActivity }, userId=0, lastActiveTime=88930820, windowingMode=1, isThumbnailBlur=false, isAccessLocked=false, isScreening=false, topActivity=null, mHashCode=36345051}, title=Telegram Drive, titleDescription=Telegram Drive, bounds=null, isLaunchTarget=false, isStackTask=true, isSystemApp=false, isDockable=true, baseActivity=null, isLocked=false, mNeedHide=false, hasMultipleTasks=false, cti1Key=, cti2Key=] , isLock=false, is9_1Task= false
06-17 20:15:00.204  3519  3519 D TaskViewThumbnail: setThumbnail, clearThumbnail, t=[TaskKey{id=1189, stackId=0, baseIntent=Intent { act=android.intent.action.MAIN cat=[android.intent.category.LAUNCHER] flg=0x10200000 cmp=com.rj.telegramdrive/.MainActivity }, userId=0, lastActiveTime=88930820, windowingMode=1, isThumbnailBlur=false, isAccessLocked=false, isScreening=false, topActivity=null, mHashCode=36345051}, title=Telegram Drive, titleDescription=Telegram Drive, bounds=null, isLaunchTarget=false, isStackTask=true, isSystemApp=false, isDockable=true, baseActivity=null, isLocked=false, mNeedHide=false, hasMultipleTasks=false, cti1Key=, cti2Key=] , bm=null, thumbnailInfo=null
06-17 20:15:00.273  3519  5345 E ActivityManagerWrapper:  mainTaskId=1189   userId=0   windowMode=1   baseIntent=Intent { act=android.intent.action.MAIN flag=270532608 cmp=ComponentInfo{com.rj.telegramdrive/com.rj.telegramdrive.MainActivity} }
06-17 20:15:00.292  3519  5345 D RecentsTaskLoader: reloadTasksData [TaskKey{id=1189, stackId=0, baseIntent=Intent { act=android.intent.action.MAIN cat=[android.intent.category.LAUNCHER] flg=0x10200000 cmp=com.rj.telegramdrive/.MainActivity }, userId=0, lastActiveTime=88930820, windowingMode=1, isThumbnailBlur=false, isAccessLocked=false, isScreening=false, topActivity=null, mHashCode=36345051}, title=Telegram Drive, titleDescription=Telegram Drive, bounds=null, isLaunchTarget=false, isStackTask=true, isSystemApp=false, isDockable=true, baseActivity=null, isLocked=false, mNeedHide=false, hasMultipleTasks=false, cti1Key=, cti2Key=] 
06-17 20:15:00.493  3519  3519 D TaskViewThumbnail: setThumbnail, t=[TaskKey{id=1189, stackId=0, baseIntent=Intent { act=android.intent.action.MAIN cat=[android.intent.category.LAUNCHER] flg=0x10200000 cmp=com.rj.telegramdrive/.MainActivity }, userId=0, lastActiveTime=88930820, windowingMode=1, isThumbnailBlur=false, isAccessLocked=false, isScreening=false, topActivity=null, mHashCode=36345051}, title=Telegram Drive, titleDescription=Telegram Drive, bounds=null, isLaunchTarget=false, isStackTask=true, isSystemApp=false, isDockable=true, baseActivity=null, isLocked=false, mNeedHide=false, hasMultipleTasks=false, cti1Key=, cti2Key=] , mThumbnailInfo=TaskThumbnailInfo{isSnapshotInvalidate=false}, mThumbnailBitmapRect=Rect(0, 0 - 1080, 2330)
06-17 20:15:00.493  3519  3519 D TaskViewThumbnail: updateThumbnailScale, t=[TaskKey{id=1189, stackId=0, baseIntent=Intent { act=android.intent.action.MAIN cat=[android.intent.category.LAUNCHER] flg=0x10200000 cmp=com.rj.telegramdrive/.MainActivity }, userId=0, lastActiveTime=88930820, windowingMode=1, isThumbnailBlur=false, isAccessLocked=false, isScreening=false, topActivity=null, mHashCode=36345051}, title=Telegram Drive, titleDescription=Telegram Drive, bounds=null, isLaunchTarget=false, isStackTask=true, isSystemApp=false, isDockable=true, baseActivity=null, isLocked=false, mNeedHide=false, hasMultipleTasks=false, cti1Key=, cti2Key=] , mThumbnailBitmapSizeAfterScaled=(432, 932)
06-17 20:15:00.559  3519  3564 W com.miui.home: ApkAssets: Deleting an ApkAssets object '<empty> and /data/app/~~wiy2uiz1VgMZNNkKw8VaWw==/com.rj.telegramdrive-UNYmKsppOUo5q5Ql4AIOFg==/base.apk' with 1 weak references
06-17 20:15:00.563  3519  5345 E ActivityManagerWrapper:  mainTaskId=1189   userId=0   windowMode=1   baseIntent=Intent { act=android.intent.action.MAIN flag=270532608 cmp=ComponentInfo{com.rj.telegramdrive/com.rj.telegramdrive.MainActivity} }
06-17 20:15:00.574  3519  5345 E ActivityManagerWrapper:  mainTaskId=1189   userId=0   windowMode=1   baseIntent=Intent { act=android.intent.action.MAIN flag=270532608 cmp=ComponentInfo{com.rj.telegramdrive/com.rj.telegramdrive.MainActivity} }
06-17 20:15:00.612  3519  5345 D RecentsTaskLoader: reloadTasksData [TaskKey{id=1189, stackId=0, baseIntent=Intent { act=android.intent.action.MAIN cat=[android.intent.category.LAUNCHER] flg=0x10200000 cmp=com.rj.telegramdrive/.MainActivity }, userId=0, lastActiveTime=88930820, windowingMode=1, isThumbnailBlur=false, isAccessLocked=false, isScreening=false, topActivity=null, mHashCode=36345051}, title=Telegram Drive, titleDescription=Telegram Drive, bounds=null, isLaunchTarget=false, isStackTask=true, isSystemApp=false, isDockable=true, baseActivity=null, isLocked=false, mNeedHide=false, hasMultipleTasks=false, cti1Key=, cti2Key=] 
06-17 20:15:00.612  3519  5345 D RecentsTaskLoader: reloadTasksData [TaskKey{id=1189, stackId=0, baseIntent=Intent { act=android.intent.action.MAIN cat=[android.intent.category.LAUNCHER] flg=0x10200000 cmp=com.rj.telegramdrive/.MainActivity }, userId=0, lastActiveTime=88930820, windowingMode=1, isThumbnailBlur=false, isAccessLocked=false, isScreening=false, topActivity=null, mHashCode=36345051}, title=Telegram Drive, titleDescription=Telegram Drive, bounds=null, isLaunchTarget=false, isStackTask=true, isSystemApp=false, isDockable=true, baseActivity=null, isLocked=false, mNeedHide=false, hasMultipleTasks=false, cti1Key=, cti2Key=] 
06-17 20:15:01.208  3519  5345 E ActivityManagerWrapper:  mainTaskId=1189   userId=0   windowMode=1   baseIntent=Intent { act=android.intent.action.MAIN flag=270532608 cmp=ComponentInfo{com.rj.telegramdrive/com.rj.telegramdrive.MainActivity} }
06-17 20:15:01.210  3519  5345 D RecentsTaskLoader: reloadTasksData [TaskKey{id=1189, stackId=0, baseIntent=Intent { act=android.intent.action.MAIN cat=[android.intent.category.LAUNCHER] flg=0x10200000 cmp=com.rj.telegramdrive/.MainActivity }, userId=0, lastActiveTime=88930820, windowingMode=1, isThumbnailBlur=false, isAccessLocked=false, isScreening=false, topActivity=null, mHashCode=36345051}, title=Telegram Drive, titleDescription=Telegram Drive, bounds=null, isLaunchTarget=false, isStackTask=true, isSystemApp=false, isDockable=true, baseActivity=null, isLocked=false, mNeedHide=false, hasMultipleTasks=false, cti1Key=, cti2Key=] 
06-17 20:15:01.273  3519  5345 E ActivityManagerWrapper:  mainTaskId=1189   userId=0   windowMode=1   baseIntent=Intent { act=android.intent.action.MAIN flag=270532608 cmp=ComponentInfo{com.rj.telegramdrive/com.rj.telegramdrive.MainActivity} }
06-17 20:15:01.275  3519  5345 D RecentsTaskLoader: reloadTasksData [TaskKey{id=1189, stackId=0, baseIntent=Intent { act=android.intent.action.MAIN cat=[android.intent.category.LAUNCHER] flg=0x10200000 cmp=com.rj.telegramdrive/.MainActivity }, userId=0, lastActiveTime=88930820, windowingMode=1, isThumbnailBlur=false, isAccessLocked=false, isScreening=false, topActivity=null, mHashCode=36345051}, title=Telegram Drive, titleDescription=Telegram Drive, bounds=null, isLaunchTarget=false, isStackTask=true, isSystemApp=false, isDockable=true, baseActivity=null, isLocked=false, mNeedHide=false, hasMultipleTasks=false, cti1Key=, cti2Key=] 
06-17 20:15:01.298  3519  5345 E ActivityManagerWrapper:  mainTaskId=1189   userId=0   windowMode=1   baseIntent=Intent { act=android.intent.action.MAIN flag=270532608 cmp=ComponentInfo{com.rj.telegramdrive/com.rj.telegramdrive.MainActivity} }
06-17 20:15:01.300  3519  5345 D RecentsTaskLoader: reloadTasksData [TaskKey{id=1189, stackId=0, baseIntent=Intent { act=android.intent.action.MAIN cat=[android.intent.category.LAUNCHER] flg=0x10200000 cmp=com.rj.telegramdrive/.MainActivity }, userId=0, lastActiveTime=88930820, windowingMode=1, isThumbnailBlur=false, isAccessLocked=false, isScreening=false, topActivity=null, mHashCode=36345051}, title=Telegram Drive, titleDescription=Telegram Drive, bounds=null, isLaunchTarget=false, isStackTask=true, isSystemApp=false, isDockable=true, baseActivity=null, isLocked=false, mNeedHide=false, hasMultipleTasks=false, cti1Key=, cti2Key=] 
06-17 20:15:01.427  3519  5345 E ActivityManagerWrapper:  mainTaskId=1189   userId=0   windowMode=1   baseIntent=Intent { act=android.intent.action.MAIN flag=270532608 cmp=ComponentInfo{com.rj.telegramdrive/com.rj.telegramdrive.MainActivity} }
06-17 20:15:01.431  3519  5345 D RecentsTaskLoader: reloadTasksData [TaskKey{id=1189, stackId=0, baseIntent=Intent { act=android.intent.action.MAIN cat=[android.intent.category.LAUNCHER] flg=0x10200000 cmp=com.rj.telegramdrive/.MainActivity }, userId=0, lastActiveTime=88930820, windowingMode=1, isThumbnailBlur=false, isAccessLocked=false, isScreening=false, topActivity=null, mHashCode=36345051}, title=Telegram Drive, titleDescription=Telegram Drive, bounds=null, isLaunchTarget=false, isStackTask=true, isSystemApp=false, isDockable=true, baseActivity=null, isLocked=false, mNeedHide=false, hasMultipleTasks=false, cti1Key=, cti2Key=] 
06-17 20:15:01.494  3519  5345 E ActivityManagerWrapper:  mainTaskId=1189   userId=0   windowMode=1   baseIntent=Intent { act=android.intent.action.MAIN flag=270532608 cmp=ComponentInfo{com.rj.telegramdrive/com.rj.telegramdrive.MainActivity} }
06-17 20:15:01.502  3519  5345 E ActivityManagerWrapper:  mainTaskId=1189   userId=0   windowMode=1   baseIntent=Intent { act=android.intent.action.MAIN flag=270532608 cmp=ComponentInfo{com.rj.telegramdrive/com.rj.telegramdrive.MainActivity} }
06-17 20:15:01.503  3519  5345 D RecentsTaskLoader: reloadTasksData [TaskKey{id=1189, stackId=0, baseIntent=Intent { act=android.intent.action.MAIN cat=[android.intent.category.LAUNCHER] flg=0x10200000 cmp=com.rj.telegramdrive/.MainActivity }, userId=0, lastActiveTime=88930820, windowingMode=1, isThumbnailBlur=false, isAccessLocked=false, isScreening=false, topActivity=null, mHashCode=36345051}, title=Telegram Drive, titleDescription=Telegram Drive, bounds=null, isLaunchTarget=false, isStackTask=true, isSystemApp=false, isDockable=true, baseActivity=null, isLocked=false, mNeedHide=false, hasMultipleTasks=false, cti1Key=, cti2Key=] 
06-17 20:15:01.504  3519  5345 D RecentsTaskLoader: reloadTasksData [TaskKey{id=1189, stackId=0, baseIntent=Intent { act=android.intent.action.MAIN cat=[android.intent.category.LAUNCHER] flg=0x10200000 cmp=com.rj.telegramdrive/.MainActivity }, userId=0, lastActiveTime=88930820, windowingMode=1, isThumbnailBlur=false, isAccessLocked=false, isScreening=false, topActivity=null, mHashCode=36345051}, title=Telegram Drive, titleDescription=Telegram Drive, bounds=null, isLaunchTarget=false, isStackTask=true, isSystemApp=false, isDockable=true, baseActivity=null, isLocked=false, mNeedHide=false, hasMultipleTasks=false, cti1Key=, cti2Key=] 
06-17 20:15:02.333  3519  5345 E ActivityManagerWrapper:  mainTaskId=1189   userId=0   windowMode=1   baseIntent=Intent { act=android.intent.action.MAIN flag=270532608 cmp=ComponentInfo{com.rj.telegramdrive/com.rj.telegramdrive.MainActivity} }
06-17 20:15:02.335  3519  5345 D RecentsTaskLoader: reloadTasksData [TaskKey{id=1189, stackId=0, baseIntent=Intent { act=android.intent.action.MAIN cat=[android.intent.category.LAUNCHER] flg=0x10200000 cmp=com.rj.telegramdrive/.MainActivity }, userId=0, lastActiveTime=88930820, windowingMode=1, isThumbnailBlur=false, isAccessLocked=false, isScreening=false, topActivity=null, mHashCode=36345051}, title=Telegram Drive, titleDescription=Telegram Drive, bounds=null, isLaunchTarget=false, isStackTask=true, isSystemApp=false, isDockable=true, baseActivity=null, isLocked=false, mNeedHide=false, hasMultipleTasks=false, cti1Key=, cti2Key=] 
06-17 20:15:03.550  2516  2732 W XSpaceManagerServiceImpl: checkXSpaceControl, from:com.teslacoilsw.launcher, to:com.rj.telegramdrive, with act:android.intent.action.MAIN, callingUserId:0, toUserId:0
06-17 20:15:03.561  2516  2732 E WindowManager: setClientVisible ActivityRecord{d5f10b u0 com.rj.telegramdrive/.MainActivity true
06-17 20:15:03.568  2516  2732 D WindowManager: Collecting in transition 588: ActivityRecord{d5f10b u0 com.rj.telegramdrive/.MainActivity t-1} init visibleRequested:false
06-17 20:15:03.571  2516  2732 D MiGgameTypeIdentificationImpl: checkIfGameBeSupported app:com.rj.telegramdrive
06-17 20:15:03.571  2516  2732 I WindowManager: When perf version exceed 2.3, MiGTStub result: false, gameType: 1, packageName: com.rj.telegramdrive
06-17 20:15:03.571  2516  2732 D MiGgameTypeIdentificationImpl: checkIfGameBeSupported app:com.rj.telegramdrive
06-17 20:15:03.580  2516  2732 D WindowManager: setLockTaskAuth: task=Task{77092e7 #1191 type=standard A=10768:com.rj.telegramdrive} mLockTaskAuth=LOCK_TASK_AUTH_PINNABLE
06-17 20:15:03.580  2516  2732 D WindowManager: Collecting in transition 588: Task{77092e7 #1191 type=standard A=10768:com.rj.telegramdrive} init visibleRequested:false
06-17 20:15:03.582  2516  2732 D WindowManager: setLockTaskAuth: task=Task{77092e7 #1191 type=standard A=10768:com.rj.telegramdrive} mLockTaskAuth=LOCK_TASK_AUTH_PINNABLE
06-17 20:15:03.583  2516  2732 D MiuiFreeFormManagerService: onStartActivityInner as = Task{77092e7 #1191 type=standard A=10768:com.rj.telegramdrive} op = ActivityOptions(4761906), mPackageName=com.teslacoilsw.launcher, mAnimationType=2, mStartX=331, mStartY=746, mWidth=541, mHeight=541, mLaunchDisplayId=-1, mLaunchBoundsnull, mElementSurfaceTransition = null, activityOptionsInjector=ActivityOptionsInjector={freeformScale: -1.0, miniFreeformMode: false, needAnimation: true, useCustomLaunchBounds:false}
06-17 20:15:03.584  2516  2732 I WindowManager: Try to add startingWindow type = STARTING_WINDOW_TYPE_SPLASH_SCREEN this = ActivityRecord{d5f10b u0 com.rj.telegramdrive/.MainActivity t1191} preAllowTaskSnapshot = true afterAllowTaskSnapshot = true newTask = true taskSwitch = true processRunning = false activityCreated = false activityAllDrawn = false isSnapshotCompatible = false resolvedTheme = 2131755636 theme = 2131755636
06-17 20:15:03.584  3400  3514 I DynamicDDSService: handleMessage(ACTIVITY_INVOKE{appInfo=com.rj.telegramdrive isFullScreen=}true)
06-17 20:15:03.587  2516  2732 D WindowManager: Collecting in transition 588: ActivityRecord{d5f10b u0 com.rj.telegramdrive/.MainActivity t1191} init visibleRequested:false
06-17 20:15:03.587  2516  2732 E WindowManager: setClientVisible ActivityRecord{d5f10b u0 com.rj.telegramdrive/.MainActivity t1191} true
06-17 20:15:03.590  2516  2732 D WindowManager: Collecting in transition 588: ActivityRecord{d5f10b u0 com.rj.telegramdrive/.MainActivity t1191} init visibleRequested:true
06-17 20:15:03.592  2516  2732 I ActivityTaskManager: START u0 {act=android.intent.action.MAIN cat=[android.intent.category.LAUNCHER] flg=0x10200000 cmp=com.rj.telegramdrive/.MainActivity bnds=[331,746][435,850]} with LAUNCH_SINGLE_TASK from uid 10733 from pid 5902 callingPackage com.teslacoilsw.launcher (BAL_ALLOW_VISIBLE_WINDOW) result code=0
